################################################################################
#                                                                              #
#      IAR Universal Linker V5.2.5.17                                          #
#                                                                              #
#           Link time     =  22/Dec/2014  10:06:46                             #
#           Target CPU    =  A90                                               #
#           List file     =  "D:\1307B\Masurare duty b\Debug\List\pr.map"      #
#           Output file 1 =  "D:\1307B\Masurare duty b\Debug\Exe\pr.d90"       #
#                            Format: debug                                     #
#                            UBROF version 10.0.6                              #
#                            Using library modules for C-SPY (-rt)             #
#           Command line  =  "D:\1307B\Masurare duty b\Debug\Obj\ir_printf.r90 #
#                            "                                                 #
#                            "D:\1307B\Masurare duty b\Debug\Obj\main.r90"     #
#                            "D:\1307B\Masurare duty b\Debug\Obj\usart.r90"    #
#                            -o "D:\1307B\Masurare duty b\Debug\Exe\pr.d90"    #
#                            -l "D:\1307B\Masurare duty b\Debug\List\pr.map"   #
#                            -xms                                              #
#                            "-IC:\Program Files (x86)\IAR Systems\Embedded Wo #
#                            rkbench 6.0\avr\LIB\"                             #
#                            -f                                                #
#                            "C:\Program Files (x86)\IAR Systems\Embedded Work #
#                            bench 6.0\avr\src\template\cfgm16.xcl"            #
#                            (-D_..X_INTVEC_SIZE=54 -D_..X_FLASH_NEND=3FFF     #
#                            -D_..X_FLASH_END=3FFF -D_..X_SRAM_BASE=60         #
#                            -D_..X_SRAM_TBASE=_..X_SRAM_BASE                  #
#                            -D_..X_SRAM_TSIZE=(100-_..X_SRAM_BASE)            #
#                            -D_..X_SRAM_END=45F                               #
#                            -D_..X_EXT_SRAM_BASE=_..X_SRAM_END                #
#                            -D_..X_EXT_SRAM_SIZE=0                            #
#                            -D_..X_EXT_ROM_BASE=_..X_SRAM_END                 #
#                            -D_..X_EXT_ROM_SIZE=0                             #
#                            -D_..X_EXT_NV_BASE=_..X_SRAM_END                  #
#                            -D_..X_EXT_NV_SIZE=0 -D_..X_EEPROM_END=1FF        #
#                            -D_..X_EEPROM_START=0) -D_..X_HEAP_SIZE=10        #
#                            -D_..X_TINY_HEAP_SIZE=0 -D_..X_NEAR_HEAP_SIZE=0   #
#                            -D_..X_FAR_HEAP_SIZE=0 -D_..X_HUGE_HEAP_SIZE=0    #
#                            -D_..X_CSTACK_SIZE=20 -D_..X_RSTACK_SIZE=20       #
#                            -D_..X_FLASH_CODE_END=_..X_FLASH_END -f           #
#                            "C:\Program Files (x86)\IAR Systems\Embedded Work #
#                            bench 6.0\avr\src\template\cfg3soim.xcl"          #
#                            (-ca90 -w29                                       #
#                            -Z(CODE)INTVEC=0-(_..X_INTVEC_SIZE-1)             #
#                            -Z(CODE)TINY_F=_..X_FLASH_BASE-FF                 #
#                            -Z(CODE)NEAR_F=_..X_FLASH_BASE-_..X_FLASH_NEND    #
#                            -Z(CODE)SWITCH=_..X_FLASH_BASE-_..X_FLASH_NEND    #
#                            -Z(CODE)DIFUNCT=_..X_FLASH_BASE-_..X_FLASH_NEND   #
#                            -Z(CODE)CODE=_..X_FLASH_BASE-_..X_FLASH_END       #
#                            -P(CODE)FAR_F=[_..X_FLASH_BASE-_..X_FLASH_END]/10 #
#                            000                                               #
#                            -Z(CODE)INITTAB=_..X_FLASH_BASE-_..X_FLASH_END    #
#                            -Z(CODE)HUGE_F=_..X_FLASH_BASE-_..X_FLASH_END     #
#                            -Z(CODE)TINY_ID=_..X_FLASH_BASE-_..X_FLASH_END    #
#                            -Z(CODE)NEAR_ID=_..X_FLASH_BASE-_..X_FLASH_END    #
#                            -Z(CODE)CHECKSUM#_..X_FLASH_END                   #
#                            -Z(DATA)TINY_I,TINY_Z,TINY_N=_..X_SRAM_TBASE:+_.. #
#                            X_SRAM_TSIZE                                      #
#                            -Z(DATA)CSTACK+_..X_CSTACK_SIZE=_..X_CSTACK_BASE- #
#                            _..X_CSTACK_END                                   #
#                            -Z(DATA)HEAP+_..X_HEAP_SIZE=_..X_SRAM_BASE-_..X_S #
#                            RAM_END                                           #
#                            -Z(DATA)IOSTREAM_N#_..X_SRAM_BASE-_..X_SRAM_END   #
#                            -Z(DATA)NEAR_HEAP+_..X_NEAR_HEAP_SIZE=_..X_SRAM_B #
#                            ASE-_..X_SRAM_END                                 #
#                            -Z(DATA)RSTACK+_..X_RSTACK_SIZE=_..X_RSTACK_BASE- #
#                            _..X_RSTACK_END                                   #
#                            -Z(DATA)NEAR_I,NEAR_Z,NEAR_N=_..X_SRAM_BASE-_..X_ #
#                            SRAM_END                                          #
#                            -Z(XDATA)EEPROM_I,EEPROM_N=_..X_EEPROM_START-_..X #
#                            _EEPROM_END)                                      #
#                            -D_..X_FLASH_BASE=_..X_INTVEC_SIZE -H1895         #
#                            -h(CODE)0-(_..X_INTVEC_SIZE-1)                    #
#                            -D_..X_CSTACK_BASE=_..X_SRAM_BASE                 #
#                            -D_..X_CSTACK_END=_..X_SRAM_END                   #
#                            -D_..X_RSTACK_BASE=_..X_SRAM_BASE                 #
#                            -D_..X_RSTACK_END=_..X_SRAM_END -rt -s            #
#                            __program_start                                   #
#                            "C:\Program Files (x86)\IAR Systems\Embedded Work #
#                            bench 6.0\avr\LIB\CLIB\cl3s-ec_mul-sf.r90"        #
#                            -e_large_write=_formatted_write                   #
#                            -e_large_read=_formatted_read                     #
#                                                                              #
#                           Copyright (C) 1987-2011 IAR Systems AB.            #
################################################################################





                ****************************************
                *                                      *
                *           CROSS REFERENCE            *
                *                                      *
                ****************************************

       Program entry at : CODE      00000000  Relocatable, from module : ?RESET




                ****************************************
                *                                      *
                *            RUNTIME MODEL             *
                *                                      *
                ****************************************

  R10             = REG
  R11             = REG
  R12             = REG
  R4              = REG
  R5              = REG
  R6              = REG
  R7              = REG
  R8              = REG
  R9              = REG
  __64bit_doubles = disabled
  __SystemLibrary = CLib
  __cpu           = 3
  __cpu_name      = ATmega16
  __enhanced_core = enabled
  __has_elpm      = false
  __memory_model  = 2
  __rt_version    = 3
  __tiny_avr      = false

                ****************************************
                *                                      *
                *    AUTOMATIC SYMBOL REDIRECTIONS     *
                *                                      *
                ****************************************

                  There are no automatic symbol redirections.



                ****************************************
                *                                      *
                *              MODULE MAP              *
                *                                      *
                ****************************************


  DEFINED ABSOLUTE ENTRIES
  PROGRAM MODULE, NAME : ?ABS_ENTRY_MOD

Absolute parts
           ENTRY                   ADDRESS         REF BY
           =====                   =======         ======
           _..X_RSTACK_END         0000045F 
           _..X_RSTACK_BASE        00000060 
           _..X_CSTACK_END         0000045F 
           _..X_CSTACK_BASE        00000060 
           _..X_FLASH_BASE         00000054 
           _..X_FLASH_CODE_END     00003FFF 
           _..X_RSTACK_SIZE        00000020 
           _..X_CSTACK_SIZE        00000020 
           _..X_HUGE_HEAP_SIZE     00000000 
           _..X_FAR_HEAP_SIZE      00000000 
           _..X_NEAR_HEAP_SIZE     00000000 
           _..X_TINY_HEAP_SIZE     00000000 
           _..X_HEAP_SIZE          00000010 
           _..X_EEPROM_START       00000000 
           _..X_EEPROM_END         000001FF 
           _..X_EXT_NV_SIZE        00000000 
           _..X_EXT_NV_BASE        0000045F 
           _..X_EXT_ROM_SIZE       00000000 
           _..X_EXT_ROM_BASE       0000045F 
           _..X_EXT_SRAM_SIZE      00000000 
           _..X_EXT_SRAM_BASE      0000045F 
           _..X_SRAM_END           0000045F 
           _..X_SRAM_TSIZE         000000A0 
           _..X_SRAM_TBASE         00000060 
           _..X_SRAM_BASE          00000060 
           _..X_FLASH_END          00003FFF 
           _..X_FLASH_NEND         00003FFF 
           _..X_INTVEC_SIZE        00000054 
    *************************************************************************

  FILE NAME : D:\1307B\Masurare duty b\Debug\Obj\ir_printf.r90
  PROGRAM MODULE, NAME : ir_printf

  SEGMENTS IN THE MODULE
  ======================
CODE
  Relative segment, address: CODE 00000054 - 0000016B (0x118 bytes), align: 1
  Segment part 7.             Intra module refs:   PRINTF
           ENTRY                   ADDRESS         REF BY
           =====                   =======         ======
           printHex                00000054 
               calls direct
               CSTACK = 00000000 ( 00000009 )
               RSTACK = 00000000 ( 00000004 )
    -------------------------------------------------------------------------
CODE
  Relative segment, address: CODE 0000016C - 00000267 (0xfc bytes), align: 1
  Segment part 8.             Intra module refs:   PRINTF
           ENTRY                   ADDRESS         REF BY
           =====                   =======         ======
           printInt                0000016C 
               calls direct
               CSTACK = 00000000 ( 0000000F )
               RSTACK = 00000000 ( 00000004 )
    -------------------------------------------------------------------------
CODE
  Relative segment, address: CODE 00000268 - 00000359 (0xf2 bytes), align: 1
  Segment part 9.             Intra module refs:   PRINTF
                                                   printFloat
           ENTRY                   ADDRESS         REF BY
           =====                   =======         ======
           printLong               00000268 
               calls direct
               CSTACK = 00000000 ( 00000015 )
               RSTACK = 00000000 ( 00000004 )
    -------------------------------------------------------------------------
CODE
  Relative segment, address: CODE 0000035A - 00000375 (0x1c bytes), align: 1
  Segment part 10.            Intra module refs:   PRINTF
           ENTRY                   ADDRESS         REF BY
           =====                   =======         ======
           printString             0000035A 
               calls direct
               CSTACK = 00000000 ( 00000002 )
               RSTACK = 00000000 ( 00000002 )
    -------------------------------------------------------------------------
CODE
  Relative segment, address: CODE 00000376 - 00000417 (0xa2 bytes), align: 1
  Segment part 11.            Intra module refs:   PRINTF
           ENTRY                   ADDRESS         REF BY
           =====                   =======         ======
           printFloat              00000376 
               calls direct
               CSTACK = 00000000 ( 0000000D )
               RSTACK = 00000000 ( 00000004 )
    -------------------------------------------------------------------------
CODE
  Relative segment, address: CODE 00000418 - 000004F3 (0xdc bytes), align: 1
  Segment part 12.            Intra module refs:   PRINTF
           ENTRY                   ADDRESS         REF BY
           =====                   =======         ======
           printUnsignedInt        00000418 
               calls direct
               CSTACK = 00000000 ( 0000000E )
               RSTACK = 00000000 ( 00000004 )
    -------------------------------------------------------------------------
CODE
  Relative segment, address: CODE 000004F4 - 0000054F (0x5c bytes), align: 1
  Segment part 13.
           ENTRY                   ADDRESS         REF BY
           =====                   =======         ======
           PRINTF                  000004F4        main (main)
               calls direct
               CSTACK = 00000000 ( 00000004 )
               RSTACK = 00000000 ( 00000002 )
    -------------------------------------------------------------------------
ABSOLUTE
  Relative segment, address: DATA 0000001C, align: 0
  Segment part 1. ROOT.
           ENTRY                   ADDRESS         REF BY
           =====                   =======         ======
           __?EECR                 0000001C 
    -------------------------------------------------------------------------
ABSOLUTE
  Relative segment, address: DATA 0000001D, align: 0
  Segment part 2. ROOT.
           ENTRY                   ADDRESS         REF BY
           =====                   =======         ======
           __?EEDR                 0000001D 
    -------------------------------------------------------------------------
ABSOLUTE
  Relative segment, address: DATA 0000001E, align: 0
  Segment part 3. ROOT.
           ENTRY                   ADDRESS         REF BY
           =====                   =======         ======
           __?EEARL                0000001E 
    -------------------------------------------------------------------------
ABSOLUTE
  Relative segment, address: DATA 0000001F, align: 0
  Segment part 4. ROOT.
           ENTRY                   ADDRESS         REF BY
           =====                   =======         ======
           __?EEARH                0000001F 

    *************************************************************************

  FILE NAME : D:\1307B\Masurare duty b\Debug\Obj\main.r90
  PROGRAM MODULE, NAME : main

  SEGMENTS IN THE MODULE
  ======================
ABSOLUTE
  Relative segment, address: DATA 00000059 - 00000059 (0x1 bytes), align: 0
  Segment part 1. ROOT.       Intra module refs:   main
           ENTRY                   ADDRESS         REF BY
           =====                   =======         ======
           _A_TIMSK                00000059 
           LOCAL                   ADDRESS         
           =====                   =======         
           TIMSK                   00000059 
    -------------------------------------------------------------------------
ABSOLUTE
  Relative segment, address: DATA 00000053 - 00000053 (0x1 bytes), align: 0
  Segment part 2. ROOT.       Intra module refs:   main
           ENTRY                   ADDRESS         REF BY
           =====                   =======         ======
           _A_TCCR0                00000053 
           LOCAL                   ADDRESS         
           =====                   =======         
           TCCR0                   00000053 
    -------------------------------------------------------------------------
ABSOLUTE
  Relative segment, address: DATA 00000052 - 00000052 (0x1 bytes), align: 0
  Segment part 3. ROOT.       Intra module refs:   main
           ENTRY                   ADDRESS         REF BY
           =====                   =======         ======
           _A_TCNT0                00000052 
           LOCAL                   ADDRESS         
           =====                   =======         
           TCNT0                   00000052 
    -------------------------------------------------------------------------
ABSOLUTE
  Relative segment, address: DATA 00000031 - 00000031 (0x1 bytes), align: 0
  Segment part 4. ROOT.       Intra module refs:   main
           ENTRY                   ADDRESS         REF BY
           =====                   =======         ======
           _A_DDRD                 00000031 
           LOCAL                   ADDRESS         
           =====                   =======         
           DDRD                    00000031 
    -------------------------------------------------------------------------
ABSOLUTE
  Relative segment, address: DATA 00000030 - 00000030 (0x1 bytes), align: 0
  Segment part 5. ROOT.       Intra module refs:   main
           ENTRY                   ADDRESS         REF BY
           =====                   =======         ======
           _A_PIND                 00000030 
           LOCAL                   ADDRESS         
           =====                   =======         
           PIND                    00000030 
    -------------------------------------------------------------------------
NEAR_Z
  Relative segment, address: DATA 000000A0 - 000000A3 (0x4 bytes), align: 0
  Segment part 13.            Intra module refs:   main
                                                   timer0_ovf_int
           ENTRY                   ADDRESS         REF BY
           =====                   =======         ======
           cnt                     000000A0 
    -------------------------------------------------------------------------
NEAR_Z
  Relative segment, address: DATA 000000A4 - 000000A7 (0x4 bytes), align: 0
  Segment part 15.            Intra module refs:   main
           ENTRY                   ADDRESS         REF BY
           =====                   =======         ======
           cicli1                  000000A4 
    -------------------------------------------------------------------------
NEAR_Z
  Relative segment, address: DATA 000000A8 - 000000AB (0x4 bytes), align: 0
  Segment part 16.            Intra module refs:   main
           ENTRY                   ADDRESS         REF BY
           =====                   =======         ======
           cicli0                  000000A8 
    -------------------------------------------------------------------------
NEAR_Z
  Relative segment, address: DATA 000000AC - 000000AF (0x4 bytes), align: 0
  Segment part 19.            Intra module refs:   main
           ENTRY                   ADDRESS         REF BY
           =====                   =======         ======
           cnt1                    000000AC 
    -------------------------------------------------------------------------
CODE
  Relative segment, address: CODE 00000550 - 0000058D (0x3e bytes), align: 1
  Segment part 20.            Intra module refs:   timer0_ovf_int::??INTVEC 36
           ENTRY                   ADDRESS         REF BY
           =====                   =======         ======
           timer0_ovf_int          00000550 
               interrupt function
               CSTACK = 00000000 ( 00000007 )
               RSTACK = 00000000 ( 00000002 )
    -------------------------------------------------------------------------
CODE
  Relative segment, address: CODE 0000058E - 0000075F (0x1d2 bytes), align: 1
  Segment part 21.
           ENTRY                   ADDRESS         REF BY
           =====                   =======         ======
           main                    0000058E        ?cstartup_call_main (?C_STARTUP)
               calls direct
               CSTACK = 00000000 ( 00000001 )
               RSTACK = 00000000 ( 00000004 )
    -------------------------------------------------------------------------
INTVEC
  Common segment, address: CODE 00000000 - 00000027 (0x28 bytes), align: 1
  Segment part 10. ROOT.
           ENTRY                   ADDRESS         REF BY
           =====                   =======         ======
           timer0_ovf_int::??INTVEC 36
                                   00000024 
    -------------------------------------------------------------------------
INITTAB
  Relative segment, address: CODE 00000C26 - 00000C2B (0x6 bytes), align: 0
  Segment part 14.            Intra module refs:   cicli0
                                                   cicli1
                                                   cnt
                                                   cnt1
           ENTRY                   ADDRESS         REF BY
           =====                   =======         ======
           ?<Segment init: NEAR_Z>
                                   00000C26 

    *************************************************************************

  FILE NAME : D:\1307B\Masurare duty b\Debug\Obj\usart.r90
  PROGRAM MODULE, NAME : usart

  SEGMENTS IN THE MODULE
  ======================
ABSOLUTE
  Relative segment, address: DATA 00000040 - 00000040 (0x1 bytes), align: 0
  Segment part 1. ROOT.       Intra module refs:   USART_Init
           ENTRY                   ADDRESS         REF BY
           =====                   =======         ======
           _A_UBRRH                00000040 
           LOCAL                   ADDRESS         
           =====                   =======         
           UBRRH                   00000040 
           UCSRC                   00000040 
    -------------------------------------------------------------------------
ABSOLUTE
  Relative segment, address: DATA 0000002C - 0000002C (0x1 bytes), align: 0
  Segment part 2. ROOT.       Intra module refs:   USART_Transmit
           ENTRY                   ADDRESS         REF BY
           =====                   =======         ======
           _A_UDR                  0000002C 
           LOCAL                   ADDRESS         
           =====                   =======         
           UDR                     0000002C 
    -------------------------------------------------------------------------
ABSOLUTE
  Relative segment, address: DATA 0000002B - 0000002B (0x1 bytes), align: 0
  Segment part 3. ROOT.       Intra module refs:   USART_Transmit
           ENTRY                   ADDRESS         REF BY
           =====                   =======         ======
           _A_UCSRA                0000002B 
           LOCAL                   ADDRESS         
           =====                   =======         
           UCSRA                   0000002B 
    -------------------------------------------------------------------------
ABSOLUTE
  Relative segment, address: DATA 0000002A - 0000002A (0x1 bytes), align: 0
  Segment part 4. ROOT.       Intra module refs:   USART_Init
           ENTRY                   ADDRESS         REF BY
           =====                   =======         ======
           _A_UCSRB                0000002A 
           LOCAL                   ADDRESS         
           =====                   =======         
           UCSRB                   0000002A 
    -------------------------------------------------------------------------
ABSOLUTE
  Relative segment, address: DATA 00000029 - 00000029 (0x1 bytes), align: 0
  Segment part 5. ROOT.       Intra module refs:   USART_Init
           ENTRY                   ADDRESS         REF BY
           =====                   =======         ======
           _A_UBRRL                00000029 
           LOCAL                   ADDRESS         
           =====                   =======         
           UBRRL                   00000029 
    -------------------------------------------------------------------------
CODE
  Relative segment, address: CODE 00000760 - 00000767 (0x8 bytes), align: 1
  Segment part 12.
           ENTRY                   ADDRESS         REF BY
           =====                   =======         ======
           USART_Transmit          00000760        main (main)
                                                   printFloat (ir_printf)
                                                   printHex (ir_printf)
                                                   printInt (ir_printf)
                                                   printLong (ir_printf)
                                                   printString (ir_printf)
                                                   printUnsignedInt (ir_printf)
               RSTACK = 00000000 ( 00000002 )
    -------------------------------------------------------------------------
CODE
  Relative segment, address: CODE 00000768 - 0000077F (0x18 bytes), align: 1
  Segment part 14.
           ENTRY                   ADDRESS         REF BY
           =====                   =======         ======
           USART_Init              00000768        main (main)
               RSTACK = 00000000 ( 00000002 )

    *************************************************************************

  FILE NAME : C:\Program Files (x86)\IAR Systems\Embedded Workbench 6.0\avr\LIB\CLIB\cl3s-ec_mul-sf.r90
  LIBRARY MODULE, NAME : ?__exit

  SEGMENTS IN THE MODULE
  ======================
CODE
  Relative segment, address: CODE 00000780 - 00000785 (0x6 bytes), align: 1
  Segment part 0.
           ENTRY                   ADDRESS         REF BY
           =====                   =======         ======
           __exit                  00000782 
           ?C_EXIT                 00000782 
           ?C_FUNCALL              00000780 
           _exit                   00000780        ?cstartup_call_main (?C_STARTUP)
           exit                    00000780        ?cstartup_call_main (?C_STARTUP)

    -------------------------------------------------------------------------
  LIBRARY MODULE, NAME : ?RESET

  SEGMENTS IN THE MODULE
  ======================
INTVEC
  Common segment, address: CODE 00000000 - 00000003 (0x4 bytes), align: 1
  Segment part 0. ROOT.
           ENTRY                   ADDRESS         REF BY
           =====                   =======         ======
           __program_start         00000000        Absolute parts (?ABS_ENTRY_MOD)
           ?RESET                  00000000        Segment part 2 (?C_STARTUP)

    -------------------------------------------------------------------------
  LIBRARY MODULE, NAME : ?C_STARTUP

  SEGMENTS IN THE MODULE
  ======================
CODE
  Relative segment, address: CODE 00000786, align: 1
  Segment part 2.
           ENTRY                   ADDRESS         REF BY
           =====                   =======         ======
           ?C_STARTUP              00000786        Segment part 0 (?RESET)
           __RESTART               00000786 
    -------------------------------------------------------------------------
CODE
  Relative segment, address: CODE 00000786 - 00000791 (0xc bytes), align: 1
  Segment part 5.             Intra module refs:   Segment part 2
    -------------------------------------------------------------------------
CODE
  Relative segment, address: CODE 00000792 - 00000795 (0x4 bytes), align: 1
  Segment part 7.             Intra module refs:   Segment part 5
           ENTRY                   ADDRESS         REF BY
           =====                   =======         ======
           ?call_low_level_init    00000792 
    -------------------------------------------------------------------------
CODE
  Relative segment, address: CODE 00000796 - 0000079D (0x8 bytes), align: 1
  Segment part 8.
           ENTRY                   ADDRESS         REF BY
           =====                   =======         ======
           ?need_segment_init      00000796        ?<Segment init: NEAR_Z> (main)
    -------------------------------------------------------------------------
CODE
  Relative segment, address: CODE 0000079E - 000007A9 (0xc bytes), align: 1
  Segment part 9.             Intra module refs:   ?call_low_level_init
           ENTRY                   ADDRESS         REF BY
           =====                   =======         ======
           ?cstartup_call_main     0000079E 

    -------------------------------------------------------------------------
  LIBRARY MODULE, NAME : ?S_SHL_L02

  SEGMENTS IN THE MODULE
  ======================
CODE
  Relative segment, address: CODE 000007AA - 000007B5 (0xc bytes), align: 1
  Segment part 0.
           ENTRY                   ADDRESS         REF BY
           =====                   =======         ======
           ?S_SHL_L02              000007AA        printHex (ir_printf)

    -------------------------------------------------------------------------
  LIBRARY MODULE, NAME : ?L_EC_MUL_L03

  SEGMENTS IN THE MODULE
  ======================
CODE
  Relative segment, address: CODE 000007B6 - 000007F5 (0x40 bytes), align: 1
  Segment part 0.
           ENTRY                   ADDRESS         REF BY
           =====                   =======         ======
           ?L_EC_MUL_L03           000007B6        main (main)
                                                   printInt (ir_printf)
                                                   printLong (ir_printf)
                                                   printUnsignedInt (ir_printf)

    -------------------------------------------------------------------------
  LIBRARY MODULE, NAME : ?UL_SHR_L03

  SEGMENTS IN THE MODULE
  ======================
CODE
  Relative segment, address: CODE 000007F6 - 00000805 (0x10 bytes), align: 1
  Segment part 0.
           ENTRY                   ADDRESS         REF BY
           =====                   =======         ======
           ?UL_SHR_L03             000007F6        Segment part 9 (?FLOATS_L04)

    -------------------------------------------------------------------------
  LIBRARY MODULE, NAME : ?UL_DIVMOD_L03

  SEGMENTS IN THE MODULE
  ======================
CODE
  Relative segment, address: CODE 00000806 - 0000084B (0x46 bytes), align: 1
  Segment part 0.
           ENTRY                   ADDRESS         REF BY
           =====                   =======         ======
           ?UL_DIVMOD_L03          00000806        ?SL_DIVMOD_L03 (?SL_DIVMOD_L03)

    -------------------------------------------------------------------------
  LIBRARY MODULE, NAME : ?SL_DIVMOD_L03

  SEGMENTS IN THE MODULE
  ======================
CODE
  Relative segment, address: CODE 0000084C - 0000086F (0x24 bytes), align: 1
  Segment part 0.
           ENTRY                   ADDRESS         REF BY
           =====                   =======         ======
           ?SL_DIVMOD_L03          0000084C        printFloat (ir_printf)
                                                   printInt (ir_printf)
                                                   printLong (ir_printf)
                                                   printUnsignedInt (ir_printf)
    -------------------------------------------------------------------------
CODE
  Relative segment, address: CODE 00000870 - 0000087F (0x10 bytes), align: 1
  Segment part 1.             Intra module refs:   ?SL_DIVMOD_L03
           ENTRY                   ADDRESS         REF BY
           =====                   =======         ======
           ?L_NEG_L03              00000870        ?SL2F_L04 (?FLOATS_L04)
                                                   Segment part 9 (?FLOATS_L04)
    -------------------------------------------------------------------------
CODE
  Relative segment, address: CODE 00000880 - 0000088F (0x10 bytes), align: 1
  Segment part 2.             Intra module refs:   ?SL_DIVMOD_L03
           ENTRY                   ADDRESS         REF BY
           =====                   =======         ======
           ?L_NEG_Q_L03            00000880 

    -------------------------------------------------------------------------
  LIBRARY MODULE, NAME : ?FLOATS_L04

  SEGMENTS IN THE MODULE
  ======================
CODE
  Relative segment, address: CODE 00000890 - 000008B9 (0x2a bytes), align: 1
  Segment part 0.             Intra module refs:   ?F2SL_L04
                                                   ?F_ADD_L04
                                                   ?F_MUL_L04
    -------------------------------------------------------------------------
CODE
  Relative segment, address: CODE 000008BA - 0000090D (0x54 bytes), align: 1
  Segment part 1.             Intra module refs:   ?F_ADD_L04
                                                   ?F_MUL_L04
                                                   Segment part 5
           ENTRY                   ADDRESS         REF BY
           =====                   =======         ======
           ?F_ROUND_L04            000008DA 
    -------------------------------------------------------------------------
CODE
  Relative segment, address: CODE 0000090E - 0000090F (0x2 bytes), align: 1
  Segment part 3.             Intra module refs:   ?F_ROUND_L04
    -------------------------------------------------------------------------
CODE
  Relative segment, address: CODE 00000910 - 00000919 (0xa bytes), align: 1
  Segment part 4.
           ENTRY                   ADDRESS         REF BY
           =====                   =======         ======
           ?SL2F_L04               00000910        printFloat (ir_printf)
    -------------------------------------------------------------------------
CODE
  Relative segment, address: CODE 0000091A - 00000925 (0xc bytes), align: 1
  Segment part 5.             Intra module refs:   ?SL2F_L04
    -------------------------------------------------------------------------
CODE
  Relative segment, address: CODE 00000926 - 00000937 (0x12 bytes), align: 1
  Segment part 8.
           ENTRY                   ADDRESS         REF BY
           =====                   =======         ======
           ?F2SL_L04               00000926        printFloat (ir_printf)
    -------------------------------------------------------------------------
CODE
  Relative segment, address: CODE 00000938 - 0000095B (0x24 bytes), align: 1
  Segment part 9.             Intra module refs:   ?F2SL_L04
    -------------------------------------------------------------------------
CODE
  Relative segment, address: CODE 0000095C - 00000989 (0x2e bytes), align: 1
  Segment part 10.            Intra module refs:   ?F_ADD_L04
                                                   ?F_CMP_LT_L04
                                                   ?F_MUL_L04
                                                   Segment part 11
           ENTRY                   ADDRESS         REF BY
           =====                   =======         ======
           ?TEST_P_L04             0000095C 
    -------------------------------------------------------------------------
CODE
  Relative segment, address: CODE 0000098A - 000009A9 (0x20 bytes), align: 1
  Segment part 11.            Intra module refs:   ?F_ADD_L04
                                                   ?F_CMP_LT_L04
                                                   ?F_MUL_L04
                                                   Segment part 17
                                                   Segment part 22
    -------------------------------------------------------------------------
CODE
  Relative segment, address: CODE 000009AA - 00000A51 (0xa8 bytes), align: 1
  Segment part 12.            Intra module refs:   ?F_SUB_L04
                                                   Segment part 17
           ENTRY                   ADDRESS         REF BY
           =====                   =======         ======
           ?F_ADD_L04              000009CA 
    -------------------------------------------------------------------------
CODE
  Relative segment, address: CODE 00000A52 - 00000A57 (0x6 bytes), align: 1
  Segment part 13.
           ENTRY                   ADDRESS         REF BY
           =====                   =======         ======
           ?F_SUB_L04              00000A52        printFloat (ir_printf)
    -------------------------------------------------------------------------
CODE
  Relative segment, address: CODE 00000A58 - 00000A63 (0xc bytes), align: 1
  Segment part 14.            Intra module refs:   ?F2SL_L04
                                                   ?F_INFINITE_L04
                                                   ?F_MUL_L04
                                                   ?F_NAN_L04
                                                   Segment part 9
           ENTRY                   ADDRESS         REF BY
           =====                   =======         ======
           ?F_ZERO_L04             00000A58 
    -------------------------------------------------------------------------
CODE
  Relative segment, address: CODE 00000A64 - 00000A6B (0x8 bytes), align: 1
  Segment part 15.            Intra module refs:   ?F_MUL_L04
                                                   Segment part 3
           ENTRY                   ADDRESS         REF BY
           =====                   =======         ======
           ?F_INFINITE_L04         00000A64 
    -------------------------------------------------------------------------
CODE
  Relative segment, address: CODE 00000A6C - 00000A71 (0x6 bytes), align: 1
  Segment part 16.            Intra module refs:   ?F_ADD_L04
                                                   ?F_MUL_L04
                                                   Segment part 17
           ENTRY                   ADDRESS         REF BY
           =====                   =======         ======
           ?F_NAN_L04              00000A6C 
    -------------------------------------------------------------------------
CODE
  Relative segment, address: CODE 00000A72 - 00000A8B (0x1a bytes), align: 1
  Segment part 17.            Intra module refs:   ?F_MUL_L04
    -------------------------------------------------------------------------
CODE
  Relative segment, address: CODE 00000A8C - 00000B61 (0xd6 bytes), align: 1
  Segment part 18.
           ENTRY                   ADDRESS         REF BY
           =====                   =======         ======
           ?F_MUL_L04              00000A8C        printFloat (ir_printf)
    -------------------------------------------------------------------------
CODE
  Relative segment, address: CODE 00000B62 - 00000B69 (0x8 bytes), align: 1
  Segment part 21.
           ENTRY                   ADDRESS         REF BY
           =====                   =======         ======
           ?F_CMP_LT_L04           00000B62        printFloat (ir_printf)
    -------------------------------------------------------------------------
CODE
  Relative segment, address: CODE 00000B6A - 00000B91 (0x28 bytes), align: 1
  Segment part 22.            Intra module refs:   ?F_CMP_LT_L04

    -------------------------------------------------------------------------
  LIBRARY MODULE, NAME : ?PROLOGUE_L09

  SEGMENTS IN THE MODULE
  ======================
CODE
  Relative segment, address: CODE 00000B92 - 00000B93 (0x2 bytes), align: 1
  Segment part 3.
           ENTRY                   ADDRESS         REF BY
           =====                   =======         ======
           ?PROLOGUE13_L09         00000B92        printFloat (ir_printf)
    -------------------------------------------------------------------------
CODE
  Relative segment, address: CODE 00000B94 - 00000B95 (0x2 bytes), align: 1
  Segment part 4.             Intra module refs:   ?PROLOGUE13_L09
           ENTRY                   ADDRESS         REF BY
           =====                   =======         ======
           ?PROLOGUE12_L09         00000B94 
    -------------------------------------------------------------------------
CODE
  Relative segment, address: CODE 00000B96 - 00000B97 (0x2 bytes), align: 1
  Segment part 5.             Intra module refs:   ?PROLOGUE12_L09
           ENTRY                   ADDRESS         REF BY
           =====                   =======         ======
           ?PROLOGUE11_L09         00000B96 
    -------------------------------------------------------------------------
CODE
  Relative segment, address: CODE 00000B98 - 00000B99 (0x2 bytes), align: 1
  Segment part 6.             Intra module refs:   ?PROLOGUE11_L09
           ENTRY                   ADDRESS         REF BY
           =====                   =======         ======
           ?PROLOGUE10_L09         00000B98        printLong (ir_printf)
    -------------------------------------------------------------------------
CODE
  Relative segment, address: CODE 00000B9A - 00000B9B (0x2 bytes), align: 1
  Segment part 7.             Intra module refs:   ?PROLOGUE10_L09
           ENTRY                   ADDRESS         REF BY
           =====                   =======         ======
           ?PROLOGUE9_L09          00000B9A 
    -------------------------------------------------------------------------
CODE
  Relative segment, address: CODE 00000B9C - 00000B9D (0x2 bytes), align: 1
  Segment part 8.             Intra module refs:   ?PROLOGUE9_L09
           ENTRY                   ADDRESS         REF BY
           =====                   =======         ======
           ?PROLOGUE8_L09          00000B9C        printInt (ir_printf)
                                                   printUnsignedInt (ir_printf)
    -------------------------------------------------------------------------
CODE
  Relative segment, address: CODE 00000B9E - 00000B9F (0x2 bytes), align: 1
  Segment part 9.             Intra module refs:   ?PROLOGUE8_L09
           ENTRY                   ADDRESS         REF BY
           =====                   =======         ======
           ?PROLOGUE7_L09          00000B9E 
    -------------------------------------------------------------------------
CODE
  Relative segment, address: CODE 00000BA0 - 00000BA1 (0x2 bytes), align: 1
  Segment part 10.            Intra module refs:   ?PROLOGUE7_L09
           ENTRY                   ADDRESS         REF BY
           =====                   =======         ======
           ?PROLOGUE6_L09          00000BA0 
    -------------------------------------------------------------------------
CODE
  Relative segment, address: CODE 00000BA2 - 00000BA3 (0x2 bytes), align: 1
  Segment part 11.            Intra module refs:   ?PROLOGUE6_L09
           ENTRY                   ADDRESS         REF BY
           =====                   =======         ======
           ?PROLOGUE5_L09          00000BA2 
    -------------------------------------------------------------------------
CODE
  Relative segment, address: CODE 00000BA4 - 00000BA5 (0x2 bytes), align: 1
  Segment part 12.            Intra module refs:   ?PROLOGUE5_L09
           ENTRY                   ADDRESS         REF BY
           =====                   =======         ======
           ?PROLOGUE4_L09          00000BA4        PRINTF (ir_printf)
                                                   printHex (ir_printf)
    -------------------------------------------------------------------------
CODE
  Relative segment, address: CODE 00000BA6 - 00000BA7 (0x2 bytes), align: 1
  Segment part 13.            Intra module refs:   ?PROLOGUE4_L09
           ENTRY                   ADDRESS         REF BY
           =====                   =======         ======
           ?PROLOGUE3_L09          00000BA6 
    -------------------------------------------------------------------------
CODE
  Relative segment, address: CODE 00000BA8 - 00000BA9 (0x2 bytes), align: 1
  Segment part 14.            Intra module refs:   ?PROLOGUE3_L09
           ENTRY                   ADDRESS         REF BY
           =====                   =======         ======
           ?PROLOGUE2_L09          00000BA8 
    -------------------------------------------------------------------------
CODE
  Relative segment, address: CODE 00000BAA - 00000BAB (0x2 bytes), align: 1
  Segment part 15.            Intra module refs:   ?PROLOGUE2_L09
           ENTRY                   ADDRESS         REF BY
           =====                   =======         ======
           ?PROLOGUE1_L09          00000BAA 
    -------------------------------------------------------------------------
CODE
  Relative segment, address: CODE 00000BAC - 00000BAD (0x2 bytes), align: 1
  Segment part 16.            Intra module refs:   ?PROLOGUE1_L09

    -------------------------------------------------------------------------
  LIBRARY MODULE, NAME : ?EPILOGUE_B_L09

  SEGMENTS IN THE MODULE
  ======================
CODE
  Relative segment, address: CODE 00000BAE - 00000BAF (0x2 bytes), align: 1
  Segment part 3.
           ENTRY                   ADDRESS         REF BY
           =====                   =======         ======
           ?EPILOGUE_B13_L09       00000BAE        printFloat (ir_printf)
    -------------------------------------------------------------------------
CODE
  Relative segment, address: CODE 00000BB0 - 00000BB1 (0x2 bytes), align: 1
  Segment part 4.             Intra module refs:   ?EPILOGUE_B13_L09
           ENTRY                   ADDRESS         REF BY
           =====                   =======         ======
           ?EPILOGUE_B12_L09       00000BB0 
    -------------------------------------------------------------------------
CODE
  Relative segment, address: CODE 00000BB2 - 00000BB3 (0x2 bytes), align: 1
  Segment part 5.             Intra module refs:   ?EPILOGUE_B12_L09
           ENTRY                   ADDRESS         REF BY
           =====                   =======         ======
           ?EPILOGUE_B11_L09       00000BB2 
    -------------------------------------------------------------------------
CODE
  Relative segment, address: CODE 00000BB4 - 00000BB5 (0x2 bytes), align: 1
  Segment part 6.             Intra module refs:   ?EPILOGUE_B11_L09
           ENTRY                   ADDRESS         REF BY
           =====                   =======         ======
           ?EPILOGUE_B10_L09       00000BB4        printLong (ir_printf)
    -------------------------------------------------------------------------
CODE
  Relative segment, address: CODE 00000BB6 - 00000BB7 (0x2 bytes), align: 1
  Segment part 7.             Intra module refs:   ?EPILOGUE_B10_L09
           ENTRY                   ADDRESS         REF BY
           =====                   =======         ======
           ?EPILOGUE_B9_L09        00000BB6 
    -------------------------------------------------------------------------
CODE
  Relative segment, address: CODE 00000BB8 - 00000BB9 (0x2 bytes), align: 1
  Segment part 8.             Intra module refs:   ?EPILOGUE_B9_L09
           ENTRY                   ADDRESS         REF BY
           =====                   =======         ======
           ?EPILOGUE_B8_L09        00000BB8        printInt (ir_printf)
                                                   printUnsignedInt (ir_printf)
    -------------------------------------------------------------------------
CODE
  Relative segment, address: CODE 00000BBA - 00000BBB (0x2 bytes), align: 1
  Segment part 9.             Intra module refs:   ?EPILOGUE_B8_L09
           ENTRY                   ADDRESS         REF BY
           =====                   =======         ======
           ?EPILOGUE_B7_L09        00000BBA 
    -------------------------------------------------------------------------
CODE
  Relative segment, address: CODE 00000BBC - 00000BBD (0x2 bytes), align: 1
  Segment part 10.            Intra module refs:   ?EPILOGUE_B7_L09
           ENTRY                   ADDRESS         REF BY
           =====                   =======         ======
           ?EPILOGUE_B6_L09        00000BBC 
    -------------------------------------------------------------------------
CODE
  Relative segment, address: CODE 00000BBE - 00000BBF (0x2 bytes), align: 1
  Segment part 11.            Intra module refs:   ?EPILOGUE_B6_L09
           ENTRY                   ADDRESS         REF BY
           =====                   =======         ======
           ?EPILOGUE_B5_L09        00000BBE 
    -------------------------------------------------------------------------
CODE
  Relative segment, address: CODE 00000BC0 - 00000BC1 (0x2 bytes), align: 1
  Segment part 12.            Intra module refs:   ?EPILOGUE_B5_L09
           ENTRY                   ADDRESS         REF BY
           =====                   =======         ======
           ?EPILOGUE_B4_L09        00000BC0        PRINTF (ir_printf)
                                                   printHex (ir_printf)
    -------------------------------------------------------------------------
CODE
  Relative segment, address: CODE 00000BC2 - 00000BC3 (0x2 bytes), align: 1
  Segment part 13.            Intra module refs:   ?EPILOGUE_B4_L09
           ENTRY                   ADDRESS         REF BY
           =====                   =======         ======
           ?EPILOGUE_B3_L09        00000BC2 
    -------------------------------------------------------------------------
CODE
  Relative segment, address: CODE 00000BC4 - 00000BC5 (0x2 bytes), align: 1
  Segment part 14.            Intra module refs:   ?EPILOGUE_B3_L09
           ENTRY                   ADDRESS         REF BY
           =====                   =======         ======
           ?EPILOGUE_B2_L09        00000BC4 
    -------------------------------------------------------------------------
CODE
  Relative segment, address: CODE 00000BC6 - 00000BC7 (0x2 bytes), align: 1
  Segment part 15.            Intra module refs:   ?EPILOGUE_B2_L09
           ENTRY                   ADDRESS         REF BY
           =====                   =======         ======
           ?EPILOGUE_B1_L09        00000BC6 
    -------------------------------------------------------------------------
CODE
  Relative segment, address: CODE 00000BC8 - 00000BD1 (0xa bytes), align: 1
  Segment part 16.            Intra module refs:   ?EPILOGUE_B1_L09
           ENTRY                   ADDRESS         REF BY
           =====                   =======         ======
           ?EPILOGUE_B0_L09        00000BC8 

    -------------------------------------------------------------------------
  LIBRARY MODULE, NAME : ?REGISTER_CGREGR4_L10

  SEGMENTS IN THE MODULE
  ======================
CODE
  Relative segment, address: CODE 00000BD2, align: 1
  Segment part 0.
           ENTRY                   ADDRESS         REF BY
           =====                   =======         ======
           ?Register_R4_is_cg_reg
                                   00000BD2        printFloat (ir_printf)
                                                   printInt (ir_printf)
                                                   printLong (ir_printf)
                                                   printUnsignedInt (ir_printf)

    -------------------------------------------------------------------------
  LIBRARY MODULE, NAME : ?REGISTER_CGREGR5_L10

  SEGMENTS IN THE MODULE
  ======================
CODE
  Relative segment, address: CODE 00000BD2, align: 1
  Segment part 0.
           ENTRY                   ADDRESS         REF BY
           =====                   =======         ======
           ?Register_R5_is_cg_reg
                                   00000BD2        printFloat (ir_printf)
                                                   printInt (ir_printf)
                                                   printLong (ir_printf)
                                                   printUnsignedInt (ir_printf)

    -------------------------------------------------------------------------
  LIBRARY MODULE, NAME : ?REGISTER_CGREGR6_L10

  SEGMENTS IN THE MODULE
  ======================
CODE
  Relative segment, address: CODE 00000BD2, align: 1
  Segment part 0.
           ENTRY                   ADDRESS         REF BY
           =====                   =======         ======
           ?Register_R6_is_cg_reg
                                   00000BD2        printFloat (ir_printf)
                                                   printInt (ir_printf)
                                                   printLong (ir_printf)
                                                   printUnsignedInt (ir_printf)

    -------------------------------------------------------------------------
  LIBRARY MODULE, NAME : ?REGISTER_CGREGR7_L10

  SEGMENTS IN THE MODULE
  ======================
CODE
  Relative segment, address: CODE 00000BD2, align: 1
  Segment part 0.
           ENTRY                   ADDRESS         REF BY
           =====                   =======         ======
           ?Register_R7_is_cg_reg
                                   00000BD2        printFloat (ir_printf)
                                                   printInt (ir_printf)
                                                   printLong (ir_printf)
                                                   printUnsignedInt (ir_printf)

    -------------------------------------------------------------------------
  LIBRARY MODULE, NAME : ?REGISTER_CGREGR8_L10

  SEGMENTS IN THE MODULE
  ======================
CODE
  Relative segment, address: CODE 00000BD2, align: 1
  Segment part 0.
           ENTRY                   ADDRESS         REF BY
           =====                   =======         ======
           ?Register_R8_is_cg_reg
                                   00000BD2        printFloat (ir_printf)
                                                   printLong (ir_printf)

    -------------------------------------------------------------------------
  LIBRARY MODULE, NAME : ?REGISTER_CGREGR9_L10

  SEGMENTS IN THE MODULE
  ======================
CODE
  Relative segment, address: CODE 00000BD2, align: 1
  Segment part 0.
           ENTRY                   ADDRESS         REF BY
           =====                   =======         ======
           ?Register_R9_is_cg_reg
                                   00000BD2        printFloat (ir_printf)
                                                   printLong (ir_printf)

    -------------------------------------------------------------------------
  LIBRARY MODULE, NAME : ?REGISTER_CGREGR10_L10

  SEGMENTS IN THE MODULE
  ======================
CODE
  Relative segment, address: CODE 00000BD2, align: 1
  Segment part 0.
           ENTRY                   ADDRESS         REF BY
           =====                   =======         ======
           ?Register_R10_is_cg_reg
                                   00000BD2        printFloat (ir_printf)

    -------------------------------------------------------------------------
  LIBRARY MODULE, NAME : ?REGISTER_CGREGR11_L10

  SEGMENTS IN THE MODULE
  ======================
CODE
  Relative segment, address: CODE 00000BD2, align: 1
  Segment part 0.
           ENTRY                   ADDRESS         REF BY
           =====                   =======         ======
           ?Register_R11_is_cg_reg
                                   00000BD2        printFloat (ir_printf)

    -------------------------------------------------------------------------
  LIBRARY MODULE, NAME : ?REGISTER_CGREGR12_L10

  SEGMENTS IN THE MODULE
  ======================
CODE
  Relative segment, address: CODE 00000BD2, align: 1
  Segment part 0.
           ENTRY                   ADDRESS         REF BY
           =====                   =======         ======
           ?Register_R12_is_cg_reg
                                   00000BD2        printFloat (ir_printf)

    -------------------------------------------------------------------------
  LIBRARY MODULE, NAME : ?low_level_init

  SEGMENTS IN THE MODULE
  ======================
CODE
  Relative segment, address: CODE 00000BD2 - 00000BD5 (0x4 bytes), align: 1
  Segment part 3.
           ENTRY                   ADDRESS         REF BY
           =====                   =======         ======
           __low_level_init        00000BD2        ?call_low_level_init (?C_STARTUP)
               RSTACK = 00000000 ( 00000002 )

    -------------------------------------------------------------------------
  LIBRARY MODULE, NAME : ?segment_init

  SEGMENTS IN THE MODULE
  ======================
CODE
  Relative segment, address: CODE 00000BD6 - 00000BDD (0x8 bytes), align: 1
  Segment part 3.             Intra module refs:   __segment_init
           LOCAL                   ADDRESS         
           =====                   =======         
           __memclr                00000BD6 
               RSTACK = 00000000 ( 00000002 )
    -------------------------------------------------------------------------
CODE
  Relative segment, address: CODE 00000BDE - 00000BE5 (0x8 bytes), align: 1
  Segment part 4.             Intra module refs:   __segment_init
           LOCAL                   ADDRESS         
           =====                   =======         
           __flashcpy              00000BDE 
               RSTACK = 00000000 ( 00000002 )
    -------------------------------------------------------------------------
CODE
  Relative segment, address: CODE 00000BE6 - 00000BF1 (0xc bytes), align: 1
  Segment part 5.             Intra module refs:   __flashcpy
                                                   __memclr
    -------------------------------------------------------------------------
CODE
  Relative segment, address: CODE 00000BF2 - 00000C25 (0x34 bytes), align: 1
  Segment part 6.
           ENTRY                   ADDRESS         REF BY
           =====                   =======         ======
           __segment_init          00000BF2        ?need_segment_init (?C_STARTUP)
               calls direct
               RSTACK = 00000000 ( 00000002 )

    *************************************************************************

  DEFINED ABSOLUTE ENTRIES
  PROGRAM MODULE, NAME : ?FILLER_BYTES

  SEGMENTS IN THE MODULE
  ======================
INTVEC
  Common segment, address: CODE 00000000 - 00000027 (0x28 bytes), align: 0
  Segment part 1.
    -------------------------------------------------------------------------
?FILL1
  Relative segment, address: CODE 00000028 - 00000053 (0x2c bytes), align: 0
  Segment part 0.




                ****************************************
                *                                      *
                *      SEGMENTS IN ADDRESS ORDER       *
                *                                      *
                ****************************************


SEGMENT              SPACE    START ADDRESS   END ADDRESS     SIZE  TYPE  ALIGN
=======              =====    =============   ===========     ====  ====  =====
INTVEC               CODE          00000000 - 00000027          28   com    1
?FILL1               CODE          00000028 - 00000053          2C   rel    0
CODE                 CODE          00000054 - 00000C25         BD2   rel    1
INITTAB              CODE          00000C26 - 00000C2B           6   rel    0
ABSOLUTE             DATA               0000001C                     rel    0
                     DATA               0000001D                   
                     DATA               0000001E                   
                     DATA               0000001F                   
                     DATA          00000029 - 0000002C           4 
                     DATA          00000030 - 00000031           2 
                     DATA          00000040 - 00000040           1 
                     DATA          00000052 - 00000053           2 
                     DATA          00000059 - 00000059           1 
CSTACK               DATA          00000060 - 0000007F          20   dse    0
RSTACK               DATA          00000080 - 0000009F          20   dse    0
NEAR_I               DATA               000000A0                     dse    0
NEAR_Z               DATA          000000A0 - 000000AF          10   rel    0

                ****************************************
                *                                      *
                *        END OF CROSS REFERENCE        *
                *                                      *
                ****************************************

 3 072 bytes of CODE memory (+             44 range fill )
    80 bytes of DATA memory (+ 10 absolute )

Errors: none
Warnings: none

