Warning[w6]: Type conflict for external/entry "USART_transmit", in module functii against external/entry in module usart; prototyped function vs K&R function
  /* In module functii: */
  /* K&R Function, args 0, attr 0 */
  int (__version_3 USART_transmit)();
  /* In module usart: */
  /* Function, args 1, attr 0 */
  void (__version_3 USART_transmit)(unsigned char);
################################################################################
#                                                                              #
#      IAR Universal Linker V5.2.5.17                                          #
#                                                                              #
#           Link time     =  22/Dec/2014  14:37:06                             #
#           Target CPU    =  A90                                               #
#           List file     =  "D:\1307B\CRC functie\Debug\List\crc.map"         #
#           Output file 1 =  "D:\1307B\CRC functie\Debug\Exe\crc.d90"          #
#                            Format: debug                                     #
#                            UBROF version 10.0.6                              #
#                            Using library modules for C-SPY (-rt)             #
#           Command line  =  "D:\1307B\CRC functie\Debug\Obj\functii.r90"      #
#                            "D:\1307B\CRC functie\Debug\Obj\main.r90"         #
#                            "D:\1307B\CRC functie\Debug\Obj\usart.r90" -o     #
#                            "D:\1307B\CRC functie\Debug\Exe\crc.d90" -l       #
#                            "D:\1307B\CRC functie\Debug\List\crc.map" -xms    #
#                            "-IC:\Program Files (x86)\IAR Systems\Embedded Wo #
#                            rkbench 6.0\avr\LIB\"                             #
#                            -f                                                #
#                            "C:\Program Files (x86)\IAR Systems\Embedded Work #
#                            bench 6.0\avr\src\template\cfgm16.xcl"            #
#                            (-D_..X_INTVEC_SIZE=54 -D_..X_FLASH_NEND=3FFF     #
#                            -D_..X_FLASH_END=3FFF -D_..X_SRAM_BASE=60         #
#                            -D_..X_SRAM_TBASE=_..X_SRAM_BASE                  #
#                            -D_..X_SRAM_TSIZE=(100-_..X_SRAM_BASE)            #
#                            -D_..X_SRAM_END=45F                               #
#                            -D_..X_EXT_SRAM_BASE=_..X_SRAM_END                #
#                            -D_..X_EXT_SRAM_SIZE=0                            #
#                            -D_..X_EXT_ROM_BASE=_..X_SRAM_END                 #
#                            -D_..X_EXT_ROM_SIZE=0                             #
#                            -D_..X_EXT_NV_BASE=_..X_SRAM_END                  #
#                            -D_..X_EXT_NV_SIZE=0 -D_..X_EEPROM_END=1FF        #
#                            -D_..X_EEPROM_START=0) -Hff -J2,crc16,,,,1,0      #
#                            -D_..X_HEAP_SIZE=10 -D_..X_TINY_HEAP_SIZE=0       #
#                            -D_..X_NEAR_HEAP_SIZE=0 -D_..X_FAR_HEAP_SIZE=0    #
#                            -D_..X_HUGE_HEAP_SIZE=0 -D_..X_CSTACK_SIZE=50     #
#                            -D_..X_RSTACK_SIZE=64                             #
#                            -D_..X_FLASH_CODE_END=_..X_FLASH_END -f           #
#                            "C:\Program Files (x86)\IAR Systems\Embedded Work #
#                            bench 6.0\avr\src\template\cfg3soim.xcl"          #
#                            (-ca90 -w29                                       #
#                            -Z(CODE)INTVEC=0-(_..X_INTVEC_SIZE-1)             #
#                            -Z(CODE)TINY_F=_..X_FLASH_BASE-FF                 #
#                            -Z(CODE)NEAR_F=_..X_FLASH_BASE-_..X_FLASH_NEND    #
#                            -Z(CODE)SWITCH=_..X_FLASH_BASE-_..X_FLASH_NEND    #
#                            -Z(CODE)DIFUNCT=_..X_FLASH_BASE-_..X_FLASH_NEND   #
#                            -Z(CODE)CODE=_..X_FLASH_BASE-_..X_FLASH_END       #
#                            -P(CODE)FAR_F=[_..X_FLASH_BASE-_..X_FLASH_END]/10 #
#                            000                                               #
#                            -Z(CODE)INITTAB=_..X_FLASH_BASE-_..X_FLASH_END    #
#                            -Z(CODE)HUGE_F=_..X_FLASH_BASE-_..X_FLASH_END     #
#                            -Z(CODE)TINY_ID=_..X_FLASH_BASE-_..X_FLASH_END    #
#                            -Z(CODE)NEAR_ID=_..X_FLASH_BASE-_..X_FLASH_END    #
#                            -Z(CODE)CHECKSUM#_..X_FLASH_END                   #
#                            -Z(DATA)TINY_I,TINY_Z,TINY_N=_..X_SRAM_TBASE:+_.. #
#                            X_SRAM_TSIZE                                      #
#                            -Z(DATA)CSTACK+_..X_CSTACK_SIZE=_..X_CSTACK_BASE- #
#                            _..X_CSTACK_END                                   #
#                            -Z(DATA)HEAP+_..X_HEAP_SIZE=_..X_SRAM_BASE-_..X_S #
#                            RAM_END                                           #
#                            -Z(DATA)IOSTREAM_N#_..X_SRAM_BASE-_..X_SRAM_END   #
#                            -Z(DATA)NEAR_HEAP+_..X_NEAR_HEAP_SIZE=_..X_SRAM_B #
#                            ASE-_..X_SRAM_END                                 #
#                            -Z(DATA)RSTACK+_..X_RSTACK_SIZE=_..X_RSTACK_BASE- #
#                            _..X_RSTACK_END                                   #
#                            -Z(DATA)NEAR_I,NEAR_Z,NEAR_N=_..X_SRAM_BASE-_..X_ #
#                            SRAM_END                                          #
#                            -Z(XDATA)EEPROM_I,EEPROM_N=_..X_EEPROM_START-_..X #
#                            _EEPROM_END)                                      #
#                            -D_..X_FLASH_BASE=2                               #
#                            -D_..X_CSTACK_BASE=_..X_SRAM_BASE                 #
#                            -D_..X_CSTACK_END=_..X_SRAM_END                   #
#                            -D_..X_RSTACK_BASE=_..X_SRAM_BASE                 #
#                            -D_..X_RSTACK_END=_..X_SRAM_END -rt -s            #
#                            __program_start                                   #
#                            "C:\Program Files (x86)\IAR Systems\Embedded Work #
#                            bench 6.0\avr\LIB\CLIB\cl3s-ec_mul-sf.r90"        #
#                            -e_large_write=_formatted_write                   #
#                            -e_large_read=_formatted_read                     #
#                                                                              #
#                           Copyright (C) 1987-2011 IAR Systems AB.            #
################################################################################





                ****************************************
                *                                      *
                *           CROSS REFERENCE            *
                *                                      *
                ****************************************

       Program entry at : CODE      00000000  Relocatable, from module : ?RESET




                ****************************************
                *                                      *
                *            RUNTIME MODEL             *
                *                                      *
                ****************************************

  R10             = REG
  R11             = REG
  R12             = REG
  R13             = REG
  R14             = REG
  R15             = REG
  R4              = REG
  R5              = REG
  R6              = REG
  R7              = REG
  R8              = REG
  R9              = REG
  __64bit_doubles = disabled
  __SystemLibrary = CLib
  __cpu           = 3
  __cpu_name      = ATmega16
  __enhanced_core = enabled
  __has_elpm      = false
  __memory_model  = 2
  __rt_version    = 3
  __tiny_avr      = false

                ****************************************
                *                                      *
                *    AUTOMATIC SYMBOL REDIRECTIONS     *
                *                                      *
                ****************************************

                  There are no automatic symbol redirections.



                ****************************************
                *                                      *
                *              MODULE MAP              *
                *                                      *
                ****************************************


  DEFINED ABSOLUTE ENTRIES
  PROGRAM MODULE, NAME : ?ABS_ENTRY_MOD

Absolute parts
           ENTRY                   ADDRESS         REF BY
           =====                   =======         ======
           _..X_RSTACK_END         0000045F 
           _..X_RSTACK_BASE        00000060 
           _..X_CSTACK_END         0000045F 
           _..X_CSTACK_BASE        00000060 
           _..X_FLASH_BASE         00000002 
           _..X_FLASH_CODE_END     00003FFF 
           _..X_RSTACK_SIZE        00000064 
           _..X_CSTACK_SIZE        00000050 
           _..X_HUGE_HEAP_SIZE     00000000 
           _..X_FAR_HEAP_SIZE      00000000 
           _..X_NEAR_HEAP_SIZE     00000000 
           _..X_TINY_HEAP_SIZE     00000000 
           _..X_HEAP_SIZE          00000010 
           _..X_EEPROM_START       00000000 
           _..X_EEPROM_END         000001FF 
           _..X_EXT_NV_SIZE        00000000 
           _..X_EXT_NV_BASE        0000045F 
           _..X_EXT_ROM_SIZE       00000000 
           _..X_EXT_ROM_BASE       0000045F 
           _..X_EXT_SRAM_SIZE      00000000 
           _..X_EXT_SRAM_BASE      0000045F 
           _..X_SRAM_END           0000045F 
           _..X_SRAM_TSIZE         000000A0 
           _..X_SRAM_TBASE         00000060 
           _..X_SRAM_BASE          00000060 
           _..X_FLASH_END          00003FFF 
           _..X_FLASH_NEND         00003FFF 
           _..X_INTVEC_SIZE        00000054 
    *************************************************************************

  FILE NAME : D:\1307B\CRC functie\Debug\Obj\functii.r90
  PROGRAM MODULE, NAME : functii

  SEGMENTS IN THE MODULE
  ======================
CODE
  Relative segment, address: CODE 00000014 - 0000009B (0x88 bytes), align: 1
  Segment part 15.
           ENTRY                   ADDRESS         REF BY
           =====                   =======         ======
           crc16                   00000014        main (main)
               RSTACK = 00000000 ( 00000002 )
               CSTACK = 00000000 ( 00000006 )
    -------------------------------------------------------------------------
CODE
  Relative segment, address: CODE 0000009C - 000000A9 (0xe bytes), align: 1
  Segment part 16.
           ENTRY                   ADDRESS         REF BY
           =====                   =======         ======
           min                     0000009C        main (main)
               RSTACK = 00000000 ( 00000002 )
    -------------------------------------------------------------------------
CODE
  Relative segment, address: CODE 000000AA - 000000D1 (0x28 bytes), align: 1
  Segment part 17.
           ENTRY                   ADDRESS         REF BY
           =====                   =======         ======
           lungimeFunctie          000000AA        main (main)
               RSTACK = 00000000 ( 00000002 )
    -------------------------------------------------------------------------
CODE
  Relative segment, address: CODE 000000D2 - 00000111 (0x40 bytes), align: 1
  Segment part 18.            Intra module refs:   Segment part 24
           ENTRY                   ADDRESS         REF BY
           =====                   =======         ======
           myprint                 000000D2        main (main)
               calls direct
               RSTACK = 00000000 ( 00000002 )
               CSTACK = 00000000 ( 00000006 )
    -------------------------------------------------------------------------
CODE
  Relative segment, address: CODE 00000112 - 00000193 (0x82 bytes), align: 1
  Segment part 19.            Intra module refs:   myprint
           ENTRY                   ADDRESS         REF BY
           =====                   =======         ======
           integerTransmit         00000112 
               calls direct
               RSTACK = 00000000 ( 00000004 )
               CSTACK = 00000000 ( 0000000F )
    -------------------------------------------------------------------------
CODE
  Relative segment, address: CODE 00000194 - 0000025D (0xca bytes), align: 1
  Segment part 20.            Intra module refs:   myprint
           ENTRY                   ADDRESS         REF BY
           =====                   =======         ======
           hexadecimalTransmit     00000194 
               calls direct
               RSTACK = 00000000 ( 00000004 )
               CSTACK = 00000000 ( 00000018 )
    -------------------------------------------------------------------------
CODE
  Relative segment, address: CODE 0000025E - 000003B5 (0x158 bytes), align: 1
  Segment part 21.            Intra module refs:   myprint
           ENTRY                   ADDRESS         REF BY
           =====                   =======         ======
           doubleTransmit          0000025E 
               calls direct
               RSTACK = 00000000 ( 00000004 )
               CSTACK = 00000000 ( 00000018 )
    -------------------------------------------------------------------------
CODE
  Relative segment, address: CODE 000003B6 - 000003ED (0x38 bytes), align: 1
  Segment part 23.            Intra module refs:   myprint
           ENTRY                   ADDRESS         REF BY
           =====                   =======         ======
           characterTransmit       000003B6 
               calls direct
               RSTACK = 00000000 ( 00000002 )
               CSTACK = 00000000 ( 0000000A )
    -------------------------------------------------------------------------
ABSOLUTE
  Relative segment, address: DATA 0000001C, align: 0
  Segment part 1. ROOT.
           ENTRY                   ADDRESS         REF BY
           =====                   =======         ======
           __?EECR                 0000001C 
    -------------------------------------------------------------------------
ABSOLUTE
  Relative segment, address: DATA 0000001D, align: 0
  Segment part 2. ROOT.
           ENTRY                   ADDRESS         REF BY
           =====                   =======         ======
           __?EEDR                 0000001D 
    -------------------------------------------------------------------------
ABSOLUTE
  Relative segment, address: DATA 0000001E, align: 0
  Segment part 3. ROOT.
           ENTRY                   ADDRESS         REF BY
           =====                   =======         ======
           __?EEARL                0000001E 
    -------------------------------------------------------------------------
ABSOLUTE
  Relative segment, address: DATA 0000001F, align: 0
  Segment part 4. ROOT.
           ENTRY                   ADDRESS         REF BY
           =====                   =======         ======
           __?EEARH                0000001F 
    -------------------------------------------------------------------------
INITTAB
  Relative segment, address: CODE 00000AA6 - 00000AAB (0x6 bytes), align: 0
  Segment part 10.            Intra module refs:   str (main)
           ENTRY                   ADDRESS         REF BY
           =====                   =======         ======
           ?<Segment init: NEAR_I>
                                   00000AA6 
    -------------------------------------------------------------------------
SWITCH
  Relative segment, address: CODE 00000004 - 00000013 (0x10 bytes), align: 1
  Segment part 24.            Intra module refs:   myprint

    *************************************************************************

  FILE NAME : D:\1307B\CRC functie\Debug\Obj\main.r90
  PROGRAM MODULE, NAME : main

  SEGMENTS IN THE MODULE
  ======================
NEAR_Z
  Relative segment, address: DATA 0000011E - 0000011F (0x2 bytes), align: 0
  Segment part 7.             Intra module refs:   main
           ENTRY                   ADDRESS         REF BY
           =====                   =======         ======
           mycrc16                 0000011E 
    -------------------------------------------------------------------------
NEAR_I
  Relative segment, address: DATA 00000114 - 0000011D (0xa bytes), align: 0
  Segment part 9.             Intra module refs:   main
           ENTRY                   ADDRESS         REF BY
           =====                   =======         ======
           str                     00000114 
    -------------------------------------------------------------------------
NEAR_Z
  Relative segment, address: DATA 00000120 - 00000121 (0x2 bytes), align: 0
  Segment part 12.            Intra module refs:   main
           ENTRY                   ADDRESS         REF BY
           =====                   =======         ======
           lung                    00000120 
    -------------------------------------------------------------------------
NEAR_Z
  Relative segment, address: DATA 00000122 - 00000123 (0x2 bytes), align: 0
  Segment part 13.            Intra module refs:   main
           ENTRY                   ADDRESS         REF BY
           =====                   =======         ======
           adresa                  00000122 
    -------------------------------------------------------------------------
NEAR_Z
  Relative segment, address: DATA 00000124 - 0000012B (0x8 bytes), align: 0
  Segment part 14.            Intra module refs:   main
           ENTRY                   ADDRESS         REF BY
           =====                   =======         ======
           adresaA                 00000124 
    -------------------------------------------------------------------------
NEAR_Z
  Relative segment, address: DATA 0000012C - 00000133 (0x8 bytes), align: 0
  Segment part 15.            Intra module refs:   main
           ENTRY                   ADDRESS         REF BY
           =====                   =======         ======
           adresaSF                0000012C 
    -------------------------------------------------------------------------
NEAR_Z
  Relative segment, address: DATA 00000134 - 00000135 (0x2 bytes), align: 0
  Segment part 16.            Intra module refs:   main
           ENTRY                   ADDRESS         REF BY
           =====                   =======         ======
           aStart                  00000134 
    -------------------------------------------------------------------------
NEAR_Z
  Relative segment, address: DATA 00000136 - 00000137 (0x2 bytes), align: 0
  Segment part 17.            Intra module refs:   main
           ENTRY                   ADDRESS         REF BY
           =====                   =======         ======
           aFinal                  00000136 
    -------------------------------------------------------------------------
NEAR_Z
  Relative segment, address: DATA 00000138 - 00000139 (0x2 bytes), align: 0
  Segment part 18.            Intra module refs:   main
           ENTRY                   ADDRESS         REF BY
           =====                   =======         ======
           hexCrc                  00000138 
    -------------------------------------------------------------------------
CODE
  Relative segment, address: CODE 000003EE - 0000055D (0x170 bytes), align: 1
  Segment part 20.
           ENTRY                   ADDRESS         REF BY
           =====                   =======         ======
           main                    000003EE        ?cstartup_call_main (?C_STARTUP)
               calls direct
               RSTACK = 00000000 ( 00000004 )
               CSTACK = 00000000 ( 0000000B )
    -------------------------------------------------------------------------
INITTAB
  Relative segment, address: CODE 00000AAC - 00000AB1 (0x6 bytes), align: 0
  Segment part 8.             Intra module refs:   aFinal
                                                   aStart
                                                   adresa
                                                   adresaA
                                                   adresaSF
                                                   hexCrc
                                                   lung
                                                   mycrc16
           ENTRY                   ADDRESS         REF BY
           =====                   =======         ======
           ?<Segment init: NEAR_Z>
                                   00000AAC 
    -------------------------------------------------------------------------
NEAR_ID
  Relative segment, address: CODE 00000AB2 - 00000ABB (0xa bytes), align: 0
  Segment part 10.            Intra module refs:   str

    *************************************************************************

  FILE NAME : D:\1307B\CRC functie\Debug\Obj\usart.r90
  PROGRAM MODULE, NAME : usart

  SEGMENTS IN THE MODULE
  ======================
ABSOLUTE
  Relative segment, address: DATA 00000040 - 00000040 (0x1 bytes), align: 0
  Segment part 1. ROOT.       Intra module refs:   USART_initialize
           ENTRY                   ADDRESS         REF BY
           =====                   =======         ======
           _A_UBRRH                00000040 
           LOCAL                   ADDRESS         
           =====                   =======         
           UBRRH                   00000040 
           UCSRC                   00000040 
    -------------------------------------------------------------------------
ABSOLUTE
  Relative segment, address: DATA 00000031 - 00000031 (0x1 bytes), align: 0
  Segment part 2. ROOT.       Intra module refs:   USART_initialize
           ENTRY                   ADDRESS         REF BY
           =====                   =======         ======
           _A_DDRD                 00000031 
           LOCAL                   ADDRESS         
           =====                   =======         
           DDRD                    00000031 
    -------------------------------------------------------------------------
ABSOLUTE
  Relative segment, address: DATA 0000002C - 0000002C (0x1 bytes), align: 0
  Segment part 3. ROOT.       Intra module refs:   USART_transmit
           ENTRY                   ADDRESS         REF BY
           =====                   =======         ======
           _A_UDR                  0000002C 
           LOCAL                   ADDRESS         
           =====                   =======         
           UDR                     0000002C 
    -------------------------------------------------------------------------
ABSOLUTE
  Relative segment, address: DATA 0000002B - 0000002B (0x1 bytes), align: 0
  Segment part 4. ROOT.       Intra module refs:   USART_transmit
           ENTRY                   ADDRESS         REF BY
           =====                   =======         ======
           _A_UCSRA                0000002B 
           LOCAL                   ADDRESS         
           =====                   =======         
           UCSRA                   0000002B 
    -------------------------------------------------------------------------
ABSOLUTE
  Relative segment, address: DATA 0000002A - 0000002A (0x1 bytes), align: 0
  Segment part 5. ROOT.       Intra module refs:   USART_initialize
           ENTRY                   ADDRESS         REF BY
           =====                   =======         ======
           _A_UCSRB                0000002A 
           LOCAL                   ADDRESS         
           =====                   =======         
           UCSRB                   0000002A 
    -------------------------------------------------------------------------
ABSOLUTE
  Relative segment, address: DATA 00000029 - 00000029 (0x1 bytes), align: 0
  Segment part 6. ROOT.       Intra module refs:   USART_initialize
           ENTRY                   ADDRESS         REF BY
           =====                   =======         ======
           _A_UBRRL                00000029 
           LOCAL                   ADDRESS         
           =====                   =======         
           UBRRL                   00000029 
    -------------------------------------------------------------------------
CODE
  Relative segment, address: CODE 0000055E - 00000573 (0x16 bytes), align: 1
  Segment part 13.
           ENTRY                   ADDRESS         REF BY
           =====                   =======         ======
           USART_initialize        0000055E        main (main)
               RSTACK = 00000000 ( 00000002 )
    -------------------------------------------------------------------------
CODE
  Relative segment, address: CODE 00000574 - 0000057B (0x8 bytes), align: 1
  Segment part 14.
           ENTRY                   ADDRESS         REF BY
           =====                   =======         ======
           USART_transmit          00000574        characterTransmit (functii)
                                                   doubleTransmit (functii)
                                                   hexadecimalTransmit (functii)
                                                   integerTransmit (functii)
                                                   main (main)
               RSTACK = 00000000 ( 00000002 )

    *************************************************************************

  FILE NAME : C:\Program Files (x86)\IAR Systems\Embedded Workbench 6.0\avr\LIB\CLIB\cl3s-ec_mul-sf.r90
  LIBRARY MODULE, NAME : ?__exit

  SEGMENTS IN THE MODULE
  ======================
CODE
  Relative segment, address: CODE 0000057C - 00000581 (0x6 bytes), align: 1
  Segment part 0.
           ENTRY                   ADDRESS         REF BY
           =====                   =======         ======
           __exit                  0000057E 
           ?C_EXIT                 0000057E 
           ?C_FUNCALL              0000057C 
           _exit                   0000057C        ?cstartup_call_main (?C_STARTUP)
           exit                    0000057C        ?cstartup_call_main (?C_STARTUP)

    -------------------------------------------------------------------------
  LIBRARY MODULE, NAME : ?RESET

  SEGMENTS IN THE MODULE
  ======================
INTVEC
  Common segment, address: CODE 00000000 - 00000003 (0x4 bytes), align: 1
  Segment part 0. ROOT.
           ENTRY                   ADDRESS         REF BY
           =====                   =======         ======
           __program_start         00000000        Absolute parts (?ABS_ENTRY_MOD)
           ?RESET                  00000000        Segment part 2 (?C_STARTUP)

    -------------------------------------------------------------------------
  LIBRARY MODULE, NAME : ?C_STARTUP

  SEGMENTS IN THE MODULE
  ======================
CODE
  Relative segment, address: CODE 00000582, align: 1
  Segment part 2.
           ENTRY                   ADDRESS         REF BY
           =====                   =======         ======
           ?C_STARTUP              00000582        Segment part 0 (?RESET)
           __RESTART               00000582 
    -------------------------------------------------------------------------
CODE
  Relative segment, address: CODE 00000582 - 0000058D (0xc bytes), align: 1
  Segment part 5.             Intra module refs:   Segment part 2
    -------------------------------------------------------------------------
CODE
  Relative segment, address: CODE 0000058E - 00000591 (0x4 bytes), align: 1
  Segment part 7.             Intra module refs:   Segment part 5
           ENTRY                   ADDRESS         REF BY
           =====                   =======         ======
           ?call_low_level_init    0000058E 
    -------------------------------------------------------------------------
CODE
  Relative segment, address: CODE 00000592 - 00000599 (0x8 bytes), align: 1
  Segment part 8.
           ENTRY                   ADDRESS         REF BY
           =====                   =======         ======
           ?need_segment_init      00000592        ?<Segment init: NEAR_I> (functii)
                                                   ?<Segment init: NEAR_Z> (main)
    -------------------------------------------------------------------------
CODE
  Relative segment, address: CODE 0000059A - 000005A5 (0xc bytes), align: 1
  Segment part 9.             Intra module refs:   ?call_low_level_init
           ENTRY                   ADDRESS         REF BY
           =====                   =======         ======
           ?cstartup_call_main     0000059A 

    -------------------------------------------------------------------------
  LIBRARY MODULE, NAME : ?S_EC_MUL_L02

  SEGMENTS IN THE MODULE
  ======================
CODE
  Relative segment, address: CODE 000005A6 - 000005B5 (0x10 bytes), align: 1
  Segment part 0.
           ENTRY                   ADDRESS         REF BY
           =====                   =======         ======
           ?S_EC_MUL_L02           000005A6        integerTransmit (functii)

    -------------------------------------------------------------------------
  LIBRARY MODULE, NAME : ?US_DIVMOD_L02

  SEGMENTS IN THE MODULE
  ======================
CODE
  Relative segment, address: CODE 000005B6 - 000005DD (0x28 bytes), align: 1
  Segment part 0.
           ENTRY                   ADDRESS         REF BY
           =====                   =======         ======
           ?US_DIVMOD_L02          000005B6        ?SS_DIVMOD_L02 (?SS_DIVMOD_L02)

    -------------------------------------------------------------------------
  LIBRARY MODULE, NAME : ?SS_DIVMOD_L02

  SEGMENTS IN THE MODULE
  ======================
CODE
  Relative segment, address: CODE 000005DE - 0000060D (0x30 bytes), align: 1
  Segment part 0.
           ENTRY                   ADDRESS         REF BY
           =====                   =======         ======
           ?SS_DIVMOD_L02          000005E6        doubleTransmit (functii)
                                                   integerTransmit (functii)

    -------------------------------------------------------------------------
  LIBRARY MODULE, NAME : ?UL_SHR_L03

  SEGMENTS IN THE MODULE
  ======================
CODE
  Relative segment, address: CODE 0000060E - 0000061D (0x10 bytes), align: 1
  Segment part 0.
           ENTRY                   ADDRESS         REF BY
           =====                   =======         ======
           ?UL_SHR_L03             0000060E        Segment part 9 (?FLOATS_L04)

    -------------------------------------------------------------------------
  LIBRARY MODULE, NAME : ?SL_SHR_L03

  SEGMENTS IN THE MODULE
  ======================
CODE
  Relative segment, address: CODE 0000061E - 0000062D (0x10 bytes), align: 1
  Segment part 0.
           ENTRY                   ADDRESS         REF BY
           =====                   =======         ======
           ?SL_SHR_L03             0000061E        hexadecimalTransmit (functii)

    -------------------------------------------------------------------------
  LIBRARY MODULE, NAME : ?SL_DIVMOD_L03

  SEGMENTS IN THE MODULE
  ======================
CODE
  Relative segment, address: CODE 0000062E - 0000063D (0x10 bytes), align: 1
  Segment part 1.
           ENTRY                   ADDRESS         REF BY
           =====                   =======         ======
           ?L_NEG_L03              0000062E        ?SL2F_L04 (?FLOATS_L04)
                                                   Segment part 9 (?FLOATS_L04)

    -------------------------------------------------------------------------
  LIBRARY MODULE, NAME : ?FLOATS_L04

  SEGMENTS IN THE MODULE
  ======================
CODE
  Relative segment, address: CODE 0000063E - 00000667 (0x2a bytes), align: 1
  Segment part 0.             Intra module refs:   ?F2SL_L04
                                                   ?F_ADD_L04
                                                   ?F_MUL_L04
    -------------------------------------------------------------------------
CODE
  Relative segment, address: CODE 00000668 - 000006BB (0x54 bytes), align: 1
  Segment part 1.             Intra module refs:   ?F_ADD_L04
                                                   ?F_MUL_L04
                                                   Segment part 5
           ENTRY                   ADDRESS         REF BY
           =====                   =======         ======
           ?F_ROUND_L04            00000688 
    -------------------------------------------------------------------------
CODE
  Relative segment, address: CODE 000006BC - 000006BD (0x2 bytes), align: 1
  Segment part 3.             Intra module refs:   ?F_ROUND_L04
    -------------------------------------------------------------------------
CODE
  Relative segment, address: CODE 000006BE - 000006C7 (0xa bytes), align: 1
  Segment part 4.
           ENTRY                   ADDRESS         REF BY
           =====                   =======         ======
           ?SL2F_L04               000006BE        doubleTransmit (functii)
    -------------------------------------------------------------------------
CODE
  Relative segment, address: CODE 000006C8 - 000006D3 (0xc bytes), align: 1
  Segment part 5.             Intra module refs:   ?SL2F_L04
    -------------------------------------------------------------------------
CODE
  Relative segment, address: CODE 000006D4 - 000006E5 (0x12 bytes), align: 1
  Segment part 8.
           ENTRY                   ADDRESS         REF BY
           =====                   =======         ======
           ?F2SL_L04               000006D4        doubleTransmit (functii)
    -------------------------------------------------------------------------
CODE
  Relative segment, address: CODE 000006E6 - 00000709 (0x24 bytes), align: 1
  Segment part 9.             Intra module refs:   ?F2SL_L04
    -------------------------------------------------------------------------
CODE
  Relative segment, address: CODE 0000070A - 00000737 (0x2e bytes), align: 1
  Segment part 10.            Intra module refs:   ?F_ADD_L04
                                                   ?F_CMP_GE_L04
                                                   ?F_CMP_LT_L04
                                                   ?F_MUL_L04
                                                   Segment part 11
           ENTRY                   ADDRESS         REF BY
           =====                   =======         ======
           ?TEST_P_L04             0000070A 
    -------------------------------------------------------------------------
CODE
  Relative segment, address: CODE 00000738 - 00000757 (0x20 bytes), align: 1
  Segment part 11.            Intra module refs:   ?F_ADD_L04
                                                   ?F_CMP_GE_L04
                                                   ?F_CMP_LT_L04
                                                   ?F_MUL_L04
                                                   Segment part 17
                                                   Segment part 22
    -------------------------------------------------------------------------
CODE
  Relative segment, address: CODE 00000758 - 000007FF (0xa8 bytes), align: 1
  Segment part 12.            Intra module refs:   ?F_SUB_L04
                                                   Segment part 17
           ENTRY                   ADDRESS         REF BY
           =====                   =======         ======
           ?F_ADD_L04              00000778 
    -------------------------------------------------------------------------
CODE
  Relative segment, address: CODE 00000800 - 00000805 (0x6 bytes), align: 1
  Segment part 13.
           ENTRY                   ADDRESS         REF BY
           =====                   =======         ======
           ?F_SUB_L04              00000800        doubleTransmit (functii)
    -------------------------------------------------------------------------
CODE
  Relative segment, address: CODE 00000806 - 00000811 (0xc bytes), align: 1
  Segment part 14.            Intra module refs:   ?F2SL_L04
                                                   ?F_INFINITE_L04
                                                   ?F_MUL_L04
                                                   ?F_NAN_L04
                                                   Segment part 9
           ENTRY                   ADDRESS         REF BY
           =====                   =======         ======
           ?F_ZERO_L04             00000806 
    -------------------------------------------------------------------------
CODE
  Relative segment, address: CODE 00000812 - 00000819 (0x8 bytes), align: 1
  Segment part 15.            Intra module refs:   ?F_MUL_L04
                                                   Segment part 3
           ENTRY                   ADDRESS         REF BY
           =====                   =======         ======
           ?F_INFINITE_L04         00000812 
    -------------------------------------------------------------------------
CODE
  Relative segment, address: CODE 0000081A - 0000081F (0x6 bytes), align: 1
  Segment part 16.            Intra module refs:   ?F_ADD_L04
                                                   ?F_MUL_L04
                                                   Segment part 17
           ENTRY                   ADDRESS         REF BY
           =====                   =======         ======
           ?F_NAN_L04              0000081A 
    -------------------------------------------------------------------------
CODE
  Relative segment, address: CODE 00000820 - 00000839 (0x1a bytes), align: 1
  Segment part 17.            Intra module refs:   ?F_MUL_L04
    -------------------------------------------------------------------------
CODE
  Relative segment, address: CODE 0000083A - 0000090F (0xd6 bytes), align: 1
  Segment part 18.
           ENTRY                   ADDRESS         REF BY
           =====                   =======         ======
           ?F_MUL_L04              0000083A        doubleTransmit (functii)
    -------------------------------------------------------------------------
CODE
  Relative segment, address: CODE 00000910 - 00000917 (0x8 bytes), align: 1
  Segment part 21.
           ENTRY                   ADDRESS         REF BY
           =====                   =======         ======
           ?F_CMP_LT_L04           00000910        doubleTransmit (functii)
    -------------------------------------------------------------------------
CODE
  Relative segment, address: CODE 00000918 - 0000093F (0x28 bytes), align: 1
  Segment part 22.            Intra module refs:   ?F_CMP_GE_L04
                                                   ?F_CMP_LT_L04
    -------------------------------------------------------------------------
CODE
  Relative segment, address: CODE 00000940 - 0000094F (0x10 bytes), align: 1
  Segment part 23.
           ENTRY                   ADDRESS         REF BY
           =====                   =======         ======
           ?F_CMP_GE_L04           00000940        doubleTransmit (functii)

    -------------------------------------------------------------------------
  LIBRARY MODULE, NAME : ?xV_SWITCH_L06

  SEGMENTS IN THE MODULE
  ======================
CODE
  Relative segment, address: CODE 00000950 - 000009EB (0x9c bytes), align: 1
  Segment part 0.
           ENTRY                   ADDRESS         REF BY
           =====                   =======         ======
           ?CV_SWITCH_L06          00000962 
           ?SV_SWITCH_L06          0000096A        myprint (functii)
           ?LV_SWITCH_L06          00000976 

    -------------------------------------------------------------------------
  LIBRARY MODULE, NAME : ?PROLOGUE_L09

  SEGMENTS IN THE MODULE
  ======================
CODE
  Relative segment, address: CODE 000009EC - 000009ED (0x2 bytes), align: 1
  Segment part 2.
           ENTRY                   ADDRESS         REF BY
           =====                   =======         ======
           ?PROLOGUE14_L09         000009EC        doubleTransmit (functii)
                                                   hexadecimalTransmit (functii)
    -------------------------------------------------------------------------
CODE
  Relative segment, address: CODE 000009EE - 000009EF (0x2 bytes), align: 1
  Segment part 3.             Intra module refs:   ?PROLOGUE14_L09
           ENTRY                   ADDRESS         REF BY
           =====                   =======         ======
           ?PROLOGUE13_L09         000009EE 
    -------------------------------------------------------------------------
CODE
  Relative segment, address: CODE 000009F0 - 000009F1 (0x2 bytes), align: 1
  Segment part 4.             Intra module refs:   ?PROLOGUE13_L09
           ENTRY                   ADDRESS         REF BY
           =====                   =======         ======
           ?PROLOGUE12_L09         000009F0 
    -------------------------------------------------------------------------
CODE
  Relative segment, address: CODE 000009F2 - 000009F3 (0x2 bytes), align: 1
  Segment part 5.             Intra module refs:   ?PROLOGUE12_L09
           ENTRY                   ADDRESS         REF BY
           =====                   =======         ======
           ?PROLOGUE11_L09         000009F2 
    -------------------------------------------------------------------------
CODE
  Relative segment, address: CODE 000009F4 - 000009F5 (0x2 bytes), align: 1
  Segment part 6.             Intra module refs:   ?PROLOGUE11_L09
           ENTRY                   ADDRESS         REF BY
           =====                   =======         ======
           ?PROLOGUE10_L09         000009F4        characterTransmit (functii)
                                                   integerTransmit (functii)
    -------------------------------------------------------------------------
CODE
  Relative segment, address: CODE 000009F6 - 000009F7 (0x2 bytes), align: 1
  Segment part 7.             Intra module refs:   ?PROLOGUE10_L09
           ENTRY                   ADDRESS         REF BY
           =====                   =======         ======
           ?PROLOGUE9_L09          000009F6 
    -------------------------------------------------------------------------
CODE
  Relative segment, address: CODE 000009F8 - 000009F9 (0x2 bytes), align: 1
  Segment part 8.             Intra module refs:   ?PROLOGUE9_L09
           ENTRY                   ADDRESS         REF BY
           =====                   =======         ======
           ?PROLOGUE8_L09          000009F8 
    -------------------------------------------------------------------------
CODE
  Relative segment, address: CODE 000009FA - 000009FB (0x2 bytes), align: 1
  Segment part 9.             Intra module refs:   ?PROLOGUE8_L09
           ENTRY                   ADDRESS         REF BY
           =====                   =======         ======
           ?PROLOGUE7_L09          000009FA 
    -------------------------------------------------------------------------
CODE
  Relative segment, address: CODE 000009FC - 000009FD (0x2 bytes), align: 1
  Segment part 10.            Intra module refs:   ?PROLOGUE7_L09
           ENTRY                   ADDRESS         REF BY
           =====                   =======         ======
           ?PROLOGUE6_L09          000009FC        myprint (functii)
    -------------------------------------------------------------------------
CODE
  Relative segment, address: CODE 000009FE - 000009FF (0x2 bytes), align: 1
  Segment part 11.            Intra module refs:   ?PROLOGUE6_L09
           ENTRY                   ADDRESS         REF BY
           =====                   =======         ======
           ?PROLOGUE5_L09          000009FE 
    -------------------------------------------------------------------------
CODE
  Relative segment, address: CODE 00000A00 - 00000A01 (0x2 bytes), align: 1
  Segment part 12.            Intra module refs:   ?PROLOGUE5_L09
           ENTRY                   ADDRESS         REF BY
           =====                   =======         ======
           ?PROLOGUE4_L09          00000A00        crc16 (functii)
    -------------------------------------------------------------------------
CODE
  Relative segment, address: CODE 00000A02 - 00000A03 (0x2 bytes), align: 1
  Segment part 13.            Intra module refs:   ?PROLOGUE4_L09
           ENTRY                   ADDRESS         REF BY
           =====                   =======         ======
           ?PROLOGUE3_L09          00000A02 
    -------------------------------------------------------------------------
CODE
  Relative segment, address: CODE 00000A04 - 00000A05 (0x2 bytes), align: 1
  Segment part 14.            Intra module refs:   ?PROLOGUE3_L09
           ENTRY                   ADDRESS         REF BY
           =====                   =======         ======
           ?PROLOGUE2_L09          00000A04 
    -------------------------------------------------------------------------
CODE
  Relative segment, address: CODE 00000A06 - 00000A07 (0x2 bytes), align: 1
  Segment part 15.            Intra module refs:   ?PROLOGUE2_L09
           ENTRY                   ADDRESS         REF BY
           =====                   =======         ======
           ?PROLOGUE1_L09          00000A06 
    -------------------------------------------------------------------------
CODE
  Relative segment, address: CODE 00000A08 - 00000A09 (0x2 bytes), align: 1
  Segment part 16.            Intra module refs:   ?PROLOGUE1_L09

    -------------------------------------------------------------------------
  LIBRARY MODULE, NAME : ?EPILOGUE_B_L09

  SEGMENTS IN THE MODULE
  ======================
CODE
  Relative segment, address: CODE 00000A0A - 00000A0B (0x2 bytes), align: 1
  Segment part 2.
           ENTRY                   ADDRESS         REF BY
           =====                   =======         ======
           ?EPILOGUE_B14_L09       00000A0A        doubleTransmit (functii)
                                                   hexadecimalTransmit (functii)
    -------------------------------------------------------------------------
CODE
  Relative segment, address: CODE 00000A0C - 00000A0D (0x2 bytes), align: 1
  Segment part 3.             Intra module refs:   ?EPILOGUE_B14_L09
           ENTRY                   ADDRESS         REF BY
           =====                   =======         ======
           ?EPILOGUE_B13_L09       00000A0C 
    -------------------------------------------------------------------------
CODE
  Relative segment, address: CODE 00000A0E - 00000A0F (0x2 bytes), align: 1
  Segment part 4.             Intra module refs:   ?EPILOGUE_B13_L09
           ENTRY                   ADDRESS         REF BY
           =====                   =======         ======
           ?EPILOGUE_B12_L09       00000A0E 
    -------------------------------------------------------------------------
CODE
  Relative segment, address: CODE 00000A10 - 00000A11 (0x2 bytes), align: 1
  Segment part 5.             Intra module refs:   ?EPILOGUE_B12_L09
           ENTRY                   ADDRESS         REF BY
           =====                   =======         ======
           ?EPILOGUE_B11_L09       00000A10 
    -------------------------------------------------------------------------
CODE
  Relative segment, address: CODE 00000A12 - 00000A13 (0x2 bytes), align: 1
  Segment part 6.             Intra module refs:   ?EPILOGUE_B11_L09
           ENTRY                   ADDRESS         REF BY
           =====                   =======         ======
           ?EPILOGUE_B10_L09       00000A12        characterTransmit (functii)
                                                   integerTransmit (functii)
    -------------------------------------------------------------------------
CODE
  Relative segment, address: CODE 00000A14 - 00000A15 (0x2 bytes), align: 1
  Segment part 7.             Intra module refs:   ?EPILOGUE_B10_L09
           ENTRY                   ADDRESS         REF BY
           =====                   =======         ======
           ?EPILOGUE_B9_L09        00000A14 
    -------------------------------------------------------------------------
CODE
  Relative segment, address: CODE 00000A16 - 00000A17 (0x2 bytes), align: 1
  Segment part 8.             Intra module refs:   ?EPILOGUE_B9_L09
           ENTRY                   ADDRESS         REF BY
           =====                   =======         ======
           ?EPILOGUE_B8_L09        00000A16 
    -------------------------------------------------------------------------
CODE
  Relative segment, address: CODE 00000A18 - 00000A19 (0x2 bytes), align: 1
  Segment part 9.             Intra module refs:   ?EPILOGUE_B8_L09
           ENTRY                   ADDRESS         REF BY
           =====                   =======         ======
           ?EPILOGUE_B7_L09        00000A18 
    -------------------------------------------------------------------------
CODE
  Relative segment, address: CODE 00000A1A - 00000A1B (0x2 bytes), align: 1
  Segment part 10.            Intra module refs:   ?EPILOGUE_B7_L09
           ENTRY                   ADDRESS         REF BY
           =====                   =======         ======
           ?EPILOGUE_B6_L09        00000A1A        myprint (functii)
    -------------------------------------------------------------------------
CODE
  Relative segment, address: CODE 00000A1C - 00000A1D (0x2 bytes), align: 1
  Segment part 11.            Intra module refs:   ?EPILOGUE_B6_L09
           ENTRY                   ADDRESS         REF BY
           =====                   =======         ======
           ?EPILOGUE_B5_L09        00000A1C 
    -------------------------------------------------------------------------
CODE
  Relative segment, address: CODE 00000A1E - 00000A1F (0x2 bytes), align: 1
  Segment part 12.            Intra module refs:   ?EPILOGUE_B5_L09
           ENTRY                   ADDRESS         REF BY
           =====                   =======         ======
           ?EPILOGUE_B4_L09        00000A1E        crc16 (functii)
    -------------------------------------------------------------------------
CODE
  Relative segment, address: CODE 00000A20 - 00000A21 (0x2 bytes), align: 1
  Segment part 13.            Intra module refs:   ?EPILOGUE_B4_L09
           ENTRY                   ADDRESS         REF BY
           =====                   =======         ======
           ?EPILOGUE_B3_L09        00000A20 
    -------------------------------------------------------------------------
CODE
  Relative segment, address: CODE 00000A22 - 00000A23 (0x2 bytes), align: 1
  Segment part 14.            Intra module refs:   ?EPILOGUE_B3_L09
           ENTRY                   ADDRESS         REF BY
           =====                   =======         ======
           ?EPILOGUE_B2_L09        00000A22 
    -------------------------------------------------------------------------
CODE
  Relative segment, address: CODE 00000A24 - 00000A25 (0x2 bytes), align: 1
  Segment part 15.            Intra module refs:   ?EPILOGUE_B2_L09
           ENTRY                   ADDRESS         REF BY
           =====                   =======         ======
           ?EPILOGUE_B1_L09        00000A24 
    -------------------------------------------------------------------------
CODE
  Relative segment, address: CODE 00000A26 - 00000A2F (0xa bytes), align: 1
  Segment part 16.            Intra module refs:   ?EPILOGUE_B1_L09
           ENTRY                   ADDRESS         REF BY
           =====                   =======         ======
           ?EPILOGUE_B0_L09        00000A26 

    -------------------------------------------------------------------------
  LIBRARY MODULE, NAME : ?REGISTER_CGREGR4_L10

  SEGMENTS IN THE MODULE
  ======================
CODE
  Relative segment, address: CODE 00000A30, align: 1
  Segment part 0.
           ENTRY                   ADDRESS         REF BY
           =====                   =======         ======
           ?Register_R4_is_cg_reg
                                   00000A30        characterTransmit (functii)
                                                   doubleTransmit (functii)
                                                   hexadecimalTransmit (functii)
                                                   integerTransmit (functii)
                                                   myprint (functii)

    -------------------------------------------------------------------------
  LIBRARY MODULE, NAME : ?REGISTER_CGREGR5_L10

  SEGMENTS IN THE MODULE
  ======================
CODE
  Relative segment, address: CODE 00000A30, align: 1
  Segment part 0.
           ENTRY                   ADDRESS         REF BY
           =====                   =======         ======
           ?Register_R5_is_cg_reg
                                   00000A30        characterTransmit (functii)
                                                   doubleTransmit (functii)
                                                   hexadecimalTransmit (functii)
                                                   integerTransmit (functii)
                                                   myprint (functii)

    -------------------------------------------------------------------------
  LIBRARY MODULE, NAME : ?REGISTER_CGREGR6_L10

  SEGMENTS IN THE MODULE
  ======================
CODE
  Relative segment, address: CODE 00000A30, align: 1
  Segment part 0.
           ENTRY                   ADDRESS         REF BY
           =====                   =======         ======
           ?Register_R6_is_cg_reg
                                   00000A30        characterTransmit (functii)
                                                   doubleTransmit (functii)
                                                   hexadecimalTransmit (functii)
                                                   integerTransmit (functii)

    -------------------------------------------------------------------------
  LIBRARY MODULE, NAME : ?REGISTER_CGREGR7_L10

  SEGMENTS IN THE MODULE
  ======================
CODE
  Relative segment, address: CODE 00000A30, align: 1
  Segment part 0.
           ENTRY                   ADDRESS         REF BY
           =====                   =======         ======
           ?Register_R7_is_cg_reg
                                   00000A30        characterTransmit (functii)
                                                   doubleTransmit (functii)
                                                   hexadecimalTransmit (functii)
                                                   integerTransmit (functii)

    -------------------------------------------------------------------------
  LIBRARY MODULE, NAME : ?REGISTER_CGREGR8_L10

  SEGMENTS IN THE MODULE
  ======================
CODE
  Relative segment, address: CODE 00000A30, align: 1
  Segment part 0.
           ENTRY                   ADDRESS         REF BY
           =====                   =======         ======
           ?Register_R8_is_cg_reg
                                   00000A30        characterTransmit (functii)
                                                   doubleTransmit (functii)
                                                   hexadecimalTransmit (functii)
                                                   integerTransmit (functii)

    -------------------------------------------------------------------------
  LIBRARY MODULE, NAME : ?REGISTER_CGREGR9_L10

  SEGMENTS IN THE MODULE
  ======================
CODE
  Relative segment, address: CODE 00000A30, align: 1
  Segment part 0.
           ENTRY                   ADDRESS         REF BY
           =====                   =======         ======
           ?Register_R9_is_cg_reg
                                   00000A30        characterTransmit (functii)
                                                   doubleTransmit (functii)
                                                   hexadecimalTransmit (functii)
                                                   integerTransmit (functii)

    -------------------------------------------------------------------------
  LIBRARY MODULE, NAME : ?REGISTER_CGREGR10_L10

  SEGMENTS IN THE MODULE
  ======================
CODE
  Relative segment, address: CODE 00000A30, align: 1
  Segment part 0.
           ENTRY                   ADDRESS         REF BY
           =====                   =======         ======
           ?Register_R10_is_cg_reg
                                   00000A30        doubleTransmit (functii)
                                                   hexadecimalTransmit (functii)

    -------------------------------------------------------------------------
  LIBRARY MODULE, NAME : ?REGISTER_CGREGR11_L10

  SEGMENTS IN THE MODULE
  ======================
CODE
  Relative segment, address: CODE 00000A30, align: 1
  Segment part 0.
           ENTRY                   ADDRESS         REF BY
           =====                   =======         ======
           ?Register_R11_is_cg_reg
                                   00000A30        doubleTransmit (functii)
                                                   hexadecimalTransmit (functii)

    -------------------------------------------------------------------------
  LIBRARY MODULE, NAME : ?REGISTER_CGREGR12_L10

  SEGMENTS IN THE MODULE
  ======================
CODE
  Relative segment, address: CODE 00000A30, align: 1
  Segment part 0.
           ENTRY                   ADDRESS         REF BY
           =====                   =======         ======
           ?Register_R12_is_cg_reg
                                   00000A30        doubleTransmit (functii)
                                                   hexadecimalTransmit (functii)

    -------------------------------------------------------------------------
  LIBRARY MODULE, NAME : ?REGISTER_CGREGR13_L10

  SEGMENTS IN THE MODULE
  ======================
CODE
  Relative segment, address: CODE 00000A30, align: 1
  Segment part 0.
           ENTRY                   ADDRESS         REF BY
           =====                   =======         ======
           ?Register_R13_is_cg_reg
                                   00000A30        doubleTransmit (functii)
                                                   hexadecimalTransmit (functii)

    -------------------------------------------------------------------------
  LIBRARY MODULE, NAME : ?LONGLONG

  SEGMENTS IN THE MODULE
  ======================
CODE
  Relative segment, address: CODE 00000A30 - 00000A51 (0x22 bytes), align: 1
  Segment part 3.
           ENTRY                   ADDRESS         REF BY
           =====                   =======         ======
           ?LL_ADD_L12             00000A30        main (main)

    -------------------------------------------------------------------------
  LIBRARY MODULE, NAME : ?low_level_init

  SEGMENTS IN THE MODULE
  ======================
CODE
  Relative segment, address: CODE 00000A52 - 00000A55 (0x4 bytes), align: 1
  Segment part 3.
           ENTRY                   ADDRESS         REF BY
           =====                   =======         ======
           __low_level_init        00000A52        ?call_low_level_init (?C_STARTUP)
               RSTACK = 00000000 ( 00000002 )

    -------------------------------------------------------------------------
  LIBRARY MODULE, NAME : ?segment_init

  SEGMENTS IN THE MODULE
  ======================
CODE
  Relative segment, address: CODE 00000A56 - 00000A5D (0x8 bytes), align: 1
  Segment part 3.             Intra module refs:   __segment_init
           LOCAL                   ADDRESS         
           =====                   =======         
           __memclr                00000A56 
               RSTACK = 00000000 ( 00000002 )
    -------------------------------------------------------------------------
CODE
  Relative segment, address: CODE 00000A5E - 00000A65 (0x8 bytes), align: 1
  Segment part 4.             Intra module refs:   __segment_init
           LOCAL                   ADDRESS         
           =====                   =======         
           __flashcpy              00000A5E 
               RSTACK = 00000000 ( 00000002 )
    -------------------------------------------------------------------------
CODE
  Relative segment, address: CODE 00000A66 - 00000A71 (0xc bytes), align: 1
  Segment part 5.             Intra module refs:   __flashcpy
                                                   __memclr
    -------------------------------------------------------------------------
CODE
  Relative segment, address: CODE 00000A72 - 00000AA5 (0x34 bytes), align: 1
  Segment part 6.
           ENTRY                   ADDRESS         REF BY
           =====                   =======         ======
           __segment_init          00000A72        ?need_segment_init (?C_STARTUP)
               calls direct
               RSTACK = 00000000 ( 00000002 )

    *************************************************************************

  DEFINED ABSOLUTE ENTRIES
  PROGRAM MODULE, NAME : ?FILLER_BYTES

  SEGMENTS IN THE MODULE
  ======================
INTVEC
  Common segment, address: CODE 00000000 - 00000003 (0x4 bytes), align: 0
  Segment part 1.
    -------------------------------------------------------------------------
?FILL1
  Relative segment, address: CODE 00000ABC - 00003FFD (0x3542 bytes), align: 0
  Segment part 0.

    *************************************************************************

  DEFINED ABSOLUTE ENTRIES
  PROGRAM MODULE, NAME : ?CHECKSUM

  SEGMENTS IN THE MODULE
  ======================
CHECKSUM
  Relative segment, address: CODE 00003FFE - 00003FFF (0x2 bytes), align: 0
  Segment part 1. ROOT.
           ENTRY                   ADDRESS         REF BY
           =====                   =======         ======
           __checksum              00003FFE 




                ****************************************
                *                                      *
                *      SEGMENTS IN ADDRESS ORDER       *
                *                                      *
                ****************************************


SEGMENT              SPACE    START ADDRESS   END ADDRESS     SIZE  TYPE  ALIGN
=======              =====    =============   ===========     ====  ====  =====
INTVEC               CODE          00000000 - 00000003           4   com    1
SWITCH               CODE          00000004 - 00000013          10   rel    1
CODE                 CODE          00000014 - 00000AA5         A92   rel    1
INITTAB              CODE          00000AA6 - 00000AB1           C   rel    0
NEAR_ID              CODE          00000AB2 - 00000ABB           A   rel    0
?FILL1               CODE          00000ABC - 00003FFD        3542   rel    0
CHECKSUM             CODE          00003FFE - 00003FFF           2   rel    0
ABSOLUTE             DATA               0000001C                     rel    0
                     DATA               0000001D                   
                     DATA               0000001E                   
                     DATA               0000001F                   
                     DATA          00000029 - 0000002C           4 
                     DATA          00000031 - 00000031           1 
                     DATA          00000040 - 00000040           1 
CSTACK               DATA          00000060 - 000000AF          50   dse    0
RSTACK               DATA          000000B0 - 00000113          64   dse    0
NEAR_I               DATA          00000114 - 0000011D           A   rel    0
NEAR_Z               DATA          0000011E - 00000139          1C   rel    0


                ****************************************
                *                                      *
                *              CHECKSUMS               *
                *                                      *
                ****************************************

Symbol      Checksum  Memory  Start      End       Initial value
------      --------  ------  -----      ---       -------------
__checksum    0x34f5   CODE   00000000 - 00003FFD  0x0000 (#0x0000)

                ****************************************
                *                                      *
                *        END OF CROSS REFERENCE        *
                *                                      *
                ****************************************

 2 750 bytes of CODE memory (+            13 634 range fill )
   218 bytes of DATA memory (+ 6 absolute )

Errors: none
Warnings: 1

