################################################################################
#                                                                              #
#      IAR Universal Linker V5.2.5.17                                          #
#                                                                              #
#           Link time     =  18/Dec/2014  14:59:23                             #
#           Target CPU    =  A90                                               #
#           List file     =  D:\1307B\Work2\Debug\List\w2.map                  #
#           Output file 1 =  D:\1307B\Work2\Debug\Exe\w2.d90                   #
#                            Format: debug                                     #
#                            UBROF version 10.0.6                              #
#                            Using library modules for C-SPY (-rt)             #
#           Command line  =  D:\1307B\Work2\Debug\Obj\main.r90                 #
#                            D:\1307B\Work2\Debug\Obj\usart.r90 -o             #
#                            D:\1307B\Work2\Debug\Exe\w2.d90 -l                #
#                            D:\1307B\Work2\Debug\List\w2.map -xms             #
#                            "-IC:\Program Files (x86)\IAR Systems\Embedded Wo #
#                            rkbench 6.0\avr\LIB\"                             #
#                            -f                                                #
#                            "C:\Program Files (x86)\IAR Systems\Embedded Work #
#                            bench 6.0\avr\src\template\cfgm16.xcl"            #
#                            (-D_..X_INTVEC_SIZE=54 -D_..X_FLASH_NEND=3FFF     #
#                            -D_..X_FLASH_END=3FFF -D_..X_SRAM_BASE=60         #
#                            -D_..X_SRAM_TBASE=_..X_SRAM_BASE                  #
#                            -D_..X_SRAM_TSIZE=(100-_..X_SRAM_BASE)            #
#                            -D_..X_SRAM_END=45F                               #
#                            -D_..X_EXT_SRAM_BASE=_..X_SRAM_END                #
#                            -D_..X_EXT_SRAM_SIZE=0                            #
#                            -D_..X_EXT_ROM_BASE=_..X_SRAM_END                 #
#                            -D_..X_EXT_ROM_SIZE=0                             #
#                            -D_..X_EXT_NV_BASE=_..X_SRAM_END                  #
#                            -D_..X_EXT_NV_SIZE=0 -D_..X_EEPROM_END=1FF        #
#                            -D_..X_EEPROM_START=0) -D_..X_HEAP_SIZE=25        #
#                            -D_..X_TINY_HEAP_SIZE=0 -D_..X_NEAR_HEAP_SIZE=0   #
#                            -D_..X_FAR_HEAP_SIZE=0 -D_..X_HUGE_HEAP_SIZE=0    #
#                            -D_..X_CSTACK_SIZE=40 -D_..X_RSTACK_SIZE=50       #
#                            -D_..X_FLASH_CODE_END=_..X_FLASH_END -f           #
#                            "C:\Program Files (x86)\IAR Systems\Embedded Work #
#                            bench 6.0\avr\src\template\cfg3soim.xcl"          #
#                            (-ca90 -w29                                       #
#                            -Z(CODE)INTVEC=0-(_..X_INTVEC_SIZE-1)             #
#                            -Z(CODE)TINY_F=_..X_FLASH_BASE-FF                 #
#                            -Z(CODE)NEAR_F=_..X_FLASH_BASE-_..X_FLASH_NEND    #
#                            -Z(CODE)SWITCH=_..X_FLASH_BASE-_..X_FLASH_NEND    #
#                            -Z(CODE)DIFUNCT=_..X_FLASH_BASE-_..X_FLASH_NEND   #
#                            -Z(CODE)CODE=_..X_FLASH_BASE-_..X_FLASH_END       #
#                            -P(CODE)FAR_F=[_..X_FLASH_BASE-_..X_FLASH_END]/10 #
#                            000                                               #
#                            -Z(CODE)INITTAB=_..X_FLASH_BASE-_..X_FLASH_END    #
#                            -Z(CODE)HUGE_F=_..X_FLASH_BASE-_..X_FLASH_END     #
#                            -Z(CODE)TINY_ID=_..X_FLASH_BASE-_..X_FLASH_END    #
#                            -Z(CODE)NEAR_ID=_..X_FLASH_BASE-_..X_FLASH_END    #
#                            -Z(CODE)CHECKSUM#_..X_FLASH_END                   #
#                            -Z(DATA)TINY_I,TINY_Z,TINY_N=_..X_SRAM_TBASE:+_.. #
#                            X_SRAM_TSIZE                                      #
#                            -Z(DATA)CSTACK+_..X_CSTACK_SIZE=_..X_CSTACK_BASE- #
#                            _..X_CSTACK_END                                   #
#                            -Z(DATA)HEAP+_..X_HEAP_SIZE=_..X_SRAM_BASE-_..X_S #
#                            RAM_END                                           #
#                            -Z(DATA)IOSTREAM_N#_..X_SRAM_BASE-_..X_SRAM_END   #
#                            -Z(DATA)NEAR_HEAP+_..X_NEAR_HEAP_SIZE=_..X_SRAM_B #
#                            ASE-_..X_SRAM_END                                 #
#                            -Z(DATA)RSTACK+_..X_RSTACK_SIZE=_..X_RSTACK_BASE- #
#                            _..X_RSTACK_END                                   #
#                            -Z(DATA)NEAR_I,NEAR_Z,NEAR_N=_..X_SRAM_BASE-_..X_ #
#                            SRAM_END                                          #
#                            -Z(XDATA)EEPROM_I,EEPROM_N=_..X_EEPROM_START-_..X #
#                            _EEPROM_END)                                      #
#                            -D_..X_FLASH_BASE=_..X_INTVEC_SIZE -H1895         #
#                            -h(CODE)0-(_..X_INTVEC_SIZE-1)                    #
#                            -D_..X_CSTACK_BASE=_..X_SRAM_BASE                 #
#                            -D_..X_CSTACK_END=_..X_SRAM_END                   #
#                            -D_..X_RSTACK_BASE=_..X_SRAM_BASE                 #
#                            -D_..X_RSTACK_END=_..X_SRAM_END -rt -s            #
#                            __program_start                                   #
#                            "C:\Program Files (x86)\IAR Systems\Embedded Work #
#                            bench 6.0\avr\LIB\CLIB\cl3s-ec_mul-sf.r90"        #
#                            -e_large_write=_formatted_write                   #
#                            -e_large_read=_formatted_read                     #
#                                                                              #
#                           Copyright (C) 1987-2011 IAR Systems AB.            #
################################################################################





                ****************************************
                *                                      *
                *           CROSS REFERENCE            *
                *                                      *
                ****************************************

       Program entry at : CODE      00000000  Relocatable, from module : ?RESET




                ****************************************
                *                                      *
                *            RUNTIME MODEL             *
                *                                      *
                ****************************************

  R4              = REG
  R5              = REG
  R6              = REG
  __64bit_doubles = disabled
  __SystemLibrary = CLib
  __cpu           = 3
  __cpu_name      = ATmega16
  __enhanced_core = enabled
  __has_elpm      = false
  __memory_model  = 2
  __rt_version    = 3
  __tiny_avr      = false

                ****************************************
                *                                      *
                *    AUTOMATIC SYMBOL REDIRECTIONS     *
                *                                      *
                ****************************************

                  There are no automatic symbol redirections.



                ****************************************
                *                                      *
                *              MODULE MAP              *
                *                                      *
                ****************************************


  DEFINED ABSOLUTE ENTRIES
  PROGRAM MODULE, NAME : ?ABS_ENTRY_MOD

Absolute parts
           ENTRY                   ADDRESS         REF BY
           =====                   =======         ======
           _..X_RSTACK_END         0000045F 
           _..X_RSTACK_BASE        00000060 
           _..X_CSTACK_END         0000045F 
           _..X_CSTACK_BASE        00000060 
           _..X_FLASH_BASE         00000054 
           _..X_FLASH_CODE_END     00003FFF 
           _..X_RSTACK_SIZE        00000050 
           _..X_CSTACK_SIZE        00000040 
           _..X_HUGE_HEAP_SIZE     00000000 
           _..X_FAR_HEAP_SIZE      00000000 
           _..X_NEAR_HEAP_SIZE     00000000 
           _..X_TINY_HEAP_SIZE     00000000 
           _..X_HEAP_SIZE          00000025 
           _..X_EEPROM_START       00000000 
           _..X_EEPROM_END         000001FF 
           _..X_EXT_NV_SIZE        00000000 
           _..X_EXT_NV_BASE        0000045F 
           _..X_EXT_ROM_SIZE       00000000 
           _..X_EXT_ROM_BASE       0000045F 
           _..X_EXT_SRAM_SIZE      00000000 
           _..X_EXT_SRAM_BASE      0000045F 
           _..X_SRAM_END           0000045F 
           _..X_SRAM_TSIZE         000000A0 
           _..X_SRAM_TBASE         00000060 
           _..X_SRAM_BASE          00000060 
           _..X_FLASH_END          00003FFF 
           _..X_FLASH_NEND         00003FFF 
           _..X_INTVEC_SIZE        00000054 
    *************************************************************************

  FILE NAME : D:\1307B\Work2\Debug\Obj\main.r90
  PROGRAM MODULE, NAME : main

  SEGMENTS IN THE MODULE
  ======================
ABSOLUTE
  Relative segment, address: DATA 00000059 - 00000059 (0x1 bytes), align: 0
  Segment part 1. ROOT.       Intra module refs:   timer1_INIT
           ENTRY                   ADDRESS         REF BY
           =====                   =======         ======
           _A_TIMSK                00000059 
           LOCAL                   ADDRESS         
           =====                   =======         
           TIMSK                   00000059 
    -------------------------------------------------------------------------
ABSOLUTE
  Relative segment, address: DATA 0000004F - 0000004F (0x1 bytes), align: 0
  Segment part 2. ROOT.       Intra module refs:   timer1_INIT
           ENTRY                   ADDRESS         REF BY
           =====                   =======         ======
           _A_TCCR1A               0000004F 
           LOCAL                   ADDRESS         
           =====                   =======         
           TCCR1A                  0000004F 
    -------------------------------------------------------------------------
ABSOLUTE
  Relative segment, address: DATA 0000004E - 0000004E (0x1 bytes), align: 0
  Segment part 3. ROOT.       Intra module refs:   timer1_INIT
           ENTRY                   ADDRESS         REF BY
           =====                   =======         ======
           _A_TCCR1B               0000004E 
           LOCAL                   ADDRESS         
           =====                   =======         
           TCCR1B                  0000004E 
    -------------------------------------------------------------------------
ABSOLUTE
  Relative segment, address: DATA 0000004A - 0000004B (0x2 bytes), align: 0
  Segment part 4. ROOT.       Intra module refs:   main
           ENTRY                   ADDRESS         REF BY
           =====                   =======         ======
           _A_OCR1A                0000004A 
           LOCAL                   ADDRESS         
           =====                   =======         
           OCR1A                   0000004A 
           OCR1AH                  0000004B 
           OCR1AL                  0000004A 
    -------------------------------------------------------------------------
ABSOLUTE
  Relative segment, address: DATA 00000046 - 00000047 (0x2 bytes), align: 0
  Segment part 5. ROOT.       Intra module refs:   main
           ENTRY                   ADDRESS         REF BY
           =====                   =======         ======
           _A_ICR1                 00000046 
           LOCAL                   ADDRESS         
           =====                   =======         
           ICR1                    00000046 
           ICR1H                   00000047 
           ICR1L                   00000046 
    -------------------------------------------------------------------------
ABSOLUTE
  Relative segment, address: DATA 00000032 - 00000032 (0x1 bytes), align: 0
  Segment part 6. ROOT.       Intra module refs:   main
           ENTRY                   ADDRESS         REF BY
           =====                   =======         ======
           _A_PORTD                00000032 
           LOCAL                   ADDRESS         
           =====                   =======         
           PORTD                   00000032 
    -------------------------------------------------------------------------
ABSOLUTE
  Relative segment, address: DATA 00000031 - 00000031 (0x1 bytes), align: 0
  Segment part 7. ROOT.       Intra module refs:   USART_initialize (usart)
                                                   main
           ENTRY                   ADDRESS         REF BY
           =====                   =======         ======
           _A_DDRD                 00000031 
           LOCAL                   ADDRESS         
           =====                   =======         
           DDRD                    00000031 
    -------------------------------------------------------------------------
ABSOLUTE
  Relative segment, address: DATA 0000002C - 0000002C (0x1 bytes), align: 0
  Segment part 8. ROOT.       Intra module refs:   interrupt_routine_USART_RXC
           ENTRY                   ADDRESS         REF BY
           =====                   =======         ======
           _A_UDR                  0000002C 
           LOCAL                   ADDRESS         
           =====                   =======         
           UDR                     0000002C 
    -------------------------------------------------------------------------
NEAR_Z
  Relative segment, address: DATA 00000115 - 00000116 (0x2 bytes), align: 0
  Segment part 17.            Intra module refs:   T1int
                                                   main
           ENTRY                   ADDRESS         REF BY
           =====                   =======         ======
           cnt                     00000115 
    -------------------------------------------------------------------------
NEAR_I
  Relative segment, address: DATA 000000F0 - 000000F7 (0x8 bytes), align: 0
  Segment part 19.            Intra module refs:   main
           ENTRY                   ADDRESS         REF BY
           =====                   =======         ======
           FOsc                    000000F0 
    -------------------------------------------------------------------------
NEAR_I
  Relative segment, address: DATA 000000F8 - 000000F9 (0x2 bytes), align: 0
  Segment part 22.            Intra module refs:   main
           ENTRY                   ADDRESS         REF BY
           =====                   =======         ======
           Fx                      000000F8 
    -------------------------------------------------------------------------
NEAR_I
  Relative segment, address: DATA 000000FA - 000000FB (0x2 bytes), align: 0
  Segment part 24.            Intra module refs:   main
           ENTRY                   ADDRESS         REF BY
           =====                   =======         ======
           N                       000000FA 
    -------------------------------------------------------------------------
NEAR_I
  Relative segment, address: DATA 000000FC - 000000FC (0x1 bytes), align: 0
  Segment part 26.            Intra module refs:   interrupt_routine_USART_RXC
                                                   main
           ENTRY                   ADDRESS         REF BY
           =====                   =======         ======
           c                       000000FC 
    -------------------------------------------------------------------------
NEAR_I
  Relative segment, address: DATA 000000FD - 00000104 (0x8 bytes), align: 0
  Segment part 32.            Intra module refs:   main
           ENTRY                   ADDRESS         REF BY
           =====                   =======         ======
           __Constant_3e8_0        000000FD 
    -------------------------------------------------------------------------
NEAR_I
  Relative segment, address: DATA 00000105 - 0000010C (0x8 bytes), align: 0
  Segment part 34.            Intra module refs:   main
           ENTRY                   ADDRESS         REF BY
           =====                   =======         ======
           __Constant_186a0_0      00000105 
    -------------------------------------------------------------------------
NEAR_I
  Relative segment, address: DATA 0000010D - 00000114 (0x8 bytes), align: 0
  Segment part 36.            Intra module refs:   main
           ENTRY                   ADDRESS         REF BY
           =====                   =======         ======
           __Constant_64_0         0000010D 
    -------------------------------------------------------------------------
CODE
  Relative segment, address: CODE 00000054 - 0000007D (0x2a bytes), align: 1
  Segment part 37.            Intra module refs:   T1int::??INTVEC 32
           ENTRY                   ADDRESS         REF BY
           =====                   =======         ======
           T1int                   00000054 
               interrupt function
               CSTACK = 00000000 ( 00000005 )
               RSTACK = 00000000 ( 00000002 )
    -------------------------------------------------------------------------
CODE
  Relative segment, address: CODE 0000007E - 00000091 (0x14 bytes), align: 1
  Segment part 38.            Intra module refs:   main
           ENTRY                   ADDRESS         REF BY
           =====                   =======         ======
           timer1_INIT             0000007E 
               RSTACK = 00000000 ( 00000002 )
    -------------------------------------------------------------------------
CODE
  Relative segment, address: CODE 00000092 - 000000A5 (0x14 bytes), align: 1
  Segment part 39.            Intra module refs:   interrupt_routine_USART_RXC::??INTVEC 44
           ENTRY                   ADDRESS         REF BY
           =====                   =======         ======
           interrupt_routine_USART_RXC
                                   00000092 
               interrupt function
               CSTACK = 00000000 ( 00000002 )
               RSTACK = 00000000 ( 00000002 )
    -------------------------------------------------------------------------
NEAR_Z
  Relative segment, address: DATA 00000117 - 0000011E (0x8 bytes), align: 0
  Segment part 29.            Intra module refs:   main
           ENTRY                   ADDRESS         REF BY
           =====                   =======         ======
           DC                      00000117 
    -------------------------------------------------------------------------
CODE
  Relative segment, address: CODE 000000A6 - 000004FF (0x45a bytes), align: 1
  Segment part 40.
           ENTRY                   ADDRESS         REF BY
           =====                   =======         ======
           main                    000000A6        ?cstartup_call_main (?C_STARTUP)
               calls direct
               CSTACK = 00000000 ( 0000001C )
               RSTACK = 00000000 ( 00000004 )
    -------------------------------------------------------------------------
ABSOLUTE
  Relative segment, address: DATA 0000001C, align: 0
  Segment part 9. ROOT.
           ENTRY                   ADDRESS         REF BY
           =====                   =======         ======
           __?EECR                 0000001C 
    -------------------------------------------------------------------------
ABSOLUTE
  Relative segment, address: DATA 0000001D, align: 0
  Segment part 10. ROOT.
           ENTRY                   ADDRESS         REF BY
           =====                   =======         ======
           __?EEDR                 0000001D 
    -------------------------------------------------------------------------
ABSOLUTE
  Relative segment, address: DATA 0000001E, align: 0
  Segment part 11. ROOT.
           ENTRY                   ADDRESS         REF BY
           =====                   =======         ======
           __?EEARL                0000001E 
    -------------------------------------------------------------------------
ABSOLUTE
  Relative segment, address: DATA 0000001F, align: 0
  Segment part 12. ROOT.
           ENTRY                   ADDRESS         REF BY
           =====                   =======         ======
           __?EEARH                0000001F 
    -------------------------------------------------------------------------
INTVEC
  Common segment, address: CODE 00000000 - 00000023 (0x24 bytes), align: 1
  Segment part 13. ROOT.
           ENTRY                   ADDRESS         REF BY
           =====                   =======         ======
           T1int::??INTVEC 32      00000020 
    -------------------------------------------------------------------------
INTVEC
  Common segment, address: CODE 00000000 - 0000002F (0x30 bytes), align: 1
  Segment part 14. ROOT.
           ENTRY                   ADDRESS         REF BY
           =====                   =======         ======
           interrupt_routine_USART_RXC::??INTVEC 44
                                   0000002C 
    -------------------------------------------------------------------------
INITTAB
  Relative segment, address: CODE 00000738 - 0000073D (0x6 bytes), align: 0
  Segment part 18.            Intra module refs:   DC
                                                   cnt
           ENTRY                   ADDRESS         REF BY
           =====                   =======         ======
           ?<Segment init: NEAR_Z>
                                   00000738 
    -------------------------------------------------------------------------
NEAR_ID
  Relative segment, address: CODE 00000744 - 0000074B (0x8 bytes), align: 0
  Segment part 20.            Intra module refs:   FOsc
    -------------------------------------------------------------------------
INITTAB
  Relative segment, address: CODE 0000073E - 00000743 (0x6 bytes), align: 0
  Segment part 21.            Intra module refs:   FOsc
                                                   Fx
                                                   N
                                                   __Constant_186a0_0
                                                   __Constant_3e8_0
                                                   __Constant_64_0
                                                   c
           ENTRY                   ADDRESS         REF BY
           =====                   =======         ======
           ?<Segment init: NEAR_I>
                                   0000073E 
    -------------------------------------------------------------------------
NEAR_ID
  Relative segment, address: CODE 0000074C - 0000074D (0x2 bytes), align: 0
  Segment part 23.            Intra module refs:   Fx
    -------------------------------------------------------------------------
NEAR_ID
  Relative segment, address: CODE 0000074E - 0000074F (0x2 bytes), align: 0
  Segment part 25.            Intra module refs:   N
    -------------------------------------------------------------------------
NEAR_ID
  Relative segment, address: CODE 00000750 - 00000750 (0x1 bytes), align: 0
  Segment part 27.            Intra module refs:   c
    -------------------------------------------------------------------------
NEAR_ID
  Relative segment, address: CODE 00000751 - 00000758 (0x8 bytes), align: 0
  Segment part 31.            Intra module refs:   __Constant_3e8_0
    -------------------------------------------------------------------------
NEAR_ID
  Relative segment, address: CODE 00000759 - 00000760 (0x8 bytes), align: 0
  Segment part 33.            Intra module refs:   __Constant_186a0_0
    -------------------------------------------------------------------------
NEAR_ID
  Relative segment, address: CODE 00000761 - 00000768 (0x8 bytes), align: 0
  Segment part 35.            Intra module refs:   __Constant_64_0

    *************************************************************************

  FILE NAME : D:\1307B\Work2\Debug\Obj\usart.r90
  PROGRAM MODULE, NAME : usart

  SEGMENTS IN THE MODULE
  ======================
ABSOLUTE
  Relative segment, address: DATA 00000040 - 00000040 (0x1 bytes), align: 0
  Segment part 1. ROOT.       Intra module refs:   USART_initialize
           ENTRY                   ADDRESS         REF BY
           =====                   =======         ======
           _A_UBRRH                00000040 
           LOCAL                   ADDRESS         
           =====                   =======         
           UBRRH                   00000040 
           UCSRC                   00000040 
    -------------------------------------------------------------------------
ABSOLUTE
  Relative segment, address: DATA 0000002B - 0000002B (0x1 bytes), align: 0
  Segment part 4. ROOT.
           ENTRY                   ADDRESS         REF BY
           =====                   =======         ======
           _A_UCSRA                0000002B 
           LOCAL                   ADDRESS         
           =====                   =======         
           UCSRA                   0000002B 
    -------------------------------------------------------------------------
ABSOLUTE
  Relative segment, address: DATA 0000002A - 0000002A (0x1 bytes), align: 0
  Segment part 5. ROOT.       Intra module refs:   USART_initialize
           ENTRY                   ADDRESS         REF BY
           =====                   =======         ======
           _A_UCSRB                0000002A 
           LOCAL                   ADDRESS         
           =====                   =======         
           UCSRB                   0000002A 
    -------------------------------------------------------------------------
ABSOLUTE
  Relative segment, address: DATA 00000029 - 00000029 (0x1 bytes), align: 0
  Segment part 6. ROOT.       Intra module refs:   USART_initialize
           ENTRY                   ADDRESS         REF BY
           =====                   =======         ======
           _A_UBRRL                00000029 
           LOCAL                   ADDRESS         
           =====                   =======         
           UBRRL                   00000029 
    -------------------------------------------------------------------------
CODE
  Relative segment, address: CODE 00000500 - 00000517 (0x18 bytes), align: 1
  Segment part 13.
           ENTRY                   ADDRESS         REF BY
           =====                   =======         ======
           USART_initialize        00000500        main (main)
               RSTACK = 00000000 ( 00000002 )

    *************************************************************************

  FILE NAME : C:\Program Files (x86)\IAR Systems\Embedded Workbench 6.0\avr\LIB\CLIB\cl3s-ec_mul-sf.r90
  LIBRARY MODULE, NAME : ?__exit

  SEGMENTS IN THE MODULE
  ======================
CODE
  Relative segment, address: CODE 00000518 - 0000051D (0x6 bytes), align: 1
  Segment part 0.
           ENTRY                   ADDRESS         REF BY
           =====                   =======         ======
           __exit                  0000051A 
           ?C_EXIT                 0000051A 
           ?C_FUNCALL              00000518 
           _exit                   00000518        ?cstartup_call_main (?C_STARTUP)
           exit                    00000518        ?cstartup_call_main (?C_STARTUP)

    -------------------------------------------------------------------------
  LIBRARY MODULE, NAME : ?RESET

  SEGMENTS IN THE MODULE
  ======================
INTVEC
  Common segment, address: CODE 00000000 - 00000003 (0x4 bytes), align: 1
  Segment part 0. ROOT.
           ENTRY                   ADDRESS         REF BY
           =====                   =======         ======
           __program_start         00000000        Absolute parts (?ABS_ENTRY_MOD)
           ?RESET                  00000000        Segment part 2 (?C_STARTUP)

    -------------------------------------------------------------------------
  LIBRARY MODULE, NAME : ?C_STARTUP

  SEGMENTS IN THE MODULE
  ======================
CODE
  Relative segment, address: CODE 0000051E, align: 1
  Segment part 2.
           ENTRY                   ADDRESS         REF BY
           =====                   =======         ======
           ?C_STARTUP              0000051E        Segment part 0 (?RESET)
           __RESTART               0000051E 
    -------------------------------------------------------------------------
CODE
  Relative segment, address: CODE 0000051E - 00000529 (0xc bytes), align: 1
  Segment part 5.             Intra module refs:   Segment part 2
    -------------------------------------------------------------------------
CODE
  Relative segment, address: CODE 0000052A - 0000052D (0x4 bytes), align: 1
  Segment part 7.             Intra module refs:   Segment part 5
           ENTRY                   ADDRESS         REF BY
           =====                   =======         ======
           ?call_low_level_init    0000052A 
    -------------------------------------------------------------------------
CODE
  Relative segment, address: CODE 0000052E - 00000535 (0x8 bytes), align: 1
  Segment part 8.
           ENTRY                   ADDRESS         REF BY
           =====                   =======         ======
           ?need_segment_init      0000052E        ?<Segment init: NEAR_I> (main)
                                                   ?<Segment init: NEAR_Z> (main)
    -------------------------------------------------------------------------
CODE
  Relative segment, address: CODE 00000536 - 00000541 (0xc bytes), align: 1
  Segment part 9.             Intra module refs:   ?call_low_level_init
           ENTRY                   ADDRESS         REF BY
           =====                   =======         ======
           ?cstartup_call_main     00000536 

    -------------------------------------------------------------------------
  LIBRARY MODULE, NAME : ?PROLOGUE_L09

  SEGMENTS IN THE MODULE
  ======================
CODE
  Relative segment, address: CODE 00000542 - 00000543 (0x2 bytes), align: 1
  Segment part 12.
           ENTRY                   ADDRESS         REF BY
           =====                   =======         ======
           ?PROLOGUE4_L09          00000542        main (main)
    -------------------------------------------------------------------------
CODE
  Relative segment, address: CODE 00000544 - 00000545 (0x2 bytes), align: 1
  Segment part 13.            Intra module refs:   ?PROLOGUE4_L09
           ENTRY                   ADDRESS         REF BY
           =====                   =======         ======
           ?PROLOGUE3_L09          00000544 
    -------------------------------------------------------------------------
CODE
  Relative segment, address: CODE 00000546 - 00000547 (0x2 bytes), align: 1
  Segment part 14.            Intra module refs:   ?PROLOGUE3_L09
           ENTRY                   ADDRESS         REF BY
           =====                   =======         ======
           ?PROLOGUE2_L09          00000546 
    -------------------------------------------------------------------------
CODE
  Relative segment, address: CODE 00000548 - 00000549 (0x2 bytes), align: 1
  Segment part 15.            Intra module refs:   ?PROLOGUE2_L09
           ENTRY                   ADDRESS         REF BY
           =====                   =======         ======
           ?PROLOGUE1_L09          00000548 
    -------------------------------------------------------------------------
CODE
  Relative segment, address: CODE 0000054A - 0000054B (0x2 bytes), align: 1
  Segment part 16.            Intra module refs:   ?PROLOGUE1_L09

    -------------------------------------------------------------------------
  LIBRARY MODULE, NAME : ?REGISTER_CGREGR4_L10

  SEGMENTS IN THE MODULE
  ======================
CODE
  Relative segment, address: CODE 0000054C, align: 1
  Segment part 0.
           ENTRY                   ADDRESS         REF BY
           =====                   =======         ======
           ?Register_R4_is_cg_reg
                                   0000054C        ?LL_MUL_L12 (?LL_MUL_L12)
                                                   ?SLL_DIV_L12 (?LL_DIV_L12)
                                                   Segment part 1 (?LL_DIV_L12)
                                                   Segment part 2 (?LL_DIV_L12)
                                                   Segment part 3 (?LL_DIV_L12)
                                                   Segment part 6 (?LL_DIV_L12)

    -------------------------------------------------------------------------
  LIBRARY MODULE, NAME : ?REGISTER_CGREGR5_L10

  SEGMENTS IN THE MODULE
  ======================
CODE
  Relative segment, address: CODE 0000054C, align: 1
  Segment part 0.
           ENTRY                   ADDRESS         REF BY
           =====                   =======         ======
           ?Register_R5_is_cg_reg
                                   0000054C        ?LL_MUL_L12 (?LL_MUL_L12)

    -------------------------------------------------------------------------
  LIBRARY MODULE, NAME : ?REGISTER_CGREGR6_L10

  SEGMENTS IN THE MODULE
  ======================
CODE
  Relative segment, address: CODE 0000054C, align: 1
  Segment part 0.
           ENTRY                   ADDRESS         REF BY
           =====                   =======         ======
           ?Register_R6_is_cg_reg
                                   0000054C        ?LL_MUL_L12 (?LL_MUL_L12)

    -------------------------------------------------------------------------
  LIBRARY MODULE, NAME : ?LL_MUL_L12

  SEGMENTS IN THE MODULE
  ======================
CODE
  Relative segment, address: CODE 0000054C - 000005C3 (0x78 bytes), align: 1
  Segment part 0.
           ENTRY                   ADDRESS         REF BY
           =====                   =======         ======
           ?LL_MUL_L12             0000054C        main (main)

    -------------------------------------------------------------------------
  LIBRARY MODULE, NAME : ?LL_DIV_L12

  SEGMENTS IN THE MODULE
  ======================
CODE
  Relative segment, address: CODE 000005C4 - 000005DF (0x1c bytes), align: 1
  Segment part 1.             Intra module refs:   Segment part 6
    -------------------------------------------------------------------------
CODE
  Relative segment, address: CODE 000005E0 - 0000060F (0x30 bytes), align: 1
  Segment part 2.             Intra module refs:   ?SLL_DIV_L12
    -------------------------------------------------------------------------
CODE
  Relative segment, address: CODE 00000610 - 0000061B (0xc bytes), align: 1
  Segment part 3.             Intra module refs:   Segment part 2
    -------------------------------------------------------------------------
CODE
  Relative segment, address: CODE 0000061C - 0000067F (0x64 bytes), align: 1
  Segment part 4.             Intra module refs:   Segment part 6
    -------------------------------------------------------------------------
CODE
  Relative segment, address: CODE 00000680 - 000006B7 (0x38 bytes), align: 1
  Segment part 6.             Intra module refs:   ?SLL_DIV_L12
    -------------------------------------------------------------------------
CODE
  Relative segment, address: CODE 000006B8 - 000006C3 (0xc bytes), align: 1
  Segment part 7.
           ENTRY                   ADDRESS         REF BY
           =====                   =======         ======
           ?SLL_DIV_L12            000006B8        main (main)

    -------------------------------------------------------------------------
  LIBRARY MODULE, NAME : ?LONGLONG

  SEGMENTS IN THE MODULE
  ======================
CODE
  Relative segment, address: CODE 000006C4 - 000006E3 (0x20 bytes), align: 1
  Segment part 8.
           ENTRY                   ADDRESS         REF BY
           =====                   =======         ======
           ?LL_NEG_L12             000006C4        ?SLL_DIV_L12 (?LL_DIV_L12)
                                                   Segment part 6 (?LL_DIV_L12)

    -------------------------------------------------------------------------
  LIBRARY MODULE, NAME : ?low_level_init

  SEGMENTS IN THE MODULE
  ======================
CODE
  Relative segment, address: CODE 000006E4 - 000006E7 (0x4 bytes), align: 1
  Segment part 3.
           ENTRY                   ADDRESS         REF BY
           =====                   =======         ======
           __low_level_init        000006E4        ?call_low_level_init (?C_STARTUP)
               RSTACK = 00000000 ( 00000002 )

    -------------------------------------------------------------------------
  LIBRARY MODULE, NAME : ?segment_init

  SEGMENTS IN THE MODULE
  ======================
CODE
  Relative segment, address: CODE 000006E8 - 000006EF (0x8 bytes), align: 1
  Segment part 3.             Intra module refs:   __segment_init
           LOCAL                   ADDRESS         
           =====                   =======         
           __memclr                000006E8 
               RSTACK = 00000000 ( 00000002 )
    -------------------------------------------------------------------------
CODE
  Relative segment, address: CODE 000006F0 - 000006F7 (0x8 bytes), align: 1
  Segment part 4.             Intra module refs:   __segment_init
           LOCAL                   ADDRESS         
           =====                   =======         
           __flashcpy              000006F0 
               RSTACK = 00000000 ( 00000002 )
    -------------------------------------------------------------------------
CODE
  Relative segment, address: CODE 000006F8 - 00000703 (0xc bytes), align: 1
  Segment part 5.             Intra module refs:   __flashcpy
                                                   __memclr
    -------------------------------------------------------------------------
CODE
  Relative segment, address: CODE 00000704 - 00000737 (0x34 bytes), align: 1
  Segment part 6.
           ENTRY                   ADDRESS         REF BY
           =====                   =======         ======
           __segment_init          00000704        ?need_segment_init (?C_STARTUP)
               calls direct
               RSTACK = 00000000 ( 00000002 )

    *************************************************************************

  DEFINED ABSOLUTE ENTRIES
  PROGRAM MODULE, NAME : ?FILLER_BYTES

  SEGMENTS IN THE MODULE
  ======================
INTVEC
  Common segment, address: CODE 00000000 - 0000002F (0x30 bytes), align: 0
  Segment part 1.
    -------------------------------------------------------------------------
?FILL1
  Relative segment, address: CODE 00000030 - 00000053 (0x24 bytes), align: 0
  Segment part 0.




                ****************************************
                *                                      *
                *      SEGMENTS IN ADDRESS ORDER       *
                *                                      *
                ****************************************


SEGMENT              SPACE    START ADDRESS   END ADDRESS     SIZE  TYPE  ALIGN
=======              =====    =============   ===========     ====  ====  =====
INTVEC               CODE          00000000 - 0000002F          30   com    1
?FILL1               CODE          00000030 - 00000053          24   rel    0
CODE                 CODE          00000054 - 00000737         6E4   rel    1
INITTAB              CODE          00000738 - 00000743           C   rel    0
NEAR_ID              CODE          00000744 - 00000768          25   rel    0
ABSOLUTE             DATA               0000001C                     rel    0
                     DATA               0000001D                   
                     DATA               0000001E                   
                     DATA               0000001F                   
                     DATA          00000029 - 0000002C           4 
                     DATA          00000031 - 00000032           2 
                     DATA          00000040 - 00000040           1 
                     DATA          00000046 - 00000047           2 
                     DATA          0000004A - 0000004B           2 
                     DATA          0000004E - 0000004F           2 
                     DATA          00000059 - 00000059           1 
CSTACK               DATA          00000060 - 0000009F          40   dse    0
RSTACK               DATA          000000A0 - 000000EF          50   dse    0
NEAR_I               DATA          000000F0 - 00000114          25   rel    0
NEAR_Z               DATA          00000115 - 0000011E           A   rel    0

                ****************************************
                *                                      *
                *        END OF CROSS REFERENCE        *
                *                                      *
                ****************************************

 1 861 bytes of CODE memory (+             36 range fill )
   191 bytes of DATA memory (+ 14 absolute )

Errors: none
Warnings: none

