################################################################################
#                                                                              #
#      IAR Universal Linker V5.2.5.17                                          #
#                                                                              #
#           Link time     =  10/Jan/2015  21:07:59                             #
#           Target CPU    =  A90                                               #
#           List file     =  "D:\1307B\Nou\Voltmetru ADC\Debug\List\voltmetruA #
#                            DC.map"                                           #
#           Output file 1 =  "D:\1307B\Nou\Voltmetru ADC\Debug\Exe\voltmetruAD #
#                            C.d90"                                            #
#                            Format: debug                                     #
#                            UBROF version 10.0.6                              #
#                            Using library modules for C-SPY (-rt)             #
#           Command line  =  "D:\1307B\Nou\Voltmetru ADC\Debug\Obj\main.r90"   #
#                            "D:\1307B\Nou\Voltmetru ADC\Debug\Obj\usart.r90"  #
#                            -o                                                #
#                            "D:\1307B\Nou\Voltmetru ADC\Debug\Exe\voltmetruAD #
#                            C.d90"                                            #
#                            -l                                                #
#                            "D:\1307B\Nou\Voltmetru ADC\Debug\List\voltmetruA #
#                            DC.map"                                           #
#                            -xmsnio                                           #
#                            "-IC:\Program Files (x86)\IAR Systems\Embedded Wo #
#                            rkbench 6.0\avr\LIB\"                             #
#                            -f                                                #
#                            "C:\Program Files (x86)\IAR Systems\Embedded Work #
#                            bench 6.0\avr\src\template\cfgm16.xcl"            #
#                            (-D_..X_INTVEC_SIZE=54 -D_..X_FLASH_NEND=3FFF     #
#                            -D_..X_FLASH_END=3FFF -D_..X_SRAM_BASE=60         #
#                            -D_..X_SRAM_TBASE=_..X_SRAM_BASE                  #
#                            -D_..X_SRAM_TSIZE=(100-_..X_SRAM_BASE)            #
#                            -D_..X_SRAM_END=45F                               #
#                            -D_..X_EXT_SRAM_BASE=_..X_SRAM_END                #
#                            -D_..X_EXT_SRAM_SIZE=0                            #
#                            -D_..X_EXT_ROM_BASE=_..X_SRAM_END                 #
#                            -D_..X_EXT_ROM_SIZE=0                             #
#                            -D_..X_EXT_NV_BASE=_..X_SRAM_END                  #
#                            -D_..X_EXT_NV_SIZE=0 -D_..X_EEPROM_END=1FF        #
#                            -D_..X_EEPROM_START=0) -D_..X_HEAP_SIZE=10        #
#                            -D_..X_TINY_HEAP_SIZE=0 -D_..X_NEAR_HEAP_SIZE=0   #
#                            -D_..X_FAR_HEAP_SIZE=0 -D_..X_HUGE_HEAP_SIZE=0    #
#                            -D_..X_CSTACK_SIZE=45 -D_..X_RSTACK_SIZE=5A       #
#                            -D_..X_FLASH_CODE_END=_..X_FLASH_END -f           #
#                            "C:\Program Files (x86)\IAR Systems\Embedded Work #
#                            bench 6.0\avr\src\template\cfg3soim.xcl"          #
#                            (-ca90 -w29                                       #
#                            -Z(CODE)INTVEC=0-(_..X_INTVEC_SIZE-1)             #
#                            -Z(CODE)TINY_F=_..X_FLASH_BASE-FF                 #
#                            -Z(CODE)NEAR_F=_..X_FLASH_BASE-_..X_FLASH_NEND    #
#                            -Z(CODE)SWITCH=_..X_FLASH_BASE-_..X_FLASH_NEND    #
#                            -Z(CODE)DIFUNCT=_..X_FLASH_BASE-_..X_FLASH_NEND   #
#                            -Z(CODE)CODE=_..X_FLASH_BASE-_..X_FLASH_END       #
#                            -P(CODE)FAR_F=[_..X_FLASH_BASE-_..X_FLASH_END]/10 #
#                            000                                               #
#                            -Z(CODE)INITTAB=_..X_FLASH_BASE-_..X_FLASH_END    #
#                            -Z(CODE)HUGE_F=_..X_FLASH_BASE-_..X_FLASH_END     #
#                            -Z(CODE)TINY_ID=_..X_FLASH_BASE-_..X_FLASH_END    #
#                            -Z(CODE)NEAR_ID=_..X_FLASH_BASE-_..X_FLASH_END    #
#                            -Z(CODE)CHECKSUM#_..X_FLASH_END                   #
#                            -Z(DATA)TINY_I,TINY_Z,TINY_N=_..X_SRAM_TBASE:+_.. #
#                            X_SRAM_TSIZE                                      #
#                            -Z(DATA)CSTACK+_..X_CSTACK_SIZE=_..X_CSTACK_BASE- #
#                            _..X_CSTACK_END                                   #
#                            -Z(DATA)HEAP+_..X_HEAP_SIZE=_..X_SRAM_BASE-_..X_S #
#                            RAM_END                                           #
#                            -Z(DATA)IOSTREAM_N#_..X_SRAM_BASE-_..X_SRAM_END   #
#                            -Z(DATA)NEAR_HEAP+_..X_NEAR_HEAP_SIZE=_..X_SRAM_B #
#                            ASE-_..X_SRAM_END                                 #
#                            -Z(DATA)RSTACK+_..X_RSTACK_SIZE=_..X_RSTACK_BASE- #
#                            _..X_RSTACK_END                                   #
#                            -Z(DATA)NEAR_I,NEAR_Z,NEAR_N=_..X_SRAM_BASE-_..X_ #
#                            SRAM_END                                          #
#                            -Z(XDATA)EEPROM_I,EEPROM_N=_..X_EEPROM_START-_..X #
#                            _EEPROM_END)                                      #
#                            -D_..X_FLASH_BASE=_..X_INTVEC_SIZE -H1895         #
#                            -h(CODE)0-(_..X_INTVEC_SIZE-1)                    #
#                            -D_..X_CSTACK_BASE=_..X_SRAM_BASE                 #
#                            -D_..X_CSTACK_END=_..X_SRAM_END                   #
#                            -D_..X_RSTACK_BASE=_..X_SRAM_BASE                 #
#                            -D_..X_RSTACK_END=_..X_SRAM_END -rt -s            #
#                            __program_start                                   #
#                            "C:\Program Files (x86)\IAR Systems\Embedded Work #
#                            bench 6.0\avr\LIB\CLIB\cl3s-ec_mul-sf.r90"        #
#                            -e_large_write=_formatted_write                   #
#                            -e_large_read=_formatted_read                     #
#                                                                              #
#                           Copyright (C) 1987-2011 IAR Systems AB.            #
################################################################################





                ****************************************
                *                                      *
                *           CROSS REFERENCE            *
                *                                      *
                ****************************************

       Program entry at : CODE      00000000  Relocatable, from module : ?RESET




                ****************************************
                *                                      *
                *            RUNTIME MODEL             *
                *                                      *
                ****************************************

  R10             = REG
  R11             = REG
  R12             = REG
  R4              = REG
  R5              = REG
  R6              = REG
  R7              = REG
  R8              = REG
  R9              = REG
  __64bit_doubles = disabled
  __SystemLibrary = CLib
  __cpu           = 3
  __cpu_name      = ATmega16
  __enhanced_core = enabled
  __has_elpm      = false
  __memory_model  = 2
  __rt_version    = 3
  __tiny_avr      = false

                ****************************************
                *                                      *
                *    AUTOMATIC SYMBOL REDIRECTIONS     *
                *                                      *
                ****************************************

                  There are no automatic symbol redirections.



                ****************************************
                *                                      *
                *              MODULE MAP              *
                *                                      *
                ****************************************


  DEFINED ABSOLUTE ENTRIES
  PROGRAM MODULE, NAME : ?ABS_ENTRY_MOD

Absolute parts
           ENTRY                   ADDRESS         REF BY
           =====                   =======         ======
           _..X_RSTACK_END         0000045F 
           _..X_RSTACK_BASE        00000060 
           _..X_CSTACK_END         0000045F 
           _..X_CSTACK_BASE        00000060 
           _..X_FLASH_BASE         00000054 
           _..X_FLASH_CODE_END     00003FFF 
           _..X_RSTACK_SIZE        0000005A 
           _..X_CSTACK_SIZE        00000045 
           _..X_HUGE_HEAP_SIZE     00000000 
           _..X_FAR_HEAP_SIZE      00000000 
           _..X_NEAR_HEAP_SIZE     00000000 
           _..X_TINY_HEAP_SIZE     00000000 
           _..X_HEAP_SIZE          00000010 
           _..X_EEPROM_START       00000000 
           _..X_EEPROM_END         000001FF 
           _..X_EXT_NV_SIZE        00000000 
           _..X_EXT_NV_BASE        0000045F 
           _..X_EXT_ROM_SIZE       00000000 
           _..X_EXT_ROM_BASE       0000045F 
           _..X_EXT_SRAM_SIZE      00000000 
           _..X_EXT_SRAM_BASE      0000045F 
           _..X_SRAM_END           0000045F 
           _..X_SRAM_TSIZE         000000A0 
           _..X_SRAM_TBASE         00000060 
           _..X_SRAM_BASE          00000060 
           _..X_FLASH_END          00003FFF 
           _..X_FLASH_NEND         00003FFF 
           _..X_INTVEC_SIZE        00000054 
    *************************************************************************

  FILE NAME : D:\1307B\Nou\Voltmetru ADC\Debug\Obj\main.r90
  PROGRAM MODULE, NAME : main

  SEGMENTS IN THE MODULE
  ======================
ABSOLUTE
  Relative segment, address: DATA 0000003A - 0000003A (0x1 bytes), align: 0
  Segment part 1. ROOT.       Intra module refs:   main
           ENTRY                   ADDRESS         REF BY
           =====                   =======         ======
           _A_DDRA                 0000003A 
           LOCAL                   ADDRESS         
           =====                   =======         
           DDRA                    0000003A 
    -------------------------------------------------------------------------
ABSOLUTE
  Relative segment, address: DATA 00000027 - 00000027 (0x1 bytes), align: 0
  Segment part 2. ROOT.       Intra module refs:   main
           ENTRY                   ADDRESS         REF BY
           =====                   =======         ======
           _A_ADMUX                00000027 
           LOCAL                   ADDRESS         
           =====                   =======         
           ADMUX                   00000027 
    -------------------------------------------------------------------------
ABSOLUTE
  Relative segment, address: DATA 00000026 - 00000026 (0x1 bytes), align: 0
  Segment part 3. ROOT.       Intra module refs:   main
           ENTRY                   ADDRESS         REF BY
           =====                   =======         ======
           _A_ADCSRA               00000026 
           LOCAL                   ADDRESS         
           =====                   =======         
           ADCSRA                  00000026 
    -------------------------------------------------------------------------
ABSOLUTE
  Relative segment, address: DATA 00000024 - 00000025 (0x2 bytes), align: 0
  Segment part 4. ROOT.       Intra module refs:   main
           ENTRY                   ADDRESS         REF BY
           =====                   =======         ======
           _A_ADC                  00000024 
           LOCAL                   ADDRESS         
           =====                   =======         
           ADC                     00000024 
           ADCH                    00000025 
           ADCL                    00000024 
    -------------------------------------------------------------------------
NEAR_Z
  Relative segment, address: DATA 000000FF - 000000FF (0x1 bytes), align: 0
  Segment part 12.            Intra module refs:   OnADC
                                                   main
           ENTRY                   ADDRESS         REF BY
           =====                   =======         ======
           flag                    000000FF 
    -------------------------------------------------------------------------
NEAR_Z
  Relative segment, address: DATA 00000100 - 00000103 (0x4 bytes), align: 0
  Segment part 14.            Intra module refs:   main
           ENTRY                   ADDRESS         REF BY
           =====                   =======         ======
           value                   00000100 
    -------------------------------------------------------------------------
NEAR_Z
  Relative segment, address: DATA 00000104 - 00000107 (0x4 bytes), align: 0
  Segment part 15.            Intra module refs:   main
           ENTRY                   ADDRESS         REF BY
           =====                   =======         ======
           valoare                 00000104 
    -------------------------------------------------------------------------
NEAR_Z
  Relative segment, address: DATA 00000108 - 00000108 (0x1 bytes), align: 0
  Segment part 16.            Intra module refs:   main
           ENTRY                   ADDRESS         REF BY
           =====                   =======         ======
           low                     00000108 
    -------------------------------------------------------------------------
NEAR_Z
  Relative segment, address: DATA 00000109 - 00000109 (0x1 bytes), align: 0
  Segment part 17.            Intra module refs:   main
           ENTRY                   ADDRESS         REF BY
           =====                   =======         ======
           high                    00000109 
    -------------------------------------------------------------------------
CODE
  Relative segment, address: CODE 00000054 - 00000067 (0x14 bytes), align: 1
  Segment part 18.            Intra module refs:   OnADC::??INTVEC 56
           ENTRY                   ADDRESS         REF BY
           =====                   =======         ======
           OnADC                   00000054 
               interrupt function
               CSTACK = 00000000 ( 00000002 )
               RSTACK = 00000000 ( 00000002 )
    -------------------------------------------------------------------------
CODE
  Relative segment, address: CODE 00000068 - 0000014D (0xe6 bytes), align: 1
  Segment part 19.
           ENTRY                   ADDRESS         REF BY
           =====                   =======         ======
           main                    00000068        ?cstartup_call_main (?C_STARTUP)
               calls direct
               RSTACK = 00000000 ( 00000004 )
    -------------------------------------------------------------------------
ABSOLUTE
  Relative segment, address: DATA 0000001C, align: 0
  Segment part 5. ROOT.
           ENTRY                   ADDRESS         REF BY
           =====                   =======         ======
           __?EECR                 0000001C 
    -------------------------------------------------------------------------
ABSOLUTE
  Relative segment, address: DATA 0000001D, align: 0
  Segment part 6. ROOT.
           ENTRY                   ADDRESS         REF BY
           =====                   =======         ======
           __?EEDR                 0000001D 
    -------------------------------------------------------------------------
ABSOLUTE
  Relative segment, address: DATA 0000001E, align: 0
  Segment part 7. ROOT.
           ENTRY                   ADDRESS         REF BY
           =====                   =======         ======
           __?EEARL                0000001E 
    -------------------------------------------------------------------------
ABSOLUTE
  Relative segment, address: DATA 0000001F, align: 0
  Segment part 8. ROOT.
           ENTRY                   ADDRESS         REF BY
           =====                   =======         ======
           __?EEARH                0000001F 
    -------------------------------------------------------------------------
INTVEC
  Common segment, address: CODE 00000000 - 0000003B (0x3c bytes), align: 1
  Segment part 9. ROOT.
           ENTRY                   ADDRESS         REF BY
           =====                   =======         ======
           OnADC::??INTVEC 56      00000038 
    -------------------------------------------------------------------------
CSTACK
  Segment part 10. NOT NEEDED.
    -------------------------------------------------------------------------
RSTACK
  Segment part 11. NOT NEEDED.
    -------------------------------------------------------------------------
INITTAB
  Relative segment, address: CODE 00000C1A - 00000C1F (0x6 bytes), align: 0
  Segment part 13.            Intra module refs:   buffer (usart)
                                                   flag
                                                   high
                                                   low
                                                   valoare
                                                   value
           ENTRY                   ADDRESS         REF BY
           =====                   =======         ======
           ?<Segment init: NEAR_Z>
                                   00000C1A 

    *************************************************************************

  FILE NAME : D:\1307B\Nou\Voltmetru ADC\Debug\Obj\usart.r90
  PROGRAM MODULE, NAME : usart

  SEGMENTS IN THE MODULE
  ======================
ABSOLUTE
  Relative segment, address: DATA 00000040 - 00000040 (0x1 bytes), align: 0
  Segment part 1. ROOT.       Intra module refs:   USART_Init
           ENTRY                   ADDRESS         REF BY
           =====                   =======         ======
           _A_UBRRH                00000040 
           LOCAL                   ADDRESS         
           =====                   =======         
           UBRRH                   00000040 
           UCSRC                   00000040 
    -------------------------------------------------------------------------
ABSOLUTE
  Relative segment, address: DATA 0000002C - 0000002C (0x1 bytes), align: 0
  Segment part 2. ROOT.       Intra module refs:   USART_Transmit
           ENTRY                   ADDRESS         REF BY
           =====                   =======         ======
           _A_UDR                  0000002C 
           LOCAL                   ADDRESS         
           =====                   =======         
           UDR                     0000002C 
    -------------------------------------------------------------------------
ABSOLUTE
  Relative segment, address: DATA 0000002B - 0000002B (0x1 bytes), align: 0
  Segment part 3. ROOT.       Intra module refs:   USART_Transmit
           ENTRY                   ADDRESS         REF BY
           =====                   =======         ======
           _A_UCSRA                0000002B 
           LOCAL                   ADDRESS         
           =====                   =======         
           UCSRA                   0000002B 
    -------------------------------------------------------------------------
ABSOLUTE
  Relative segment, address: DATA 0000002A - 0000002A (0x1 bytes), align: 0
  Segment part 4. ROOT.       Intra module refs:   USART_Init
           ENTRY                   ADDRESS         REF BY
           =====                   =======         ======
           _A_UCSRB                0000002A 
           LOCAL                   ADDRESS         
           =====                   =======         
           UCSRB                   0000002A 
    -------------------------------------------------------------------------
ABSOLUTE
  Relative segment, address: DATA 00000029 - 00000029 (0x1 bytes), align: 0
  Segment part 5. ROOT.       Intra module refs:   USART_Init
           ENTRY                   ADDRESS         REF BY
           =====                   =======         ======
           _A_UBRRL                00000029 
           LOCAL                   ADDRESS         
           =====                   =======         
           UBRRL                   00000029 
    -------------------------------------------------------------------------
CODE
  Relative segment, address: CODE 0000014E - 00000155 (0x8 bytes), align: 1
  Segment part 14.            Intra module refs:   printFloat
                                                   printHex
                                                   printInt
                                                   printLong
                                                   printString
                                                   printUnsignedInt
           ENTRY                   ADDRESS         REF BY
           =====                   =======         ======
           USART_Transmit          0000014E        main (main)
               RSTACK = 00000000 ( 00000002 )
    -------------------------------------------------------------------------
CODE
  Segment part 15. NOT NEEDED.
           ENTRY                   ADDRESS         REF BY
           =====                   =======         ======
           USART_Receive           
    -------------------------------------------------------------------------
CODE
  Relative segment, address: CODE 00000156 - 0000016D (0x18 bytes), align: 1
  Segment part 16.
           ENTRY                   ADDRESS         REF BY
           =====                   =======         ======
           USART_Init              00000156        main (main)
               RSTACK = 00000000 ( 00000002 )
    -------------------------------------------------------------------------
CODE
  Relative segment, address: CODE 0000016E - 00000279 (0x10c bytes), align: 1
  Segment part 17.            Intra module refs:   PRINTF
           ENTRY                   ADDRESS         REF BY
           =====                   =======         ======
           printHex                0000016E 
               calls direct
               CSTACK = 00000000 ( 00000009 )
               RSTACK = 00000000 ( 00000004 )
    -------------------------------------------------------------------------
CODE
  Relative segment, address: CODE 0000027A - 00000373 (0xfa bytes), align: 1
  Segment part 18.            Intra module refs:   PRINTF
           ENTRY                   ADDRESS         REF BY
           =====                   =======         ======
           printInt                0000027A 
               calls direct
               CSTACK = 00000000 ( 0000000F )
               RSTACK = 00000000 ( 00000004 )
    -------------------------------------------------------------------------
NEAR_Z
  Relative segment, address: DATA 0000010A - 00000114 (0xb bytes), align: 0
  Segment part 12.            Intra module refs:   printLong
           ENTRY                   ADDRESS         REF BY
           =====                   =======         ======
           buffer                  0000010A 
    -------------------------------------------------------------------------
CODE
  Relative segment, address: CODE 00000374 - 00000461 (0xee bytes), align: 1
  Segment part 19.            Intra module refs:   PRINTF
                                                   printFloat
           ENTRY                   ADDRESS         REF BY
           =====                   =======         ======
           printLong               00000374 
               calls direct
               CSTACK = 00000000 ( 0000000A )
               RSTACK = 00000000 ( 00000004 )
    -------------------------------------------------------------------------
CODE
  Relative segment, address: CODE 00000462 - 0000047B (0x1a bytes), align: 1
  Segment part 20.            Intra module refs:   PRINTF
           ENTRY                   ADDRESS         REF BY
           =====                   =======         ======
           printString             00000462 
               calls direct
               CSTACK = 00000000 ( 00000002 )
               RSTACK = 00000000 ( 00000002 )
    -------------------------------------------------------------------------
CODE
  Relative segment, address: CODE 0000047C - 00000519 (0x9e bytes), align: 1
  Segment part 21.            Intra module refs:   PRINTF
           ENTRY                   ADDRESS         REF BY
           =====                   =======         ======
           printFloat              0000047C 
               calls direct
               CSTACK = 00000000 ( 0000000D )
               RSTACK = 00000000 ( 00000004 )
    -------------------------------------------------------------------------
CODE
  Relative segment, address: CODE 0000051A - 000005F3 (0xda bytes), align: 1
  Segment part 22.            Intra module refs:   PRINTF
           ENTRY                   ADDRESS         REF BY
           =====                   =======         ======
           printUnsignedInt        0000051A 
               calls direct
               CSTACK = 00000000 ( 0000000E )
               RSTACK = 00000000 ( 00000004 )
    -------------------------------------------------------------------------
CODE
  Relative segment, address: CODE 000005F4 - 0000064F (0x5c bytes), align: 1
  Segment part 23.
           ENTRY                   ADDRESS         REF BY
           =====                   =======         ======
           PRINTF                  000005F4        main (main)
               calls direct
               CSTACK = 00000000 ( 00000004 )
               RSTACK = 00000000 ( 00000002 )
    -------------------------------------------------------------------------
ABSOLUTE
  Segment part 6. TENTATIVE. Used definition from main
           ENTRY                   ADDRESS         REF BY
           =====                   =======         ======
           __?EECR                 
    -------------------------------------------------------------------------
ABSOLUTE
  Segment part 7. TENTATIVE. Used definition from main
           ENTRY                   ADDRESS         REF BY
           =====                   =======         ======
           __?EEDR                 
    -------------------------------------------------------------------------
ABSOLUTE
  Segment part 8. TENTATIVE. Used definition from main
           ENTRY                   ADDRESS         REF BY
           =====                   =======         ======
           __?EEARL                
    -------------------------------------------------------------------------
ABSOLUTE
  Segment part 9. TENTATIVE. Used definition from main
           ENTRY                   ADDRESS         REF BY
           =====                   =======         ======
           __?EEARH                
    -------------------------------------------------------------------------
CSTACK
  Segment part 10. NOT NEEDED.
    -------------------------------------------------------------------------
RSTACK
  Segment part 11. NOT NEEDED.
    -------------------------------------------------------------------------
INITTAB
  Segment part 13. TENTATIVE. Used definition from main
           ENTRY                   ADDRESS         REF BY
           =====                   =======         ======
           ?<Segment init: NEAR_Z>
                                   

    *************************************************************************

  FILE NAME : C:\Program Files (x86)\IAR Systems\Embedded Workbench 6.0\avr\LIB\CLIB\cl3s-ec_mul-sf.r90
  LIBRARY MODULE, NAME : ?__exit

  SEGMENTS IN THE MODULE
  ======================
CODE
  Relative segment, address: CODE 00000650 - 00000655 (0x6 bytes), align: 1
  Segment part 0.
           ENTRY                   ADDRESS         REF BY
           =====                   =======         ======
           __exit                  00000652 
           ?C_EXIT                 00000652 
           ?C_FUNCALL              00000650 
           _exit                   00000650        ?cstartup_call_main (?C_STARTUP)
           exit                    00000650        ?cstartup_call_main (?C_STARTUP)

    -------------------------------------------------------------------------
  LIBRARY MODULE, NAME : ?RESET

  SEGMENTS IN THE MODULE
  ======================
INTVEC
  Common segment, address: CODE 00000000 - 00000003 (0x4 bytes), align: 1
  Segment part 0. ROOT.
           ENTRY                   ADDRESS         REF BY
           =====                   =======         ======
           __program_start         00000000        Absolute parts (?ABS_ENTRY_MOD)
           ?RESET                  00000000        Segment part 2 (?C_STARTUP)

    -------------------------------------------------------------------------
  LIBRARY MODULE, NAME : ?C_STARTUP

  SEGMENTS IN THE MODULE
  ======================
CSTACK
  Segment part 0. NOT NEEDED.
    -------------------------------------------------------------------------
RSTACK
  Segment part 1. NOT NEEDED.
    -------------------------------------------------------------------------
CODE
  Relative segment, address: CODE 00000656, align: 1
  Segment part 2.
           ENTRY                   ADDRESS         REF BY
           =====                   =======         ======
           ?C_STARTUP              00000656        Segment part 0 (?RESET)
           __RESTART               00000656 
    -------------------------------------------------------------------------
CODE
  Segment part 3. NOT NEEDED.
           ENTRY                   ADDRESS         REF BY
           =====                   =======         ======
           __RSTACK_in_external_ram
                                   
    -------------------------------------------------------------------------
CODE
  Segment part 4. NOT NEEDED.
           ENTRY                   ADDRESS         REF BY
           =====                   =======         ======
           __RSTACK_in_external_ram_new_way
                                   
    -------------------------------------------------------------------------
CODE
  Relative segment, address: CODE 00000656 - 00000661 (0xc bytes), align: 1
  Segment part 5.             Intra module refs:   Segment part 2
    -------------------------------------------------------------------------
CODE
  Segment part 6. NOT NEEDED.
           ENTRY                   ADDRESS         REF BY
           =====                   =======         ======
           ?zero_reg_initialization
                                   
    -------------------------------------------------------------------------
CODE
  Relative segment, address: CODE 00000662 - 00000665 (0x4 bytes), align: 1
  Segment part 7.             Intra module refs:   Segment part 5
           ENTRY                   ADDRESS         REF BY
           =====                   =======         ======
           ?call_low_level_init    00000662 
    -------------------------------------------------------------------------
CODE
  Relative segment, address: CODE 00000666 - 0000066D (0x8 bytes), align: 1
  Segment part 8.
           ENTRY                   ADDRESS         REF BY
           =====                   =======         ======
           ?need_segment_init      00000666        ?<Segment init: NEAR_Z> (main)
    -------------------------------------------------------------------------
CODE
  Relative segment, address: CODE 0000066E - 00000679 (0xc bytes), align: 1
  Segment part 9.             Intra module refs:   ?call_low_level_init
           ENTRY                   ADDRESS         REF BY
           =====                   =======         ======
           ?cstartup_call_main     0000066E 

    -------------------------------------------------------------------------
  LIBRARY MODULE, NAME : ?S_SHL_L02

  SEGMENTS IN THE MODULE
  ======================
CODE
  Relative segment, address: CODE 0000067A - 00000685 (0xc bytes), align: 1
  Segment part 0.
           ENTRY                   ADDRESS         REF BY
           =====                   =======         ======
           ?S_SHL_L02              0000067A        printHex (usart)

    -------------------------------------------------------------------------
  LIBRARY MODULE, NAME : ?L_EC_MUL_L03

  SEGMENTS IN THE MODULE
  ======================
CODE
  Relative segment, address: CODE 00000686 - 000006C5 (0x40 bytes), align: 1
  Segment part 0.
           ENTRY                   ADDRESS         REF BY
           =====                   =======         ======
           ?L_EC_MUL_L03           00000686        main (main)
                                                   printInt (usart)
                                                   printLong (usart)
                                                   printUnsignedInt (usart)

    -------------------------------------------------------------------------
  LIBRARY MODULE, NAME : ?UL_SHR_L03

  SEGMENTS IN THE MODULE
  ======================
CODE
  Relative segment, address: CODE 000006C6 - 000006D5 (0x10 bytes), align: 1
  Segment part 0.
           ENTRY                   ADDRESS         REF BY
           =====                   =======         ======
           ?UL_SHR_L03             000006C6        Segment part 9 (?FLOATS_L04)

    -------------------------------------------------------------------------
  LIBRARY MODULE, NAME : ?UL_DIVMOD_L03

  SEGMENTS IN THE MODULE
  ======================
CODE
  Relative segment, address: CODE 000006D6 - 0000071B (0x46 bytes), align: 1
  Segment part 0.
           ENTRY                   ADDRESS         REF BY
           =====                   =======         ======
           ?UL_DIVMOD_L03          000006D6        ?SL_DIVMOD_L03 (?SL_DIVMOD_L03)

    -------------------------------------------------------------------------
  LIBRARY MODULE, NAME : ?SL_DIVMOD_L03

  SEGMENTS IN THE MODULE
  ======================
CODE
  Relative segment, address: CODE 0000071C - 0000073F (0x24 bytes), align: 1
  Segment part 0.
           ENTRY                   ADDRESS         REF BY
           =====                   =======         ======
           ?SL_DIVMOD_L03          0000071C        printFloat (usart)
                                                   printInt (usart)
                                                   printLong (usart)
                                                   printUnsignedInt (usart)
    -------------------------------------------------------------------------
CODE
  Relative segment, address: CODE 00000740 - 0000074F (0x10 bytes), align: 1
  Segment part 1.             Intra module refs:   ?SL_DIVMOD_L03
           ENTRY                   ADDRESS         REF BY
           =====                   =======         ======
           ?L_NEG_L03              00000740        ?SL2F_L04 (?FLOATS_L04)
                                                   Segment part 9 (?FLOATS_L04)
    -------------------------------------------------------------------------
CODE
  Relative segment, address: CODE 00000750 - 0000075F (0x10 bytes), align: 1
  Segment part 2.             Intra module refs:   ?SL_DIVMOD_L03
           ENTRY                   ADDRESS         REF BY
           =====                   =======         ======
           ?L_NEG_Q_L03            00000750 

    -------------------------------------------------------------------------
  LIBRARY MODULE, NAME : ?FLOATS_L04

  SEGMENTS IN THE MODULE
  ======================
CODE
  Relative segment, address: CODE 00000760 - 00000789 (0x2a bytes), align: 1
  Segment part 0.             Intra module refs:   ?F2SL_L04
                                                   ?F_ADD_L04
                                                   ?F_DIV_L04
                                                   ?F_MUL_L04
    -------------------------------------------------------------------------
CODE
  Relative segment, address: CODE 0000078A - 000007DD (0x54 bytes), align: 1
  Segment part 1.             Intra module refs:   ?F_ADD_L04
                                                   ?F_DIV_L04
                                                   ?F_MUL_L04
                                                   Segment part 5
           ENTRY                   ADDRESS         REF BY
           =====                   =======         ======
           ?F_ROUND_L04            000007AA 
    -------------------------------------------------------------------------
CODE
  Segment part 2. NOT NEEDED.
    -------------------------------------------------------------------------
CODE
  Relative segment, address: CODE 000007DE - 000007DF (0x2 bytes), align: 1
  Segment part 3.             Intra module refs:   ?F_ROUND_L04
    -------------------------------------------------------------------------
CODE
  Relative segment, address: CODE 000007E0 - 000007E9 (0xa bytes), align: 1
  Segment part 4.
           ENTRY                   ADDRESS         REF BY
           =====                   =======         ======
           ?SL2F_L04               000007E0        printFloat (usart)
    -------------------------------------------------------------------------
CODE
  Relative segment, address: CODE 000007EA - 000007F5 (0xc bytes), align: 1
  Segment part 5.             Intra module refs:   ?SL2F_L04
                                                   ?UL2F_L04
    -------------------------------------------------------------------------
CODE
  Relative segment, address: CODE 000007F6 - 000007F9 (0x4 bytes), align: 1
  Segment part 6.
           ENTRY                   ADDRESS         REF BY
           =====                   =======         ======
           ?UL2F_L04               000007F6        main (main)
    -------------------------------------------------------------------------
CODE
  Segment part 7. NOT NEEDED.
           ENTRY                   ADDRESS         REF BY
           =====                   =======         ======
           ?F2UL_L04               
    -------------------------------------------------------------------------
CODE
  Relative segment, address: CODE 000007FA - 0000080B (0x12 bytes), align: 1
  Segment part 8.
           ENTRY                   ADDRESS         REF BY
           =====                   =======         ======
           ?F2SL_L04               000007FA        printFloat (usart)
    -------------------------------------------------------------------------
CODE
  Relative segment, address: CODE 0000080C - 0000082F (0x24 bytes), align: 1
  Segment part 9.             Intra module refs:   ?F2SL_L04
    -------------------------------------------------------------------------
CODE
  Relative segment, address: CODE 00000830 - 0000085D (0x2e bytes), align: 1
  Segment part 10.            Intra module refs:   ?F_ADD_L04
                                                   ?F_CMP_GE_L04
                                                   ?F_CMP_LT_L04
                                                   ?F_DIV_L04
                                                   ?F_MUL_L04
                                                   Segment part 11
           ENTRY                   ADDRESS         REF BY
           =====                   =======         ======
           ?TEST_P_L04             00000830 
    -------------------------------------------------------------------------
CODE
  Relative segment, address: CODE 0000085E - 0000087D (0x20 bytes), align: 1
  Segment part 11.            Intra module refs:   ?F_ADD_L04
                                                   ?F_CMP_GE_L04
                                                   ?F_CMP_LT_L04
                                                   ?F_DIV_L04
                                                   ?F_MUL_L04
                                                   Segment part 17
                                                   Segment part 22
    -------------------------------------------------------------------------
CODE
  Relative segment, address: CODE 0000087E - 00000925 (0xa8 bytes), align: 1
  Segment part 12.            Intra module refs:   ?F_SUB_L04
                                                   Segment part 17
           ENTRY                   ADDRESS         REF BY
           =====                   =======         ======
           ?F_ADD_L04              0000089E 
    -------------------------------------------------------------------------
CODE
  Relative segment, address: CODE 00000926 - 0000092B (0x6 bytes), align: 1
  Segment part 13.
           ENTRY                   ADDRESS         REF BY
           =====                   =======         ======
           ?F_SUB_L04              00000926        printFloat (usart)
    -------------------------------------------------------------------------
CODE
  Relative segment, address: CODE 0000092C - 00000937 (0xc bytes), align: 1
  Segment part 14.            Intra module refs:   ?F2SL_L04
                                                   ?F_DIV_L04
                                                   ?F_INFINITE_L04
                                                   ?F_MUL_L04
                                                   ?F_NAN_L04
                                                   Segment part 9
           ENTRY                   ADDRESS         REF BY
           =====                   =======         ======
           ?F_ZERO_L04             0000092C 
    -------------------------------------------------------------------------
CODE
  Relative segment, address: CODE 00000938 - 0000093F (0x8 bytes), align: 1
  Segment part 15.            Intra module refs:   ?F_DIV_L04
                                                   ?F_MUL_L04
                                                   Segment part 3
           ENTRY                   ADDRESS         REF BY
           =====                   =======         ======
           ?F_INFINITE_L04         00000938 
    -------------------------------------------------------------------------
CODE
  Relative segment, address: CODE 00000940 - 00000945 (0x6 bytes), align: 1
  Segment part 16.            Intra module refs:   ?F_ADD_L04
                                                   ?F_DIV_L04
                                                   ?F_MUL_L04
                                                   Segment part 17
           ENTRY                   ADDRESS         REF BY
           =====                   =======         ======
           ?F_NAN_L04              00000940 
    -------------------------------------------------------------------------
CODE
  Relative segment, address: CODE 00000946 - 0000095F (0x1a bytes), align: 1
  Segment part 17.            Intra module refs:   ?F_DIV_L04
                                                   ?F_MUL_L04
    -------------------------------------------------------------------------
CODE
  Relative segment, address: CODE 00000960 - 00000A35 (0xd6 bytes), align: 1
  Segment part 18.
           ENTRY                   ADDRESS         REF BY
           =====                   =======         ======
           ?F_MUL_L04              00000960        printFloat (usart)
    -------------------------------------------------------------------------
CODE
  Relative segment, address: CODE 00000A36 - 00000B45 (0x110 bytes), align: 1
  Segment part 19.
           ENTRY                   ADDRESS         REF BY
           =====                   =======         ======
           ?F_DIV_L04              00000A52        main (main)
    -------------------------------------------------------------------------
CODE
  Segment part 20. NOT NEEDED.
           ENTRY                   ADDRESS         REF BY
           =====                   =======         ======
           ?F_CMP_EQ_L04           
    -------------------------------------------------------------------------
CODE
  Relative segment, address: CODE 00000B46 - 00000B4D (0x8 bytes), align: 1
  Segment part 21.
           ENTRY                   ADDRESS         REF BY
           =====                   =======         ======
           ?F_CMP_LT_L04           00000B46        main (main)
                                                   printFloat (usart)
    -------------------------------------------------------------------------
CODE
  Relative segment, address: CODE 00000B4E - 00000B75 (0x28 bytes), align: 1
  Segment part 22.            Intra module refs:   ?F_CMP_GE_L04
                                                   ?F_CMP_LT_L04
    -------------------------------------------------------------------------
CODE
  Relative segment, address: CODE 00000B76 - 00000B85 (0x10 bytes), align: 1
  Segment part 23.
           ENTRY                   ADDRESS         REF BY
           =====                   =======         ======
           ?F_CMP_GE_L04           00000B76        main (main)

    -------------------------------------------------------------------------
  LIBRARY MODULE, NAME : ?PROLOGUE_L09

  SEGMENTS IN THE MODULE
  ======================
CODE
  Segment part 0. NOT NEEDED.
           ENTRY                   ADDRESS         REF BY
           =====                   =======         ======
           ?PROLOGUE16_L09         
    -------------------------------------------------------------------------
CODE
  Segment part 1. NOT NEEDED.
           ENTRY                   ADDRESS         REF BY
           =====                   =======         ======
           ?PROLOGUE15_L09         
    -------------------------------------------------------------------------
CODE
  Segment part 2. NOT NEEDED.
           ENTRY                   ADDRESS         REF BY
           =====                   =======         ======
           ?PROLOGUE14_L09         
    -------------------------------------------------------------------------
CODE
  Relative segment, address: CODE 00000B86 - 00000B87 (0x2 bytes), align: 1
  Segment part 3.
           ENTRY                   ADDRESS         REF BY
           =====                   =======         ======
           ?PROLOGUE13_L09         00000B86        printFloat (usart)
    -------------------------------------------------------------------------
CODE
  Relative segment, address: CODE 00000B88 - 00000B89 (0x2 bytes), align: 1
  Segment part 4.             Intra module refs:   ?PROLOGUE13_L09
           ENTRY                   ADDRESS         REF BY
           =====                   =======         ======
           ?PROLOGUE12_L09         00000B88 
    -------------------------------------------------------------------------
CODE
  Relative segment, address: CODE 00000B8A - 00000B8B (0x2 bytes), align: 1
  Segment part 5.             Intra module refs:   ?PROLOGUE12_L09
           ENTRY                   ADDRESS         REF BY
           =====                   =======         ======
           ?PROLOGUE11_L09         00000B8A 
    -------------------------------------------------------------------------
CODE
  Relative segment, address: CODE 00000B8C - 00000B8D (0x2 bytes), align: 1
  Segment part 6.             Intra module refs:   ?PROLOGUE11_L09
           ENTRY                   ADDRESS         REF BY
           =====                   =======         ======
           ?PROLOGUE10_L09         00000B8C        printLong (usart)
    -------------------------------------------------------------------------
CODE
  Relative segment, address: CODE 00000B8E - 00000B8F (0x2 bytes), align: 1
  Segment part 7.             Intra module refs:   ?PROLOGUE10_L09
           ENTRY                   ADDRESS         REF BY
           =====                   =======         ======
           ?PROLOGUE9_L09          00000B8E 
    -------------------------------------------------------------------------
CODE
  Relative segment, address: CODE 00000B90 - 00000B91 (0x2 bytes), align: 1
  Segment part 8.             Intra module refs:   ?PROLOGUE9_L09
           ENTRY                   ADDRESS         REF BY
           =====                   =======         ======
           ?PROLOGUE8_L09          00000B90        printInt (usart)
                                                   printUnsignedInt (usart)
    -------------------------------------------------------------------------
CODE
  Relative segment, address: CODE 00000B92 - 00000B93 (0x2 bytes), align: 1
  Segment part 9.             Intra module refs:   ?PROLOGUE8_L09
           ENTRY                   ADDRESS         REF BY
           =====                   =======         ======
           ?PROLOGUE7_L09          00000B92 
    -------------------------------------------------------------------------
CODE
  Relative segment, address: CODE 00000B94 - 00000B95 (0x2 bytes), align: 1
  Segment part 10.            Intra module refs:   ?PROLOGUE7_L09
           ENTRY                   ADDRESS         REF BY
           =====                   =======         ======
           ?PROLOGUE6_L09          00000B94 
    -------------------------------------------------------------------------
CODE
  Relative segment, address: CODE 00000B96 - 00000B97 (0x2 bytes), align: 1
  Segment part 11.            Intra module refs:   ?PROLOGUE6_L09
           ENTRY                   ADDRESS         REF BY
           =====                   =======         ======
           ?PROLOGUE5_L09          00000B96 
    -------------------------------------------------------------------------
CODE
  Relative segment, address: CODE 00000B98 - 00000B99 (0x2 bytes), align: 1
  Segment part 12.            Intra module refs:   ?PROLOGUE5_L09
           ENTRY                   ADDRESS         REF BY
           =====                   =======         ======
           ?PROLOGUE4_L09          00000B98        PRINTF (usart)
                                                   printHex (usart)
    -------------------------------------------------------------------------
CODE
  Relative segment, address: CODE 00000B9A - 00000B9B (0x2 bytes), align: 1
  Segment part 13.            Intra module refs:   ?PROLOGUE4_L09
           ENTRY                   ADDRESS         REF BY
           =====                   =======         ======
           ?PROLOGUE3_L09          00000B9A 
    -------------------------------------------------------------------------
CODE
  Relative segment, address: CODE 00000B9C - 00000B9D (0x2 bytes), align: 1
  Segment part 14.            Intra module refs:   ?PROLOGUE3_L09
           ENTRY                   ADDRESS         REF BY
           =====                   =======         ======
           ?PROLOGUE2_L09          00000B9C 
    -------------------------------------------------------------------------
CODE
  Relative segment, address: CODE 00000B9E - 00000B9F (0x2 bytes), align: 1
  Segment part 15.            Intra module refs:   ?PROLOGUE2_L09
           ENTRY                   ADDRESS         REF BY
           =====                   =======         ======
           ?PROLOGUE1_L09          00000B9E 
    -------------------------------------------------------------------------
CODE
  Relative segment, address: CODE 00000BA0 - 00000BA1 (0x2 bytes), align: 1
  Segment part 16.            Intra module refs:   ?PROLOGUE1_L09

    -------------------------------------------------------------------------
  LIBRARY MODULE, NAME : ?EPILOGUE_B_L09

  SEGMENTS IN THE MODULE
  ======================
CODE
  Segment part 0. NOT NEEDED.
           ENTRY                   ADDRESS         REF BY
           =====                   =======         ======
           ?EPILOGUE_B16_L09       
    -------------------------------------------------------------------------
CODE
  Segment part 1. NOT NEEDED.
           ENTRY                   ADDRESS         REF BY
           =====                   =======         ======
           ?EPILOGUE_B15_L09       
    -------------------------------------------------------------------------
CODE
  Segment part 2. NOT NEEDED.
           ENTRY                   ADDRESS         REF BY
           =====                   =======         ======
           ?EPILOGUE_B14_L09       
    -------------------------------------------------------------------------
CODE
  Relative segment, address: CODE 00000BA2 - 00000BA3 (0x2 bytes), align: 1
  Segment part 3.
           ENTRY                   ADDRESS         REF BY
           =====                   =======         ======
           ?EPILOGUE_B13_L09       00000BA2        printFloat (usart)
    -------------------------------------------------------------------------
CODE
  Relative segment, address: CODE 00000BA4 - 00000BA5 (0x2 bytes), align: 1
  Segment part 4.             Intra module refs:   ?EPILOGUE_B13_L09
           ENTRY                   ADDRESS         REF BY
           =====                   =======         ======
           ?EPILOGUE_B12_L09       00000BA4 
    -------------------------------------------------------------------------
CODE
  Relative segment, address: CODE 00000BA6 - 00000BA7 (0x2 bytes), align: 1
  Segment part 5.             Intra module refs:   ?EPILOGUE_B12_L09
           ENTRY                   ADDRESS         REF BY
           =====                   =======         ======
           ?EPILOGUE_B11_L09       00000BA6 
    -------------------------------------------------------------------------
CODE
  Relative segment, address: CODE 00000BA8 - 00000BA9 (0x2 bytes), align: 1
  Segment part 6.             Intra module refs:   ?EPILOGUE_B11_L09
           ENTRY                   ADDRESS         REF BY
           =====                   =======         ======
           ?EPILOGUE_B10_L09       00000BA8        printLong (usart)
    -------------------------------------------------------------------------
CODE
  Relative segment, address: CODE 00000BAA - 00000BAB (0x2 bytes), align: 1
  Segment part 7.             Intra module refs:   ?EPILOGUE_B10_L09
           ENTRY                   ADDRESS         REF BY
           =====                   =======         ======
           ?EPILOGUE_B9_L09        00000BAA 
    -------------------------------------------------------------------------
CODE
  Relative segment, address: CODE 00000BAC - 00000BAD (0x2 bytes), align: 1
  Segment part 8.             Intra module refs:   ?EPILOGUE_B9_L09
           ENTRY                   ADDRESS         REF BY
           =====                   =======         ======
           ?EPILOGUE_B8_L09        00000BAC        printInt (usart)
                                                   printUnsignedInt (usart)
    -------------------------------------------------------------------------
CODE
  Relative segment, address: CODE 00000BAE - 00000BAF (0x2 bytes), align: 1
  Segment part 9.             Intra module refs:   ?EPILOGUE_B8_L09
           ENTRY                   ADDRESS         REF BY
           =====                   =======         ======
           ?EPILOGUE_B7_L09        00000BAE 
    -------------------------------------------------------------------------
CODE
  Relative segment, address: CODE 00000BB0 - 00000BB1 (0x2 bytes), align: 1
  Segment part 10.            Intra module refs:   ?EPILOGUE_B7_L09
           ENTRY                   ADDRESS         REF BY
           =====                   =======         ======
           ?EPILOGUE_B6_L09        00000BB0 
    -------------------------------------------------------------------------
CODE
  Relative segment, address: CODE 00000BB2 - 00000BB3 (0x2 bytes), align: 1
  Segment part 11.            Intra module refs:   ?EPILOGUE_B6_L09
           ENTRY                   ADDRESS         REF BY
           =====                   =======         ======
           ?EPILOGUE_B5_L09        00000BB2 
    -------------------------------------------------------------------------
CODE
  Relative segment, address: CODE 00000BB4 - 00000BB5 (0x2 bytes), align: 1
  Segment part 12.            Intra module refs:   ?EPILOGUE_B5_L09
           ENTRY                   ADDRESS         REF BY
           =====                   =======         ======
           ?EPILOGUE_B4_L09        00000BB4        PRINTF (usart)
                                                   printHex (usart)
    -------------------------------------------------------------------------
CODE
  Relative segment, address: CODE 00000BB6 - 00000BB7 (0x2 bytes), align: 1
  Segment part 13.            Intra module refs:   ?EPILOGUE_B4_L09
           ENTRY                   ADDRESS         REF BY
           =====                   =======         ======
           ?EPILOGUE_B3_L09        00000BB6 
    -------------------------------------------------------------------------
CODE
  Relative segment, address: CODE 00000BB8 - 00000BB9 (0x2 bytes), align: 1
  Segment part 14.            Intra module refs:   ?EPILOGUE_B3_L09
           ENTRY                   ADDRESS         REF BY
           =====                   =======         ======
           ?EPILOGUE_B2_L09        00000BB8 
    -------------------------------------------------------------------------
CODE
  Relative segment, address: CODE 00000BBA - 00000BBB (0x2 bytes), align: 1
  Segment part 15.            Intra module refs:   ?EPILOGUE_B2_L09
           ENTRY                   ADDRESS         REF BY
           =====                   =======         ======
           ?EPILOGUE_B1_L09        00000BBA 
    -------------------------------------------------------------------------
CODE
  Relative segment, address: CODE 00000BBC - 00000BC5 (0xa bytes), align: 1
  Segment part 16.            Intra module refs:   ?EPILOGUE_B1_L09
           ENTRY                   ADDRESS         REF BY
           =====                   =======         ======
           ?EPILOGUE_B0_L09        00000BBC 

    -------------------------------------------------------------------------
  LIBRARY MODULE, NAME : ?REGISTER_CGREGR4_L10

  SEGMENTS IN THE MODULE
  ======================
CODE
  Relative segment, address: CODE 00000BC6, align: 1
  Segment part 0.
           ENTRY                   ADDRESS         REF BY
           =====                   =======         ======
           ?Register_R4_is_cg_reg
                                   00000BC6        printFloat (usart)
                                                   printInt (usart)
                                                   printLong (usart)
                                                   printUnsignedInt (usart)

    -------------------------------------------------------------------------
  LIBRARY MODULE, NAME : ?REGISTER_CGREGR5_L10

  SEGMENTS IN THE MODULE
  ======================
CODE
  Relative segment, address: CODE 00000BC6, align: 1
  Segment part 0.
           ENTRY                   ADDRESS         REF BY
           =====                   =======         ======
           ?Register_R5_is_cg_reg
                                   00000BC6        printFloat (usart)
                                                   printInt (usart)
                                                   printLong (usart)
                                                   printUnsignedInt (usart)

    -------------------------------------------------------------------------
  LIBRARY MODULE, NAME : ?REGISTER_CGREGR6_L10

  SEGMENTS IN THE MODULE
  ======================
CODE
  Relative segment, address: CODE 00000BC6, align: 1
  Segment part 0.
           ENTRY                   ADDRESS         REF BY
           =====                   =======         ======
           ?Register_R6_is_cg_reg
                                   00000BC6        printFloat (usart)
                                                   printInt (usart)
                                                   printLong (usart)
                                                   printUnsignedInt (usart)

    -------------------------------------------------------------------------
  LIBRARY MODULE, NAME : ?REGISTER_CGREGR7_L10

  SEGMENTS IN THE MODULE
  ======================
CODE
  Relative segment, address: CODE 00000BC6, align: 1
  Segment part 0.
           ENTRY                   ADDRESS         REF BY
           =====                   =======         ======
           ?Register_R7_is_cg_reg
                                   00000BC6        printFloat (usart)
                                                   printInt (usart)
                                                   printLong (usart)
                                                   printUnsignedInt (usart)

    -------------------------------------------------------------------------
  LIBRARY MODULE, NAME : ?REGISTER_CGREGR8_L10

  SEGMENTS IN THE MODULE
  ======================
CODE
  Relative segment, address: CODE 00000BC6, align: 1
  Segment part 0.
           ENTRY                   ADDRESS         REF BY
           =====                   =======         ======
           ?Register_R8_is_cg_reg
                                   00000BC6        printFloat (usart)
                                                   printLong (usart)

    -------------------------------------------------------------------------
  LIBRARY MODULE, NAME : ?REGISTER_CGREGR9_L10

  SEGMENTS IN THE MODULE
  ======================
CODE
  Relative segment, address: CODE 00000BC6, align: 1
  Segment part 0.
           ENTRY                   ADDRESS         REF BY
           =====                   =======         ======
           ?Register_R9_is_cg_reg
                                   00000BC6        printFloat (usart)
                                                   printLong (usart)

    -------------------------------------------------------------------------
  LIBRARY MODULE, NAME : ?REGISTER_CGREGR10_L10

  SEGMENTS IN THE MODULE
  ======================
CODE
  Relative segment, address: CODE 00000BC6, align: 1
  Segment part 0.
           ENTRY                   ADDRESS         REF BY
           =====                   =======         ======
           ?Register_R10_is_cg_reg
                                   00000BC6        printFloat (usart)

    -------------------------------------------------------------------------
  LIBRARY MODULE, NAME : ?REGISTER_CGREGR11_L10

  SEGMENTS IN THE MODULE
  ======================
CODE
  Relative segment, address: CODE 00000BC6, align: 1
  Segment part 0.
           ENTRY                   ADDRESS         REF BY
           =====                   =======         ======
           ?Register_R11_is_cg_reg
                                   00000BC6        printFloat (usart)

    -------------------------------------------------------------------------
  LIBRARY MODULE, NAME : ?REGISTER_CGREGR12_L10

  SEGMENTS IN THE MODULE
  ======================
CODE
  Relative segment, address: CODE 00000BC6, align: 1
  Segment part 0.
           ENTRY                   ADDRESS         REF BY
           =====                   =======         ======
           ?Register_R12_is_cg_reg
                                   00000BC6        printFloat (usart)

    -------------------------------------------------------------------------
  LIBRARY MODULE, NAME : ?low_level_init

  SEGMENTS IN THE MODULE
  ======================
CODE
  Relative segment, address: CODE 00000BC6 - 00000BC9 (0x4 bytes), align: 1
  Segment part 3.
           ENTRY                   ADDRESS         REF BY
           =====                   =======         ======
           __low_level_init        00000BC6        ?call_low_level_init (?C_STARTUP)
               RSTACK = 00000000 ( 00000002 )
    -------------------------------------------------------------------------
CSTACK
  Segment part 1. NOT NEEDED.
    -------------------------------------------------------------------------
RSTACK
  Segment part 2. NOT NEEDED.

    -------------------------------------------------------------------------
  LIBRARY MODULE, NAME : ?segment_init

  SEGMENTS IN THE MODULE
  ======================
CODE
  Relative segment, address: CODE 00000BCA - 00000BD1 (0x8 bytes), align: 1
  Segment part 3.             Intra module refs:   __segment_init
           LOCAL                   ADDRESS         
           =====                   =======         
           __memclr                00000BCA 
               RSTACK = 00000000 ( 00000002 )
    -------------------------------------------------------------------------
CODE
  Relative segment, address: CODE 00000BD2 - 00000BD9 (0x8 bytes), align: 1
  Segment part 4.             Intra module refs:   __segment_init
           LOCAL                   ADDRESS         
           =====                   =======         
           __flashcpy              00000BD2 
               RSTACK = 00000000 ( 00000002 )
    -------------------------------------------------------------------------
CODE
  Relative segment, address: CODE 00000BDA - 00000BE5 (0xc bytes), align: 1
  Segment part 5.             Intra module refs:   __flashcpy
                                                   __memclr
    -------------------------------------------------------------------------
CODE
  Relative segment, address: CODE 00000BE6 - 00000C19 (0x34 bytes), align: 1
  Segment part 6.
           ENTRY                   ADDRESS         REF BY
           =====                   =======         ======
           __segment_init          00000BE6        ?need_segment_init (?C_STARTUP)
               calls direct
               RSTACK = 00000000 ( 00000002 )
    -------------------------------------------------------------------------
CSTACK
  Segment part 1. NOT NEEDED.
    -------------------------------------------------------------------------
RSTACK
  Segment part 2. NOT NEEDED.
    -------------------------------------------------------------------------
INITTAB
  Segment part 7. NOT NEEDED.

    *************************************************************************

  DEFINED ABSOLUTE ENTRIES
  PROGRAM MODULE, NAME : ?FILLER_BYTES

  SEGMENTS IN THE MODULE
  ======================
INTVEC
  Common segment, address: CODE 00000000 - 0000003B (0x3c bytes), align: 0
  Segment part 1.
    -------------------------------------------------------------------------
?FILL1
  Relative segment, address: CODE 0000003C - 00000053 (0x18 bytes), align: 0
  Segment part 0.




                ****************************************
                *                                      *
                *            MODULE SUMMARY            *
                *                                      *
                ****************************************

Module               CODE      DATA
------               ----      ----
                    (Rel)  (Rel)  (Abs)
?C_STARTUP             36
?EPILOGUE_B_L09        36
?FILLER_BYTES          24
  + common             60
?FLOATS_L04         1 062
?L_EC_MUL_L03          64
?PROLOGUE_L09          28
?RESET
  + common              4
?SL_DIVMOD_L03         68
?S_SHL_L02             12
?UL_DIVMOD_L03         70
?UL_SHR_L03            16
?__exit                 6
?low_level_init         4
?segment_init          80
main                  250     11      5
  + shared              6
  + common             60
usart               1 282     11      5
N/A (command line)           159
N/A (alignment)
----------          -----    ---     --
Total:              3 044    181     10
  + common             60


                ****************************************
                *                                      *
                *              CALL GRAPH              *
                *                                      *
                ****************************************

  ->Sub-tree of type: Interrupt function tree that does not make
                    : indirect calls
                             CSTACK   RSTACK
    | Stack used (prev) :  00000000 00000000
  01  OnADC
      | Stack used (prev) :  00000000 00000000
      | + function block  :  00000002 00000002
  <-Sub-tree of type: Interrupt function tree that does not make
                    : indirect calls
    | Stack used          :  00000002 00000002


  ->Sub-tree of type: Function tree
                             CSTACK   RSTACK
    | Stack used (prev) :  00000002 00000002
  04        USART_Transmit
            | Stack used (prev) :  00000002 00000002
            | + function block  :  00000000 00000002
  03      printUnsignedInt
          | Stack used (prev) :  00000002 00000002
          | + function block  :  0000000E 00000004
  05          USART_Transmit
              | Stack used (prev) :  00000002 00000002
              | + function block  :  00000000 00000002
              |  Already listed
  04        printLong
            | Stack used (prev) :  00000002 00000002
            | + function block  :  0000000A 00000004
  04        USART_Transmit
            | Stack used (prev) :  00000002 00000002
            | + function block  :  00000000 00000002
            |  Already listed
  04        USART_Transmit
            | Stack used (prev) :  00000002 00000002
            | + function block  :  00000000 00000002
            |  Already listed
  03      printFloat
          | Stack used (prev) :  0000000C 00000006
          | + function block  :  0000000D 00000002
  04        USART_Transmit
            | Stack used (prev) :  00000002 00000002
            | + function block  :  00000000 00000002
            |  Already listed
  03      printString
          | Stack used (prev) :  00000002 00000004
          | + function block  :  00000002 00000002
  03      printLong
          | Stack used (prev) :  00000002 00000002
          | + function block  :  0000000A 00000004
          |  Already listed
  04        USART_Transmit
            | Stack used (prev) :  00000002 00000002
            | + function block  :  00000000 00000002
            |  Already listed
  03      printInt
          | Stack used (prev) :  00000002 00000002
          | + function block  :  0000000F 00000004
  04        USART_Transmit
            | Stack used (prev) :  00000002 00000002
            | + function block  :  00000000 00000002
            |  Already listed
  04        USART_Transmit
            | Stack used (prev) :  00000002 00000002
            | + function block  :  00000000 00000002
            |  Already listed
  04        USART_Transmit
            | Stack used (prev) :  00000002 00000002
            | + function block  :  00000000 00000002
            |  Already listed
  04        USART_Transmit
            | Stack used (prev) :  00000002 00000002
            | + function block  :  00000000 00000002
            |  Already listed
  04        USART_Transmit
            | Stack used (prev) :  00000002 00000002
            | + function block  :  00000000 00000002
            |  Already listed
  04        USART_Transmit
            | Stack used (prev) :  00000002 00000002
            | + function block  :  00000000 00000002
            |  Already listed
  03      printHex
          | Stack used (prev) :  00000002 00000002
          | + function block  :  00000009 00000004
  02    PRINTF
        | Stack used (prev) :  00000019 00000008
        | + function block  :  00000004 00000002
  02    USART_Init
        | Stack used (prev) :  00000002 00000002
        | + function block  :  00000000 00000002
  02    USART_Transmit
        | Stack used (prev) :  00000002 00000002
        | + function block  :  00000000 00000002
        |  Already listed
  01  main
      | Stack used (prev) :  0000001D 0000000A
      | + function block  :  00000000 00000002
  <-Sub-tree of type: Function tree
    | Stack used          :  0000001D 0000000C


  ->Sub-tree of type: Function tree
                             CSTACK   RSTACK
    | Stack used (prev) :  0000001D 0000000C
  01  __low_level_init
      | Stack used (prev) :  0000001D 0000000C
      | + function block  :  00000000 00000002
  <-Sub-tree of type: Function tree
    | Stack used          :  0000001D 0000000E


  ->Sub-tree of type: Function tree
                             CSTACK   RSTACK
    | Stack used (prev) :  0000001D 0000000E
  02    __flashcpy
        | Stack used (prev) :  0000001D 0000000E
        | + function block  :  00000000 00000002
  02    __memclr
        | Stack used (prev) :  0000001D 0000000E
        | + function block  :  00000000 00000002
  01  __segment_init
      | Stack used (prev) :  0000001D 00000010
      | + function block  :  00000000 00000002
  <-Sub-tree of type: Function tree
    | Stack used          :  0000001D 00000012




                ****************************************
                *                                      *
                *      SEGMENTS IN ADDRESS ORDER       *
                *                                      *
                ****************************************


SEGMENT              SPACE    START ADDRESS   END ADDRESS     SIZE  TYPE  ALIGN
=======              =====    =============   ===========     ====  ====  =====
INTVEC               CODE          00000000 - 0000003B          3C   com    1
?FILL1               CODE          0000003C - 00000053          18   rel    0
CODE                 CODE          00000054 - 00000C19         BC6   rel    1
INITTAB              CODE          00000C1A - 00000C1F           6   rel    0
ABSOLUTE             DATA               0000001C                     rel    0
                     DATA               0000001D                   
                     DATA               0000001E                   
                     DATA               0000001F                   
                     DATA          00000024 - 00000027           4 
                     DATA          00000029 - 0000002C           4 
                     DATA          0000003A - 0000003A           1 
                     DATA          00000040 - 00000040           1 
CSTACK               DATA          00000060 - 000000A4          45   dse    0
RSTACK               DATA          000000A5 - 000000FE          5A   dse    0
NEAR_I               DATA               000000FF                     dse    0
NEAR_Z               DATA          000000FF - 00000114          16   rel    0

                ****************************************
                *                                      *
                *        END OF CROSS REFERENCE        *
                *                                      *
                ****************************************

 3 080 bytes of CODE memory (+             24 range fill )
   181 bytes of DATA memory (+ 10 absolute )

Errors: none
Warnings: none

