###############################################################################
#                                                                             #
# IAR C/C++ Compiler V6.11.1.50453 for Atmel AVR        22/Dec/2015  18:41:57 #
# Copyright 1996-2011 IAR Systems AB.                                         #
#                                                                             #
#    Source file  =  D:\soc2015\1305B\LucruExtra\Measure_high_freq\timer1.c   #
#    Command line =  D:\soc2015\1305B\LucruExtra\Measure_high_freq\timer1.c   #
#                    --cpu=m16 -ms -o D:\soc2015\1305B\LucruExtra\Measure_hig #
#                    h_freq\Debug\Obj\ -lC D:\soc2015\1305B\LucruExtra\Measur #
#                    e_high_freq\Debug\List\ -lA                              #
#                    D:\soc2015\1305B\LucruExtra\Measure_high_freq\Debug\List #
#                    \ --initializers_in_flash --no_cse --no_inline           #
#                    --no_code_motion --no_cross_call --no_clustering         #
#                    --no_tbaa --debug -DENABLE_BIT_DEFINITIONS -e            #
#                    --eeprom_size 512 --clib -On                             #
#    List file    =  D:\soc2015\1305B\LucruExtra\Measure_high_freq\Debug\List #
#                    \timer1.lst                                              #
#    Object file  =  D:\soc2015\1305B\LucruExtra\Measure_high_freq\Debug\Obj\ #
#                    timer1.r90                                               #
#                                                                             #
#                                                                             #
###############################################################################

D:\soc2015\1305B\LucruExtra\Measure_high_freq\timer1.c
      1          #include"timer1.h"

   \                                 In  segment ABSOLUTE, at 0x59
   \   union <unnamed> volatile __io _A_TIMSK
   \                     _A_TIMSK:
   \   00000000                      DS8 1

   \                                 In  segment ABSOLUTE, at 0x4e
   \   union <unnamed> volatile __io _A_TCCR1B
   \                     _A_TCCR1B:
   \   00000000                      DS8 1

   \                                 In  segment ABSOLUTE, at 0x37
   \   union <unnamed> volatile __io _A_DDRB
   \                     _A_DDRB:
   \   00000000                      DS8 1
      2          

   \                                 In  segment NEAR_Z, align 1, keep-with-next
   \   00000000                      REQUIRE `?<Segment init: NEAR_Z>`
      3          unsigned int tim1_ovf;
   \                     tim1_ovf:
   \   00000000                      DS8 2

   \                                 In  segment NEAR_Z, align 1, keep-with-next
   \   00000000                      REQUIRE `?<Segment init: NEAR_Z>`
      4          unsigned int tim1_val;
   \                     tim1_val:
   \   00000000                      DS8 2
      5          

   \                                 In  segment CODE, align 2, keep-with-next
      6          void TIMER1_init()
   \                     TIMER1_init:
      7          {
      8            TCCR1B = (1 << CS12) | (1 << CS11) | (1 << CS10);
   \   00000000   E007               LDI     R16, 7
   \   00000002   BD0E               OUT     0x2E, R16
      9            TIMSK |= (1 << TOIE1);
   \   00000004   B709               IN      R16, 0x39
   \   00000006   6004               ORI     R16, 0x04
   \   00000008   BF09               OUT     0x39, R16
     10            DDRB = (0 << PB1);
   \   0000000A   E000               LDI     R16, 0
   \   0000000C   BB07               OUT     0x17, R16
     11          }
   \   0000000E   9508               RET
   \   00000010                      REQUIRE _A_TCCR1B
   \   00000010                      REQUIRE _A_TIMSK
   \   00000010                      REQUIRE _A_DDRB
     12          

   \                                 In  segment CODE, align 2, keep-with-next
     13          __interrupt void isr_TIMER1_OVF_vect()
   \                     isr_TIMER1_OVF_vect:
     14          {
   \   00000000   93FA               ST      -Y, R31
   \   00000002   93EA               ST      -Y, R30
   \   00000004   932A               ST      -Y, R18
   \   00000006   931A               ST      -Y, R17
   \   00000008   930A               ST      -Y, R16
   \   0000000A   B72F               IN      R18, 0x3F
     15            tim1_ovf++;
   \   0000000C   ....               LDI     R30, LOW(tim1_ovf)
   \   0000000E   ....               LDI     R31, (tim1_ovf) >> 8
   \   00000010   8100               LD      R16, Z
   \   00000012   8111               LDD     R17, Z+1
   \   00000014   5F0F               SUBI    R16, 255
   \   00000016   4F1F               SBCI    R17, 255
   \   00000018   8300               ST      Z, R16
   \   0000001A   8311               STD     Z+1, R17
     16          }
   \   0000001C   BF2F               OUT     0x3F, R18
   \   0000001E   9109               LD      R16, Y+
   \   00000020   9119               LD      R17, Y+
   \   00000022   9129               LD      R18, Y+
   \   00000024   91E9               LD      R30, Y+
   \   00000026   91F9               LD      R31, Y+
   \   00000028   9518               RETI

   \                                 In  segment INTVEC, offset 0x20, root
   \                     `??isr_TIMER1_OVF_vect??INTVEC 32`:
   \   00000020   ........           JMP     isr_TIMER1_OVF_vect

   Maximum stack usage in bytes:

   CSTACK RSTACK Function
   ------ ------ --------
       0      2  TIMER1_init
       5      2  isr_TIMER1_OVF_vect


   Segment part sizes:

   Bytes  Function/Label
   -----  --------------
       4  ??isr_TIMER1_OVF_vect??INTVEC 32
      16  TIMER1_init
       1  _A_DDRB
       1  _A_TCCR1B
       1  _A_TIMSK
      42  isr_TIMER1_OVF_vect
       2  tim1_ovf
       2  tim1_val
       6  -- Other

 
  3 bytes in segment ABSOLUTE
 58 bytes in segment CODE
  6 bytes in segment INITTAB
  4 bytes in segment INTVEC
  4 bytes in segment NEAR_Z
 
 58 bytes of CODE memory (+ 10 bytes shared)
  4 bytes of DATA memory (+  3 bytes shared)

Errors: none
Warnings: none
